-- The C compiler identification is GNU 11.4.0
-- The CXX compiler identification is GNU 11.4.0
-- Detecting C compiler ABI info
-- Detecting C compiler ABI info - done
-- Check for working C compiler: /usr/bin/cc - skipped
-- Detecting C compile features
-- Detecting C compile features - done
-- Detecting CXX compiler ABI info
-- Detecting CXX compiler ABI info - done
-- Check for working CXX compiler: /usr/bin/c++ - skipped
-- Detecting CXX compile features
-- Detecting CXX compile features - done
-- Found ament_cmake: 1.3.14 (/opt/ros/humble/share/ament_cmake/cmake)
-- Found Python3: /usr/bin/python3 (found version "3.10.12") found components: Interpreter 
-- Found geometry_msgs: 4.9.1 (/opt/ros/humble/share/geometry_msgs/cmake)
-- Found rosidl_generator_c: 3.1.8 (/opt/ros/humble/share/rosidl_generator_c/cmake)
-- Found rosidl_adapter: 3.1.8 (/opt/ros/humble/share/rosidl_adapter/cmake)
-- Found rosidl_generator_cpp: 3.1.8 (/opt/ros/humble/share/rosidl_generator_cpp/cmake)
-- Using all available rosidl_typesupport_c: rosidl_typesupport_fastrtps_c;rosidl_typesupport_introspection_c
-- Using all available rosidl_typesupport_cpp: rosidl_typesupport_fastrtps_cpp;rosidl_typesupport_introspection_cpp
-- Found rosbridge_server: 1.3.2 (/home/hello-robot/ament_ws/install/rosbridge_server/share/rosbridge_server/cmake)
-- Found rosidl_default_generators: 1.2.0 (/opt/ros/humble/share/rosidl_default_generators/cmake)
-- Found ament_cmake_ros: 0.10.0 (/opt/ros/humble/share/ament_cmake_ros/cmake)
-- Using all available rosidl_typesupport_c: rosidl_typesupport_fastrtps_c;rosidl_typesupport_introspection_c
-- Using all available rosidl_typesupport_cpp: rosidl_typesupport_fastrtps_cpp;rosidl_typesupport_introspection_cpp
-- Found PythonInterp: /usr/bin/python3 (found suitable version "3.10.12", minimum required is "3.6") 
-- Found python_cmake_module: 0.10.0 (/opt/ros/humble/share/python_cmake_module/cmake)
-- Found PythonLibs: /usr/lib/x86_64-linux-gnu/libpython3.10.so (found suitable version "3.10.12", minimum required is "3.5") 
-- Using PYTHON_EXECUTABLE: /usr/bin/python3
-- Using PYTHON_INCLUDE_DIRS: /usr/include/python3.10
-- Using PYTHON_LIBRARIES: /usr/lib/x86_64-linux-gnu/libpython3.10.so
-- Found PythonExtra: .so  
-- Configuring done (5.5s)
-- Generating done (0.1s)
-- Build files have been written to: /home/hello-robot/provail_ws/src/stretch_web_teleop_provail/build/stretch_web_teleop_provail
[  2%] [34m[1mGenerating C code for ROS interfaces[0m
[  5%] [34m[1mGenerating C++ code for ROS interfaces[0m
[  5%] Built target ament_cmake_python_copy_stretch_web_teleop_provail
[  5%] Built target ament_cmake_python_copy_stretch_web_teleop_provail_helpers
running egg_info
creating stretch_web_teleop_provail_helpers.egg-info
writing stretch_web_teleop_provail_helpers.egg-info/PKG-INFO
writing dependency_links to stretch_web_teleop_provail_helpers.egg-info/dependency_links.txt
writing top-level names to stretch_web_teleop_provail_helpers.egg-info/top_level.txt
running egg_info
writing manifest file 'stretch_web_teleop_provail_helpers.egg-info/SOURCES.txt'
creating stretch_web_teleop_provail.egg-info
writing stretch_web_teleop_provail.egg-info/PKG-INFO
writing dependency_links to stretch_web_teleop_provail.egg-info/dependency_links.txt
writing top-level names to stretch_web_teleop_provail.egg-info/top_level.txt
writing manifest file 'stretch_web_teleop_provail.egg-info/SOURCES.txt'
[  5%] Built target stretch_web_teleop_provail__cpp
[  7%] [34m[1mGenerating C++ type support dispatch for ROS interfaces[0m
[ 10%] [34m[1mGenerating C++ type support for eProsima Fast-RTPS[0m
[ 12%] [34m[1mGenerating C++ introspection for ROS interfaces[0m
[ 15%] [32mBuilding C object CMakeFiles/stretch_web_teleop_provail__rosidl_generator_c.dir/rosidl_generator_c/stretch_web_teleop_provail/action/detail/move_to_pregrasp__functions.c.o[0m
[ 17%] [32mBuilding C object CMakeFiles/stretch_web_teleop_provail__rosidl_generator_c.dir/rosidl_generator_c/stretch_web_teleop_provail/msg/detail/text_to_speech__functions.c.o[0m
[ 20%] [32m[1mLinking C shared library libstretch_web_teleop_provail__rosidl_generator_c.so[0m
[ 20%] Built target stretch_web_teleop_provail__rosidl_generator_c
[ 23%] [34m[1mGenerating C type support for eProsima Fast-RTPS[0m
[ 25%] [34m[1mGenerating C type support dispatch for ROS interfaces[0m
[ 28%] [34m[1mGenerating C introspection for ROS interfaces[0m
reading manifest file 'stretch_web_teleop_provail_helpers.egg-info/SOURCES.txt'
writing manifest file 'stretch_web_teleop_provail_helpers.egg-info/SOURCES.txt'
[ 28%] Built target ament_cmake_python_build_stretch_web_teleop_provail_helpers_egg
reading manifest file 'stretch_web_teleop_provail.egg-info/SOURCES.txt'
writing manifest file 'stretch_web_teleop_provail.egg-info/SOURCES.txt'
[ 28%] Built target ament_cmake_python_build_stretch_web_teleop_provail_egg
[ 30%] [32mBuilding CXX object CMakeFiles/stretch_web_teleop_provail__rosidl_typesupport_cpp.dir/rosidl_typesupport_cpp/stretch_web_teleop_provail/action/move_to_pregrasp__type_support.cpp.o[0m
[ 33%] [32mBuilding CXX object CMakeFiles/stretch_web_teleop_provail__rosidl_typesupport_cpp.dir/rosidl_typesupport_cpp/stretch_web_teleop_provail/msg/text_to_speech__type_support.cpp.o[0m
[ 35%] [32mBuilding CXX object CMakeFiles/stretch_web_teleop_provail__rosidl_typesupport_introspection_cpp.dir/rosidl_typesupport_introspection_cpp/stretch_web_teleop_provail/action/detail/move_to_pregrasp__type_support.cpp.o[0m
[ 38%] [32mBuilding CXX object CMakeFiles/stretch_web_teleop_provail__rosidl_typesupport_introspection_cpp.dir/rosidl_typesupport_introspection_cpp/stretch_web_teleop_provail/msg/detail/text_to_speech__type_support.cpp.o[0m
[ 41%] [32mBuilding CXX object CMakeFiles/stretch_web_teleop_provail__rosidl_typesupport_fastrtps_cpp.dir/rosidl_typesupport_fastrtps_cpp/stretch_web_teleop_provail/action/detail/dds_fastrtps/move_to_pregrasp__type_support.cpp.o[0m
[ 43%] [32mBuilding CXX object CMakeFiles/stretch_web_teleop_provail__rosidl_typesupport_c.dir/rosidl_typesupport_c/stretch_web_teleop_provail/action/move_to_pregrasp__type_support.cpp.o[0m
[ 46%] [32mBuilding CXX object CMakeFiles/stretch_web_teleop_provail__rosidl_typesupport_c.dir/rosidl_typesupport_c/stretch_web_teleop_provail/msg/text_to_speech__type_support.cpp.o[0m
[ 48%] [32m[1mLinking CXX shared library libstretch_web_teleop_provail__rosidl_typesupport_c.so[0m
[ 48%] Built target stretch_web_teleop_provail__rosidl_typesupport_c
[ 51%] [32mBuilding CXX object CMakeFiles/stretch_web_teleop_provail__rosidl_typesupport_fastrtps_cpp.dir/rosidl_typesupport_fastrtps_cpp/stretch_web_teleop_provail/msg/detail/dds_fastrtps/text_to_speech__type_support.cpp.o[0m
[ 56%] [32mBuilding CXX object CMakeFiles/stretch_web_teleop_provail__rosidl_typesupport_fastrtps_c.dir/rosidl_typesupport_fastrtps_c/stretch_web_teleop_provail/msg/detail/text_to_speech__type_support_c.cpp.o[0m
[ 56%] [32mBuilding CXX object CMakeFiles/stretch_web_teleop_provail__rosidl_typesupport_fastrtps_c.dir/rosidl_typesupport_fastrtps_c/stretch_web_teleop_provail/action/detail/move_to_pregrasp__type_support_c.cpp.o[0m
[ 58%] [32mBuilding C object CMakeFiles/stretch_web_teleop_provail__rosidl_typesupport_introspection_c.dir/rosidl_typesupport_introspection_c/stretch_web_teleop_provail/action/detail/move_to_pregrasp__type_support.c.o[0m
[ 61%] [32mBuilding C object CMakeFiles/stretch_web_teleop_provail__rosidl_typesupport_introspection_c.dir/rosidl_typesupport_introspection_c/stretch_web_teleop_provail/msg/detail/text_to_speech__type_support.c.o[0m
[ 64%] [32m[1mLinking C shared library libstretch_web_teleop_provail__rosidl_typesupport_introspection_c.so[0m
[ 66%] [32m[1mLinking CXX shared library libstretch_web_teleop_provail__rosidl_typesupport_cpp.so[0m
[ 66%] Built target stretch_web_teleop_provail__rosidl_typesupport_introspection_c
[ 66%] Built target stretch_web_teleop_provail__rosidl_typesupport_cpp
[ 69%] [32m[1mLinking CXX shared library libstretch_web_teleop_provail__rosidl_typesupport_fastrtps_c.so[0m
[ 71%] [32m[1mLinking CXX shared library libstretch_web_teleop_provail__rosidl_typesupport_fastrtps_cpp.so[0m
[ 74%] [32m[1mLinking CXX shared library libstretch_web_teleop_provail__rosidl_typesupport_introspection_cpp.so[0m
[ 74%] Built target stretch_web_teleop_provail__rosidl_typesupport_fastrtps_c
[ 74%] Built target stretch_web_teleop_provail__rosidl_typesupport_fastrtps_cpp
[ 74%] Built target stretch_web_teleop_provail__rosidl_typesupport_introspection_cpp
[ 74%] Built target stretch_web_teleop_provail
[ 76%] [34m[1mGenerating Python code for ROS interfaces[0m
[ 76%] Built target stretch_web_teleop_provail__py
[ 82%] [32mBuilding C object CMakeFiles/stretch_web_teleop_provail__rosidl_generator_py.dir/rosidl_generator_py/stretch_web_teleop_provail/action/_move_to_pregrasp_s.c.o[0m
[ 82%] [32mBuilding C object CMakeFiles/stretch_web_teleop_provail__rosidl_generator_py.dir/rosidl_generator_py/stretch_web_teleop_provail/msg/_text_to_speech_s.c.o[0m
[ 84%] [32m[1mLinking C shared library rosidl_generator_py/stretch_web_teleop_provail/libstretch_web_teleop_provail__rosidl_generator_py.so[0m
[ 84%] Built target stretch_web_teleop_provail__rosidl_generator_py
[ 87%] [32mBuilding C object CMakeFiles/stretch_web_teleop_provail__rosidl_typesupport_fastrtps_c__pyext.dir/rosidl_generator_py/stretch_web_teleop_provail/_stretch_web_teleop_provail_s.ep.rosidl_typesupport_fastrtps_c.c.o[0m
[ 89%] [32mBuilding C object CMakeFiles/stretch_web_teleop_provail__rosidl_typesupport_introspection_c__pyext.dir/rosidl_generator_py/stretch_web_teleop_provail/_stretch_web_teleop_provail_s.ep.rosidl_typesupport_introspection_c.c.o[0m
[ 92%] [32mBuilding C object CMakeFiles/stretch_web_teleop_provail__rosidl_typesupport_c__pyext.dir/rosidl_generator_py/stretch_web_teleop_provail/_stretch_web_teleop_provail_s.ep.rosidl_typesupport_c.c.o[0m
[ 94%] [32m[1mLinking C shared library rosidl_generator_py/stretch_web_teleop_provail/stretch_web_teleop_provail_s__rosidl_typesupport_introspection_c.cpython-310-x86_64-linux-gnu.so[0m
[ 97%] [32m[1mLinking C shared library rosidl_generator_py/stretch_web_teleop_provail/stretch_web_teleop_provail_s__rosidl_typesupport_c.cpython-310-x86_64-linux-gnu.so[0m
[100%] [32m[1mLinking C shared library rosidl_generator_py/stretch_web_teleop_provail/stretch_web_teleop_provail_s__rosidl_typesupport_fastrtps_c.cpython-310-x86_64-linux-gnu.so[0m
[100%] Built target stretch_web_teleop_provail__rosidl_typesupport_c__pyext
[100%] Built target stretch_web_teleop_provail__rosidl_typesupport_introspection_c__pyext
[100%] Built target stretch_web_teleop_provail__rosidl_typesupport_fastrtps_c__pyext
-- Install configuration: ""
-- Installing: /home/hello-robot/provail_ws/src/stretch_web_teleop_provail/install/stretch_web_teleop_provail/share/ament_index/resource_index/rosidl_interfaces/stretch_web_teleop_provail
-- Installing: /home/hello-robot/provail_ws/src/stretch_web_teleop_provail/install/stretch_web_teleop_provail/include/stretch_web_teleop_provail/stretch_web_teleop_provail
-- Installing: /home/hello-robot/provail_ws/src/stretch_web_teleop_provail/install/stretch_web_teleop_provail/include/stretch_web_teleop_provail/stretch_web_teleop_provail/action
-- Installing: /home/hello-robot/provail_ws/src/stretch_web_teleop_provail/install/stretch_web_teleop_provail/include/stretch_web_teleop_provail/stretch_web_teleop_provail/action/detail
-- Installing: /home/hello-robot/provail_ws/src/stretch_web_teleop_provail/install/stretch_web_teleop_provail/include/stretch_web_teleop_provail/stretch_web_teleop_provail/action/detail/move_to_pregrasp__type_support.h
-- Installing: /home/hello-robot/provail_ws/src/stretch_web_teleop_provail/install/stretch_web_teleop_provail/include/stretch_web_teleop_provail/stretch_web_teleop_provail/action/detail/move_to_pregrasp__struct.h
-- Installing: /home/hello-robot/provail_ws/src/stretch_web_teleop_provail/install/stretch_web_teleop_provail/include/stretch_web_teleop_provail/stretch_web_teleop_provail/action/detail/move_to_pregrasp__functions.h
-- Installing: /home/hello-robot/provail_ws/src/stretch_web_teleop_provail/install/stretch_web_teleop_provail/include/stretch_web_teleop_provail/stretch_web_teleop_provail/action/detail/move_to_pregrasp__functions.c
-- Installing: /home/hello-robot/provail_ws/src/stretch_web_teleop_provail/install/stretch_web_teleop_provail/include/stretch_web_teleop_provail/stretch_web_teleop_provail/action/move_to_pregrasp.h
-- Installing: /home/hello-robot/provail_ws/src/stretch_web_teleop_provail/install/stretch_web_teleop_provail/include/stretch_web_teleop_provail/stretch_web_teleop_provail/msg
-- Installing: /home/hello-robot/provail_ws/src/stretch_web_teleop_provail/install/stretch_web_teleop_provail/include/stretch_web_teleop_provail/stretch_web_teleop_provail/msg/detail
-- Installing: /home/hello-robot/provail_ws/src/stretch_web_teleop_provail/install/stretch_web_teleop_provail/include/stretch_web_teleop_provail/stretch_web_teleop_provail/msg/detail/text_to_speech__struct.h
-- Installing: /home/hello-robot/provail_ws/src/stretch_web_teleop_provail/install/stretch_web_teleop_provail/include/stretch_web_teleop_provail/stretch_web_teleop_provail/msg/detail/text_to_speech__functions.h
-- Installing: /home/hello-robot/provail_ws/src/stretch_web_teleop_provail/install/stretch_web_teleop_provail/include/stretch_web_teleop_provail/stretch_web_teleop_provail/msg/detail/text_to_speech__functions.c
-- Installing: /home/hello-robot/provail_ws/src/stretch_web_teleop_provail/install/stretch_web_teleop_provail/include/stretch_web_teleop_provail/stretch_web_teleop_provail/msg/detail/text_to_speech__type_support.h
-- Installing: /home/hello-robot/provail_ws/src/stretch_web_teleop_provail/install/stretch_web_teleop_provail/include/stretch_web_teleop_provail/stretch_web_teleop_provail/msg/text_to_speech.h
-- Installing: /home/hello-robot/provail_ws/src/stretch_web_teleop_provail/install/stretch_web_teleop_provail/include/stretch_web_teleop_provail/stretch_web_teleop_provail/msg/rosidl_generator_c__visibility_control.h
-- Installing: /home/hello-robot/provail_ws/src/stretch_web_teleop_provail/install/stretch_web_teleop_provail/share/stretch_web_teleop_provail/environment/library_path.sh
-- Installing: /home/hello-robot/provail_ws/src/stretch_web_teleop_provail/install/stretch_web_teleop_provail/share/stretch_web_teleop_provail/environment/library_path.dsv
-- Installing: /home/hello-robot/provail_ws/src/stretch_web_teleop_provail/install/stretch_web_teleop_provail/lib/libstretch_web_teleop_provail__rosidl_generator_c.so
-- Set runtime path of "/home/hello-robot/provail_ws/src/stretch_web_teleop_provail/install/stretch_web_teleop_provail/lib/libstretch_web_teleop_provail__rosidl_generator_c.so" to ""
-- Up-to-date: /home/hello-robot/provail_ws/src/stretch_web_teleop_provail/install/stretch_web_teleop_provail/include/stretch_web_teleop_provail/stretch_web_teleop_provail
-- Up-to-date: /home/hello-robot/provail_ws/src/stretch_web_teleop_provail/install/stretch_web_teleop_provail/include/stretch_web_teleop_provail/stretch_web_teleop_provail/action
-- Up-to-date: /home/hello-robot/provail_ws/src/stretch_web_teleop_provail/install/stretch_web_teleop_provail/include/stretch_web_teleop_provail/stretch_web_teleop_provail/action/detail
-- Installing: /home/hello-robot/provail_ws/src/stretch_web_teleop_provail/install/stretch_web_teleop_provail/include/stretch_web_teleop_provail/stretch_web_teleop_provail/action/detail/move_to_pregrasp__rosidl_typesupport_fastrtps_c.h
-- Up-to-date: /home/hello-robot/provail_ws/src/stretch_web_teleop_provail/install/stretch_web_teleop_provail/include/stretch_web_teleop_provail/stretch_web_teleop_provail/msg
-- Up-to-date: /home/hello-robot/provail_ws/src/stretch_web_teleop_provail/install/stretch_web_teleop_provail/include/stretch_web_teleop_provail/stretch_web_teleop_provail/msg/detail
-- Installing: /home/hello-robot/provail_ws/src/stretch_web_teleop_provail/install/stretch_web_teleop_provail/include/stretch_web_teleop_provail/stretch_web_teleop_provail/msg/detail/text_to_speech__rosidl_typesupport_fastrtps_c.h
-- Installing: /home/hello-robot/provail_ws/src/stretch_web_teleop_provail/install/stretch_web_teleop_provail/include/stretch_web_teleop_provail/stretch_web_teleop_provail/msg/rosidl_typesupport_fastrtps_c__visibility_control.h
-- Installing: /home/hello-robot/provail_ws/src/stretch_web_teleop_provail/install/stretch_web_teleop_provail/lib/libstretch_web_teleop_provail__rosidl_typesupport_fastrtps_c.so
-- Set runtime path of "/home/hello-robot/provail_ws/src/stretch_web_teleop_provail/install/stretch_web_teleop_provail/lib/libstretch_web_teleop_provail__rosidl_typesupport_fastrtps_c.so" to ""
-- Up-to-date: /home/hello-robot/provail_ws/src/stretch_web_teleop_provail/install/stretch_web_teleop_provail/include/stretch_web_teleop_provail/stretch_web_teleop_provail
-- Up-to-date: /home/hello-robot/provail_ws/src/stretch_web_teleop_provail/install/stretch_web_teleop_provail/include/stretch_web_teleop_provail/stretch_web_teleop_provail/action
-- Up-to-date: /home/hello-robot/provail_ws/src/stretch_web_teleop_provail/install/stretch_web_teleop_provail/include/stretch_web_teleop_provail/stretch_web_teleop_provail/action/detail
-- Installing: /home/hello-robot/provail_ws/src/stretch_web_teleop_provail/install/stretch_web_teleop_provail/include/stretch_web_teleop_provail/stretch_web_teleop_provail/action/detail/move_to_pregrasp__type_support.hpp
-- Installing: /home/hello-robot/provail_ws/src/stretch_web_teleop_provail/install/stretch_web_teleop_provail/include/stretch_web_teleop_provail/stretch_web_teleop_provail/action/detail/move_to_pregrasp__traits.hpp
-- Installing: /home/hello-robot/provail_ws/src/stretch_web_teleop_provail/install/stretch_web_teleop_provail/include/stretch_web_teleop_provail/stretch_web_teleop_provail/action/detail/move_to_pregrasp__builder.hpp
-- Installing: /home/hello-robot/provail_ws/src/stretch_web_teleop_provail/install/stretch_web_teleop_provail/include/stretch_web_teleop_provail/stretch_web_teleop_provail/action/detail/move_to_pregrasp__struct.hpp
-- Installing: /home/hello-robot/provail_ws/src/stretch_web_teleop_provail/install/stretch_web_teleop_provail/include/stretch_web_teleop_provail/stretch_web_teleop_provail/action/move_to_pregrasp.hpp
-- Up-to-date: /home/hello-robot/provail_ws/src/stretch_web_teleop_provail/install/stretch_web_teleop_provail/include/stretch_web_teleop_provail/stretch_web_teleop_provail/msg
-- Up-to-date: /home/hello-robot/provail_ws/src/stretch_web_teleop_provail/install/stretch_web_teleop_provail/include/stretch_web_teleop_provail/stretch_web_teleop_provail/msg/detail
-- Installing: /home/hello-robot/provail_ws/src/stretch_web_teleop_provail/install/stretch_web_teleop_provail/include/stretch_web_teleop_provail/stretch_web_teleop_provail/msg/detail/text_to_speech__traits.hpp
-- Installing: /home/hello-robot/provail_ws/src/stretch_web_teleop_provail/install/stretch_web_teleop_provail/include/stretch_web_teleop_provail/stretch_web_teleop_provail/msg/detail/text_to_speech__struct.hpp
-- Installing: /home/hello-robot/provail_ws/src/stretch_web_teleop_provail/install/stretch_web_teleop_provail/include/stretch_web_teleop_provail/stretch_web_teleop_provail/msg/detail/text_to_speech__builder.hpp
-- Installing: /home/hello-robot/provail_ws/src/stretch_web_teleop_provail/install/stretch_web_teleop_provail/include/stretch_web_teleop_provail/stretch_web_teleop_provail/msg/detail/text_to_speech__type_support.hpp
-- Installing: /home/hello-robot/provail_ws/src/stretch_web_teleop_provail/install/stretch_web_teleop_provail/include/stretch_web_teleop_provail/stretch_web_teleop_provail/msg/text_to_speech.hpp
-- Installing: /home/hello-robot/provail_ws/src/stretch_web_teleop_provail/install/stretch_web_teleop_provail/include/stretch_web_teleop_provail/stretch_web_teleop_provail/msg/rosidl_generator_cpp__visibility_control.hpp
-- Up-to-date: /home/hello-robot/provail_ws/src/stretch_web_teleop_provail/install/stretch_web_teleop_provail/include/stretch_web_teleop_provail/stretch_web_teleop_provail
-- Up-to-date: /home/hello-robot/provail_ws/src/stretch_web_teleop_provail/install/stretch_web_teleop_provail/include/stretch_web_teleop_provail/stretch_web_teleop_provail/action
-- Up-to-date: /home/hello-robot/provail_ws/src/stretch_web_teleop_provail/install/stretch_web_teleop_provail/include/stretch_web_teleop_provail/stretch_web_teleop_provail/action/detail
-- Installing: /home/hello-robot/provail_ws/src/stretch_web_teleop_provail/install/stretch_web_teleop_provail/include/stretch_web_teleop_provail/stretch_web_teleop_provail/action/detail/move_to_pregrasp__rosidl_typesupport_fastrtps_cpp.hpp
-- Installing: /home/hello-robot/provail_ws/src/stretch_web_teleop_provail/install/stretch_web_teleop_provail/include/stretch_web_teleop_provail/stretch_web_teleop_provail/action/detail/dds_fastrtps
-- Up-to-date: /home/hello-robot/provail_ws/src/stretch_web_teleop_provail/install/stretch_web_teleop_provail/include/stretch_web_teleop_provail/stretch_web_teleop_provail/msg
-- Up-to-date: /home/hello-robot/provail_ws/src/stretch_web_teleop_provail/install/stretch_web_teleop_provail/include/stretch_web_teleop_provail/stretch_web_teleop_provail/msg/detail
-- Installing: /home/hello-robot/provail_ws/src/stretch_web_teleop_provail/install/stretch_web_teleop_provail/include/stretch_web_teleop_provail/stretch_web_teleop_provail/msg/detail/dds_fastrtps
-- Installing: /home/hello-robot/provail_ws/src/stretch_web_teleop_provail/install/stretch_web_teleop_provail/include/stretch_web_teleop_provail/stretch_web_teleop_provail/msg/detail/text_to_speech__rosidl_typesupport_fastrtps_cpp.hpp
-- Installing: /home/hello-robot/provail_ws/src/stretch_web_teleop_provail/install/stretch_web_teleop_provail/include/stretch_web_teleop_provail/stretch_web_teleop_provail/msg/rosidl_typesupport_fastrtps_cpp__visibility_control.h
-- Installing: /home/hello-robot/provail_ws/src/stretch_web_teleop_provail/install/stretch_web_teleop_provail/lib/libstretch_web_teleop_provail__rosidl_typesupport_fastrtps_cpp.so
-- Set runtime path of "/home/hello-robot/provail_ws/src/stretch_web_teleop_provail/install/stretch_web_teleop_provail/lib/libstretch_web_teleop_provail__rosidl_typesupport_fastrtps_cpp.so" to ""
-- Up-to-date: /home/hello-robot/provail_ws/src/stretch_web_teleop_provail/install/stretch_web_teleop_provail/include/stretch_web_teleop_provail/stretch_web_teleop_provail
-- Up-to-date: /home/hello-robot/provail_ws/src/stretch_web_teleop_provail/install/stretch_web_teleop_provail/include/stretch_web_teleop_provail/stretch_web_teleop_provail/action
-- Up-to-date: /home/hello-robot/provail_ws/src/stretch_web_teleop_provail/install/stretch_web_teleop_provail/include/stretch_web_teleop_provail/stretch_web_teleop_provail/action/detail
-- Installing: /home/hello-robot/provail_ws/src/stretch_web_teleop_provail/install/stretch_web_teleop_provail/include/stretch_web_teleop_provail/stretch_web_teleop_provail/action/detail/move_to_pregrasp__rosidl_typesupport_introspection_c.h
-- Installing: /home/hello-robot/provail_ws/src/stretch_web_teleop_provail/install/stretch_web_teleop_provail/include/stretch_web_teleop_provail/stretch_web_teleop_provail/action/detail/move_to_pregrasp__type_support.c
-- Up-to-date: /home/hello-robot/provail_ws/src/stretch_web_teleop_provail/install/stretch_web_teleop_provail/include/stretch_web_teleop_provail/stretch_web_teleop_provail/msg
-- Up-to-date: /home/hello-robot/provail_ws/src/stretch_web_teleop_provail/install/stretch_web_teleop_provail/include/stretch_web_teleop_provail/stretch_web_teleop_provail/msg/detail
-- Installing: /home/hello-robot/provail_ws/src/stretch_web_teleop_provail/install/stretch_web_teleop_provail/include/stretch_web_teleop_provail/stretch_web_teleop_provail/msg/detail/text_to_speech__type_support.c
-- Installing: /home/hello-robot/provail_ws/src/stretch_web_teleop_provail/install/stretch_web_teleop_provail/include/stretch_web_teleop_provail/stretch_web_teleop_provail/msg/detail/text_to_speech__rosidl_typesupport_introspection_c.h
-- Installing: /home/hello-robot/provail_ws/src/stretch_web_teleop_provail/install/stretch_web_teleop_provail/include/stretch_web_teleop_provail/stretch_web_teleop_provail/msg/rosidl_typesupport_introspection_c__visibility_control.h
-- Installing: /home/hello-robot/provail_ws/src/stretch_web_teleop_provail/install/stretch_web_teleop_provail/lib/libstretch_web_teleop_provail__rosidl_typesupport_introspection_c.so
-- Set runtime path of "/home/hello-robot/provail_ws/src/stretch_web_teleop_provail/install/stretch_web_teleop_provail/lib/libstretch_web_teleop_provail__rosidl_typesupport_introspection_c.so" to ""
-- Installing: /home/hello-robot/provail_ws/src/stretch_web_teleop_provail/install/stretch_web_teleop_provail/lib/libstretch_web_teleop_provail__rosidl_typesupport_c.so
-- Set runtime path of "/home/hello-robot/provail_ws/src/stretch_web_teleop_provail/install/stretch_web_teleop_provail/lib/libstretch_web_teleop_provail__rosidl_typesupport_c.so" to ""
-- Up-to-date: /home/hello-robot/provail_ws/src/stretch_web_teleop_provail/install/stretch_web_teleop_provail/include/stretch_web_teleop_provail/stretch_web_teleop_provail
-- Up-to-date: /home/hello-robot/provail_ws/src/stretch_web_teleop_provail/install/stretch_web_teleop_provail/include/stretch_web_teleop_provail/stretch_web_teleop_provail/action
-- Up-to-date: /home/hello-robot/provail_ws/src/stretch_web_teleop_provail/install/stretch_web_teleop_provail/include/stretch_web_teleop_provail/stretch_web_teleop_provail/action/detail
-- Installing: /home/hello-robot/provail_ws/src/stretch_web_teleop_provail/install/stretch_web_teleop_provail/include/stretch_web_teleop_provail/stretch_web_teleop_provail/action/detail/move_to_pregrasp__type_support.cpp
-- Installing: /home/hello-robot/provail_ws/src/stretch_web_teleop_provail/install/stretch_web_teleop_provail/include/stretch_web_teleop_provail/stretch_web_teleop_provail/action/detail/move_to_pregrasp__rosidl_typesupport_introspection_cpp.hpp
-- Up-to-date: /home/hello-robot/provail_ws/src/stretch_web_teleop_provail/install/stretch_web_teleop_provail/include/stretch_web_teleop_provail/stretch_web_teleop_provail/msg
-- Up-to-date: /home/hello-robot/provail_ws/src/stretch_web_teleop_provail/install/stretch_web_teleop_provail/include/stretch_web_teleop_provail/stretch_web_teleop_provail/msg/detail
-- Installing: /home/hello-robot/provail_ws/src/stretch_web_teleop_provail/install/stretch_web_teleop_provail/include/stretch_web_teleop_provail/stretch_web_teleop_provail/msg/detail/text_to_speech__rosidl_typesupport_introspection_cpp.hpp
-- Installing: /home/hello-robot/provail_ws/src/stretch_web_teleop_provail/install/stretch_web_teleop_provail/include/stretch_web_teleop_provail/stretch_web_teleop_provail/msg/detail/text_to_speech__type_support.cpp
-- Installing: /home/hello-robot/provail_ws/src/stretch_web_teleop_provail/install/stretch_web_teleop_provail/lib/libstretch_web_teleop_provail__rosidl_typesupport_introspection_cpp.so
-- Set runtime path of "/home/hello-robot/provail_ws/src/stretch_web_teleop_provail/install/stretch_web_teleop_provail/lib/libstretch_web_teleop_provail__rosidl_typesupport_introspection_cpp.so" to ""
-- Installing: /home/hello-robot/provail_ws/src/stretch_web_teleop_provail/install/stretch_web_teleop_provail/lib/libstretch_web_teleop_provail__rosidl_typesupport_cpp.so
-- Set runtime path of "/home/hello-robot/provail_ws/src/stretch_web_teleop_provail/install/stretch_web_teleop_provail/lib/libstretch_web_teleop_provail__rosidl_typesupport_cpp.so" to ""
-- Installing: /home/hello-robot/provail_ws/src/stretch_web_teleop_provail/install/stretch_web_teleop_provail/share/stretch_web_teleop_provail/environment/pythonpath.sh
-- Installing: /home/hello-robot/provail_ws/src/stretch_web_teleop_provail/install/stretch_web_teleop_provail/share/stretch_web_teleop_provail/environment/pythonpath.dsv
-- Installing: /home/hello-robot/provail_ws/src/stretch_web_teleop_provail/install/stretch_web_teleop_provail/local/lib/python3.10/dist-packages/stretch_web_teleop_provail-0.1.0-py3.10.egg-info
-- Installing: /home/hello-robot/provail_ws/src/stretch_web_teleop_provail/install/stretch_web_teleop_provail/local/lib/python3.10/dist-packages/stretch_web_teleop_provail-0.1.0-py3.10.egg-info/top_level.txt
-- Installing: /home/hello-robot/provail_ws/src/stretch_web_teleop_provail/install/stretch_web_teleop_provail/local/lib/python3.10/dist-packages/stretch_web_teleop_provail-0.1.0-py3.10.egg-info/PKG-INFO
-- Installing: /home/hello-robot/provail_ws/src/stretch_web_teleop_provail/install/stretch_web_teleop_provail/local/lib/python3.10/dist-packages/stretch_web_teleop_provail-0.1.0-py3.10.egg-info/dependency_links.txt
-- Installing: /home/hello-robot/provail_ws/src/stretch_web_teleop_provail/install/stretch_web_teleop_provail/local/lib/python3.10/dist-packages/stretch_web_teleop_provail-0.1.0-py3.10.egg-info/SOURCES.txt
-- Installing: /home/hello-robot/provail_ws/src/stretch_web_teleop_provail/install/stretch_web_teleop_provail/local/lib/python3.10/dist-packages/stretch_web_teleop_provail
-- Installing: /home/hello-robot/provail_ws/src/stretch_web_teleop_provail/install/stretch_web_teleop_provail/local/lib/python3.10/dist-packages/stretch_web_teleop_provail/stretch_web_teleop_provail_s__rosidl_typesupport_c.cpython-310-x86_64-linux-gnu.so
-- Installing: /home/hello-robot/provail_ws/src/stretch_web_teleop_provail/install/stretch_web_teleop_provail/local/lib/python3.10/dist-packages/stretch_web_teleop_provail/action
-- Installing: /home/hello-robot/provail_ws/src/stretch_web_teleop_provail/install/stretch_web_teleop_provail/local/lib/python3.10/dist-packages/stretch_web_teleop_provail/action/_move_to_pregrasp.py
-- Installing: /home/hello-robot/provail_ws/src/stretch_web_teleop_provail/install/stretch_web_teleop_provail/local/lib/python3.10/dist-packages/stretch_web_teleop_provail/action/__init__.py
-- Installing: /home/hello-robot/provail_ws/src/stretch_web_teleop_provail/install/stretch_web_teleop_provail/local/lib/python3.10/dist-packages/stretch_web_teleop_provail/action/_move_to_pregrasp_s.c
-- Installing: /home/hello-robot/provail_ws/src/stretch_web_teleop_provail/install/stretch_web_teleop_provail/local/lib/python3.10/dist-packages/stretch_web_teleop_provail/stretch_web_teleop_provail_s__rosidl_typesupport_introspection_c.cpython-310-x86_64-linux-gnu.so
-- Installing: /home/hello-robot/provail_ws/src/stretch_web_teleop_provail/install/stretch_web_teleop_provail/local/lib/python3.10/dist-packages/stretch_web_teleop_provail/_stretch_web_teleop_provail_s.ep.rosidl_typesupport_fastrtps_c.c
-- Installing: /home/hello-robot/provail_ws/src/stretch_web_teleop_provail/install/stretch_web_teleop_provail/local/lib/python3.10/dist-packages/stretch_web_teleop_provail/msg
-- Installing: /home/hello-robot/provail_ws/src/stretch_web_teleop_provail/install/stretch_web_teleop_provail/local/lib/python3.10/dist-packages/stretch_web_teleop_provail/msg/__init__.py
-- Installing: /home/hello-robot/provail_ws/src/stretch_web_teleop_provail/install/stretch_web_teleop_provail/local/lib/python3.10/dist-packages/stretch_web_teleop_provail/msg/_text_to_speech.py
-- Installing: /home/hello-robot/provail_ws/src/stretch_web_teleop_provail/install/stretch_web_teleop_provail/local/lib/python3.10/dist-packages/stretch_web_teleop_provail/msg/_text_to_speech_s.c
-- Installing: /home/hello-robot/provail_ws/src/stretch_web_teleop_provail/install/stretch_web_teleop_provail/local/lib/python3.10/dist-packages/stretch_web_teleop_provail/libstretch_web_teleop_provail__rosidl_generator_py.so
-- Installing: /home/hello-robot/provail_ws/src/stretch_web_teleop_provail/install/stretch_web_teleop_provail/local/lib/python3.10/dist-packages/stretch_web_teleop_provail/_stretch_web_teleop_provail_s.ep.rosidl_typesupport_c.c
-- Installing: /home/hello-robot/provail_ws/src/stretch_web_teleop_provail/install/stretch_web_teleop_provail/local/lib/python3.10/dist-packages/stretch_web_teleop_provail/_stretch_web_teleop_provail_s.ep.rosidl_typesupport_introspection_c.c
-- Installing: /home/hello-robot/provail_ws/src/stretch_web_teleop_provail/install/stretch_web_teleop_provail/local/lib/python3.10/dist-packages/stretch_web_teleop_provail/__init__.py
-- Installing: /home/hello-robot/provail_ws/src/stretch_web_teleop_provail/install/stretch_web_teleop_provail/local/lib/python3.10/dist-packages/stretch_web_teleop_provail/stretch_web_teleop_provail_s__rosidl_typesupport_fastrtps_c.cpython-310-x86_64-linux-gnu.so
Listing '/home/hello-robot/provail_ws/src/stretch_web_teleop_provail/install/stretch_web_teleop_provail/local/lib/python3.10/dist-packages/stretch_web_teleop_provail'...
Compiling '/home/hello-robot/provail_ws/src/stretch_web_teleop_provail/install/stretch_web_teleop_provail/local/lib/python3.10/dist-packages/stretch_web_teleop_provail/__init__.py'...
Listing '/home/hello-robot/provail_ws/src/stretch_web_teleop_provail/install/stretch_web_teleop_provail/local/lib/python3.10/dist-packages/stretch_web_teleop_provail/action'...
Compiling '/home/hello-robot/provail_ws/src/stretch_web_teleop_provail/install/stretch_web_teleop_provail/local/lib/python3.10/dist-packages/stretch_web_teleop_provail/action/__init__.py'...
Compiling '/home/hello-robot/provail_ws/src/stretch_web_teleop_provail/install/stretch_web_teleop_provail/local/lib/python3.10/dist-packages/stretch_web_teleop_provail/action/_move_to_pregrasp.py'...
Listing '/home/hello-robot/provail_ws/src/stretch_web_teleop_provail/install/stretch_web_teleop_provail/local/lib/python3.10/dist-packages/stretch_web_teleop_provail/msg'...
Compiling '/home/hello-robot/provail_ws/src/stretch_web_teleop_provail/install/stretch_web_teleop_provail/local/lib/python3.10/dist-packages/stretch_web_teleop_provail/msg/__init__.py'...
Compiling '/home/hello-robot/provail_ws/src/stretch_web_teleop_provail/install/stretch_web_teleop_provail/local/lib/python3.10/dist-packages/stretch_web_teleop_provail/msg/_text_to_speech.py'...
-- Installing: /home/hello-robot/provail_ws/src/stretch_web_teleop_provail/install/stretch_web_teleop_provail/local/lib/python3.10/dist-packages/stretch_web_teleop_provail/stretch_web_teleop_provail_s__rosidl_typesupport_fastrtps_c.cpython-310-x86_64-linux-gnu.so
-- Set runtime path of "/home/hello-robot/provail_ws/src/stretch_web_teleop_provail/install/stretch_web_teleop_provail/local/lib/python3.10/dist-packages/stretch_web_teleop_provail/stretch_web_teleop_provail_s__rosidl_typesupport_fastrtps_c.cpython-310-x86_64-linux-gnu.so" to ""
-- Installing: /home/hello-robot/provail_ws/src/stretch_web_teleop_provail/install/stretch_web_teleop_provail/local/lib/python3.10/dist-packages/stretch_web_teleop_provail/stretch_web_teleop_provail_s__rosidl_typesupport_introspection_c.cpython-310-x86_64-linux-gnu.so
-- Set runtime path of "/home/hello-robot/provail_ws/src/stretch_web_teleop_provail/install/stretch_web_teleop_provail/local/lib/python3.10/dist-packages/stretch_web_teleop_provail/stretch_web_teleop_provail_s__rosidl_typesupport_introspection_c.cpython-310-x86_64-linux-gnu.so" to ""
-- Installing: /home/hello-robot/provail_ws/src/stretch_web_teleop_provail/install/stretch_web_teleop_provail/local/lib/python3.10/dist-packages/stretch_web_teleop_provail/stretch_web_teleop_provail_s__rosidl_typesupport_c.cpython-310-x86_64-linux-gnu.so
-- Set runtime path of "/home/hello-robot/provail_ws/src/stretch_web_teleop_provail/install/stretch_web_teleop_provail/local/lib/python3.10/dist-packages/stretch_web_teleop_provail/stretch_web_teleop_provail_s__rosidl_typesupport_c.cpython-310-x86_64-linux-gnu.so" to ""
-- Installing: /home/hello-robot/provail_ws/src/stretch_web_teleop_provail/install/stretch_web_teleop_provail/lib/libstretch_web_teleop_provail__rosidl_generator_py.so
-- Set runtime path of "/home/hello-robot/provail_ws/src/stretch_web_teleop_provail/install/stretch_web_teleop_provail/lib/libstretch_web_teleop_provail__rosidl_generator_py.so" to ""
-- Installing: /home/hello-robot/provail_ws/src/stretch_web_teleop_provail/install/stretch_web_teleop_provail/share/stretch_web_teleop_provail/action/MoveToPregrasp.idl
-- Installing: /home/hello-robot/provail_ws/src/stretch_web_teleop_provail/install/stretch_web_teleop_provail/share/stretch_web_teleop_provail/msg/TextToSpeech.idl
-- Installing: /home/hello-robot/provail_ws/src/stretch_web_teleop_provail/install/stretch_web_teleop_provail/share/stretch_web_teleop_provail/action/MoveToPregrasp.action
-- Installing: /home/hello-robot/provail_ws/src/stretch_web_teleop_provail/install/stretch_web_teleop_provail/share/stretch_web_teleop_provail/msg/TextToSpeech.msg
-- Installing: /home/hello-robot/provail_ws/src/stretch_web_teleop_provail/install/stretch_web_teleop_provail/local/lib/python3.10/dist-packages/stretch_web_teleop_provail_helpers-0.1.0-py3.10.egg-info
-- Installing: /home/hello-robot/provail_ws/src/stretch_web_teleop_provail/install/stretch_web_teleop_provail/local/lib/python3.10/dist-packages/stretch_web_teleop_provail_helpers-0.1.0-py3.10.egg-info/top_level.txt
-- Installing: /home/hello-robot/provail_ws/src/stretch_web_teleop_provail/install/stretch_web_teleop_provail/local/lib/python3.10/dist-packages/stretch_web_teleop_provail_helpers-0.1.0-py3.10.egg-info/PKG-INFO
-- Installing: /home/hello-robot/provail_ws/src/stretch_web_teleop_provail/install/stretch_web_teleop_provail/local/lib/python3.10/dist-packages/stretch_web_teleop_provail_helpers-0.1.0-py3.10.egg-info/dependency_links.txt
-- Installing: /home/hello-robot/provail_ws/src/stretch_web_teleop_provail/install/stretch_web_teleop_provail/local/lib/python3.10/dist-packages/stretch_web_teleop_provail_helpers-0.1.0-py3.10.egg-info/SOURCES.txt
-- Installing: /home/hello-robot/provail_ws/src/stretch_web_teleop_provail/install/stretch_web_teleop_provail/local/lib/python3.10/dist-packages/stretch_web_teleop_provail_helpers
-- Installing: /home/hello-robot/provail_ws/src/stretch_web_teleop_provail/install/stretch_web_teleop_provail/local/lib/python3.10/dist-packages/stretch_web_teleop_provail_helpers/pinocchio_ik_solver.py
-- Installing: /home/hello-robot/provail_ws/src/stretch_web_teleop_provail/install/stretch_web_teleop_provail/local/lib/python3.10/dist-packages/stretch_web_teleop_provail_helpers/move_to_pregrasp_state.py
-- Installing: /home/hello-robot/provail_ws/src/stretch_web_teleop_provail/install/stretch_web_teleop_provail/local/lib/python3.10/dist-packages/stretch_web_teleop_provail_helpers/__init__.py
-- Installing: /home/hello-robot/provail_ws/src/stretch_web_teleop_provail/install/stretch_web_teleop_provail/local/lib/python3.10/dist-packages/stretch_web_teleop_provail_helpers/text_to_speech_helpers.py
-- Installing: /home/hello-robot/provail_ws/src/stretch_web_teleop_provail/install/stretch_web_teleop_provail/local/lib/python3.10/dist-packages/stretch_web_teleop_provail_helpers/constants.py
-- Installing: /home/hello-robot/provail_ws/src/stretch_web_teleop_provail/install/stretch_web_teleop_provail/local/lib/python3.10/dist-packages/stretch_web_teleop_provail_helpers/stretch_ik_control.py
-- Installing: /home/hello-robot/provail_ws/src/stretch_web_teleop_provail/install/stretch_web_teleop_provail/local/lib/python3.10/dist-packages/stretch_web_teleop_provail_helpers/conversions.py
Listing '/home/hello-robot/provail_ws/src/stretch_web_teleop_provail/install/stretch_web_teleop_provail/local/lib/python3.10/dist-packages/stretch_web_teleop_provail_helpers'...
Compiling '/home/hello-robot/provail_ws/src/stretch_web_teleop_provail/install/stretch_web_teleop_provail/local/lib/python3.10/dist-packages/stretch_web_teleop_provail_helpers/__init__.py'...
Compiling '/home/hello-robot/provail_ws/src/stretch_web_teleop_provail/install/stretch_web_teleop_provail/local/lib/python3.10/dist-packages/stretch_web_teleop_provail_helpers/constants.py'...
Compiling '/home/hello-robot/provail_ws/src/stretch_web_teleop_provail/install/stretch_web_teleop_provail/local/lib/python3.10/dist-packages/stretch_web_teleop_provail_helpers/conversions.py'...
Compiling '/home/hello-robot/provail_ws/src/stretch_web_teleop_provail/install/stretch_web_teleop_provail/local/lib/python3.10/dist-packages/stretch_web_teleop_provail_helpers/move_to_pregrasp_state.py'...
Compiling '/home/hello-robot/provail_ws/src/stretch_web_teleop_provail/install/stretch_web_teleop_provail/local/lib/python3.10/dist-packages/stretch_web_teleop_provail_helpers/pinocchio_ik_solver.py'...
Compiling '/home/hello-robot/provail_ws/src/stretch_web_teleop_provail/install/stretch_web_teleop_provail/local/lib/python3.10/dist-packages/stretch_web_teleop_provail_helpers/stretch_ik_control.py'...
Compiling '/home/hello-robot/provail_ws/src/stretch_web_teleop_provail/install/stretch_web_teleop_provail/local/lib/python3.10/dist-packages/stretch_web_teleop_provail_helpers/text_to_speech_helpers.py'...
-- Installing: /home/hello-robot/provail_ws/src/stretch_web_teleop_provail/install/stretch_web_teleop_provail/lib/stretch_web_teleop_provail/compressed_image_visualizer.py
-- Installing: /home/hello-robot/provail_ws/src/stretch_web_teleop_provail/install/stretch_web_teleop_provail/lib/stretch_web_teleop_provail/configure_video_streams.py
-- Installing: /home/hello-robot/provail_ws/src/stretch_web_teleop_provail/install/stretch_web_teleop_provail/lib/stretch_web_teleop_provail/move_to_pregrasp.py
-- Installing: /home/hello-robot/provail_ws/src/stretch_web_teleop_provail/install/stretch_web_teleop_provail/lib/stretch_web_teleop_provail/navigation_camera.py
-- Installing: /home/hello-robot/provail_ws/src/stretch_web_teleop_provail/install/stretch_web_teleop_provail/lib/stretch_web_teleop_provail/text_to_speech.py
-- Installing: /home/hello-robot/provail_ws/src/stretch_web_teleop_provail/install/stretch_web_teleop_provail/lib/stretch_web_teleop_provail/text_to_speech_ui.py
-- Installing: /home/hello-robot/provail_ws/src/stretch_web_teleop_provail/install/stretch_web_teleop_provail/share/stretch_web_teleop_provail/launch
-- Installing: /home/hello-robot/provail_ws/src/stretch_web_teleop_provail/install/stretch_web_teleop_provail/share/stretch_web_teleop_provail/launch/multi_camera.launch.py
-- Installing: /home/hello-robot/provail_ws/src/stretch_web_teleop_provail/install/stretch_web_teleop_provail/share/stretch_web_teleop_provail/launch/gripper_camera.launch.py
-- Installing: /home/hello-robot/provail_ws/src/stretch_web_teleop_provail/install/stretch_web_teleop_provail/share/stretch_web_teleop_provail/launch/__pycache__
-- Installing: /home/hello-robot/provail_ws/src/stretch_web_teleop_provail/install/stretch_web_teleop_provail/share/stretch_web_teleop_provail/launch/__pycache__/web_interface.launch.cpython-310.pyc
-- Installing: /home/hello-robot/provail_ws/src/stretch_web_teleop_provail/install/stretch_web_teleop_provail/share/stretch_web_teleop_provail/launch/web_interface.launch.py
-- Installing: /home/hello-robot/provail_ws/src/stretch_web_teleop_provail/install/stretch_web_teleop_provail/share/stretch_web_teleop_provail/launch/navigation_camera.launch.py
-- Installing: /home/hello-robot/provail_ws/src/stretch_web_teleop_provail/install/stretch_web_teleop_provail/share/stretch_web_teleop_provail/certificates
-- Installing: /home/hello-robot/provail_ws/src/stretch_web_teleop_provail/install/stretch_web_teleop_provail/share/stretch_web_teleop_provail/certificates/stretch-re2-2049+6-key.pem
-- Installing: /home/hello-robot/provail_ws/src/stretch_web_teleop_provail/install/stretch_web_teleop_provail/share/stretch_web_teleop_provail/certificates/stretch-re2-2049+6.pem
-- Installing: /home/hello-robot/provail_ws/src/stretch_web_teleop_provail/install/stretch_web_teleop_provail/share/stretch_web_teleop_provail/certificates/rootCA-key.pem
-- Installing: /home/hello-robot/provail_ws/src/stretch_web_teleop_provail/install/stretch_web_teleop_provail/share/stretch_web_teleop_provail/certificates/rootCA.pem
-- Installing: /home/hello-robot/provail_ws/src/stretch_web_teleop_provail/install/stretch_web_teleop_provail/share/stretch_web_teleop_provail/certificates/.gitkeep
-- Installing: /home/hello-robot/provail_ws/src/stretch_web_teleop_provail/install/stretch_web_teleop_provail/share/stretch_web_teleop_provail/nodes
-- Installing: /home/hello-robot/provail_ws/src/stretch_web_teleop_provail/install/stretch_web_teleop_provail/share/stretch_web_teleop_provail/nodes/old_navigation_camera.py
-- Installing: /home/hello-robot/provail_ws/src/stretch_web_teleop_provail/install/stretch_web_teleop_provail/share/stretch_web_teleop_provail/nodes/move_to_pregrasp.py
-- Installing: /home/hello-robot/provail_ws/src/stretch_web_teleop_provail/install/stretch_web_teleop_provail/share/stretch_web_teleop_provail/nodes/gripper_camera.py
-- Installing: /home/hello-robot/provail_ws/src/stretch_web_teleop_provail/install/stretch_web_teleop_provail/share/stretch_web_teleop_provail/nodes/configure_video_streams.py
-- Installing: /home/hello-robot/provail_ws/src/stretch_web_teleop_provail/install/stretch_web_teleop_provail/share/stretch_web_teleop_provail/nodes/__pycache__
-- Installing: /home/hello-robot/provail_ws/src/stretch_web_teleop_provail/install/stretch_web_teleop_provail/share/stretch_web_teleop_provail/nodes/__pycache__/text_to_speech.cpython-310.pyc
-- Installing: /home/hello-robot/provail_ws/src/stretch_web_teleop_provail/install/stretch_web_teleop_provail/share/stretch_web_teleop_provail/nodes/__pycache__/move_to_pregrasp.cpython-310.pyc
-- Installing: /home/hello-robot/provail_ws/src/stretch_web_teleop_provail/install/stretch_web_teleop_provail/share/stretch_web_teleop_provail/nodes/__pycache__/configure_video_streams.cpython-310.pyc
-- Installing: /home/hello-robot/provail_ws/src/stretch_web_teleop_provail/install/stretch_web_teleop_provail/share/stretch_web_teleop_provail/nodes/__pycache__/text_to_speech_ui.cpython-310.pyc
-- Installing: /home/hello-robot/provail_ws/src/stretch_web_teleop_provail/install/stretch_web_teleop_provail/share/stretch_web_teleop_provail/nodes/navigation_camera.py
-- Installing: /home/hello-robot/provail_ws/src/stretch_web_teleop_provail/install/stretch_web_teleop_provail/share/stretch_web_teleop_provail/nodes/text_to_speech.py
-- Installing: /home/hello-robot/provail_ws/src/stretch_web_teleop_provail/install/stretch_web_teleop_provail/share/stretch_web_teleop_provail/nodes/compressed_image_visualizer.py
-- Installing: /home/hello-robot/provail_ws/src/stretch_web_teleop_provail/install/stretch_web_teleop_provail/share/stretch_web_teleop_provail/nodes/blank_image.png
-- Installing: /home/hello-robot/provail_ws/src/stretch_web_teleop_provail/install/stretch_web_teleop_provail/share/stretch_web_teleop_provail/nodes/text_to_speech_ui.py
-- Installing: /home/hello-robot/provail_ws/src/stretch_web_teleop_provail/install/stretch_web_teleop_provail/share/stretch_web_teleop_provail/config
-- Installing: /home/hello-robot/provail_ws/src/stretch_web_teleop_provail/install/stretch_web_teleop_provail/share/stretch_web_teleop_provail/config/configure_video_streams_params.yaml
-- Installing: /home/hello-robot/provail_ws/src/stretch_web_teleop_provail/install/stretch_web_teleop_provail/share/stretch_web_teleop_provail/config/text_to_speech_ui_history.txt
-- Installing: /home/hello-robot/provail_ws/src/stretch_web_teleop_provail/install/stretch_web_teleop_provail/share/stretch_web_teleop_provail/maps
-- Installing: /home/hello-robot/provail_ws/src/stretch_web_teleop_provail/install/stretch_web_teleop_provail/share/stretch_web_teleop_provail/maps/map.yaml
-- Installing: /home/hello-robot/provail_ws/src/stretch_web_teleop_provail/install/stretch_web_teleop_provail/share/stretch_web_teleop_provail/maps/map.pgm
-- Installing: /home/hello-robot/provail_ws/src/stretch_web_teleop_provail/install/stretch_web_teleop_provail/share/ament_index/resource_index/package_run_dependencies/stretch_web_teleop_provail
-- Installing: /home/hello-robot/provail_ws/src/stretch_web_teleop_provail/install/stretch_web_teleop_provail/share/ament_index/resource_index/parent_prefix_path/stretch_web_teleop_provail
-- Installing: /home/hello-robot/provail_ws/src/stretch_web_teleop_provail/install/stretch_web_teleop_provail/share/stretch_web_teleop_provail/environment/ament_prefix_path.sh
-- Installing: /home/hello-robot/provail_ws/src/stretch_web_teleop_provail/install/stretch_web_teleop_provail/share/stretch_web_teleop_provail/environment/ament_prefix_path.dsv
-- Installing: /home/hello-robot/provail_ws/src/stretch_web_teleop_provail/install/stretch_web_teleop_provail/share/stretch_web_teleop_provail/environment/path.sh
-- Installing: /home/hello-robot/provail_ws/src/stretch_web_teleop_provail/install/stretch_web_teleop_provail/share/stretch_web_teleop_provail/environment/path.dsv
-- Installing: /home/hello-robot/provail_ws/src/stretch_web_teleop_provail/install/stretch_web_teleop_provail/share/stretch_web_teleop_provail/local_setup.bash
-- Installing: /home/hello-robot/provail_ws/src/stretch_web_teleop_provail/install/stretch_web_teleop_provail/share/stretch_web_teleop_provail/local_setup.sh
-- Installing: /home/hello-robot/provail_ws/src/stretch_web_teleop_provail/install/stretch_web_teleop_provail/share/stretch_web_teleop_provail/local_setup.zsh
-- Installing: /home/hello-robot/provail_ws/src/stretch_web_teleop_provail/install/stretch_web_teleop_provail/share/stretch_web_teleop_provail/local_setup.dsv
-- Installing: /home/hello-robot/provail_ws/src/stretch_web_teleop_provail/install/stretch_web_teleop_provail/share/stretch_web_teleop_provail/package.dsv
-- Installing: /home/hello-robot/provail_ws/src/stretch_web_teleop_provail/install/stretch_web_teleop_provail/share/ament_index/resource_index/packages/stretch_web_teleop_provail
-- Installing: /home/hello-robot/provail_ws/src/stretch_web_teleop_provail/install/stretch_web_teleop_provail/share/stretch_web_teleop_provail/cmake/export_stretch_web_teleop_provail__rosidl_generator_cExport.cmake
-- Installing: /home/hello-robot/provail_ws/src/stretch_web_teleop_provail/install/stretch_web_teleop_provail/share/stretch_web_teleop_provail/cmake/export_stretch_web_teleop_provail__rosidl_generator_cExport-noconfig.cmake
-- Installing: /home/hello-robot/provail_ws/src/stretch_web_teleop_provail/install/stretch_web_teleop_provail/share/stretch_web_teleop_provail/cmake/export_stretch_web_teleop_provail__rosidl_typesupport_fastrtps_cExport.cmake
-- Installing: /home/hello-robot/provail_ws/src/stretch_web_teleop_provail/install/stretch_web_teleop_provail/share/stretch_web_teleop_provail/cmake/export_stretch_web_teleop_provail__rosidl_typesupport_fastrtps_cExport-noconfig.cmake
-- Installing: /home/hello-robot/provail_ws/src/stretch_web_teleop_provail/install/stretch_web_teleop_provail/share/stretch_web_teleop_provail/cmake/export_stretch_web_teleop_provail__rosidl_generator_cppExport.cmake
-- Installing: /home/hello-robot/provail_ws/src/stretch_web_teleop_provail/install/stretch_web_teleop_provail/share/stretch_web_teleop_provail/cmake/export_stretch_web_teleop_provail__rosidl_typesupport_fastrtps_cppExport.cmake
-- Installing: /home/hello-robot/provail_ws/src/stretch_web_teleop_provail/install/stretch_web_teleop_provail/share/stretch_web_teleop_provail/cmake/export_stretch_web_teleop_provail__rosidl_typesupport_fastrtps_cppExport-noconfig.cmake
-- Installing: /home/hello-robot/provail_ws/src/stretch_web_teleop_provail/install/stretch_web_teleop_provail/share/stretch_web_teleop_provail/cmake/stretch_web_teleop_provail__rosidl_typesupport_introspection_cExport.cmake
-- Installing: /home/hello-robot/provail_ws/src/stretch_web_teleop_provail/install/stretch_web_teleop_provail/share/stretch_web_teleop_provail/cmake/stretch_web_teleop_provail__rosidl_typesupport_introspection_cExport-noconfig.cmake
-- Installing: /home/hello-robot/provail_ws/src/stretch_web_teleop_provail/install/stretch_web_teleop_provail/share/stretch_web_teleop_provail/cmake/stretch_web_teleop_provail__rosidl_typesupport_cExport.cmake
-- Installing: /home/hello-robot/provail_ws/src/stretch_web_teleop_provail/install/stretch_web_teleop_provail/share/stretch_web_teleop_provail/cmake/stretch_web_teleop_provail__rosidl_typesupport_cExport-noconfig.cmake
-- Installing: /home/hello-robot/provail_ws/src/stretch_web_teleop_provail/install/stretch_web_teleop_provail/share/stretch_web_teleop_provail/cmake/stretch_web_teleop_provail__rosidl_typesupport_introspection_cppExport.cmake
-- Installing: /home/hello-robot/provail_ws/src/stretch_web_teleop_provail/install/stretch_web_teleop_provail/share/stretch_web_teleop_provail/cmake/stretch_web_teleop_provail__rosidl_typesupport_introspection_cppExport-noconfig.cmake
-- Installing: /home/hello-robot/provail_ws/src/stretch_web_teleop_provail/install/stretch_web_teleop_provail/share/stretch_web_teleop_provail/cmake/stretch_web_teleop_provail__rosidl_typesupport_cppExport.cmake
-- Installing: /home/hello-robot/provail_ws/src/stretch_web_teleop_provail/install/stretch_web_teleop_provail/share/stretch_web_teleop_provail/cmake/stretch_web_teleop_provail__rosidl_typesupport_cppExport-noconfig.cmake
-- Installing: /home/hello-robot/provail_ws/src/stretch_web_teleop_provail/install/stretch_web_teleop_provail/share/stretch_web_teleop_provail/cmake/export_stretch_web_teleop_provail__rosidl_generator_pyExport.cmake
-- Installing: /home/hello-robot/provail_ws/src/stretch_web_teleop_provail/install/stretch_web_teleop_provail/share/stretch_web_teleop_provail/cmake/export_stretch_web_teleop_provail__rosidl_generator_pyExport-noconfig.cmake
-- Installing: /home/hello-robot/provail_ws/src/stretch_web_teleop_provail/install/stretch_web_teleop_provail/share/stretch_web_teleop_provail/cmake/rosidl_cmake-extras.cmake
-- Installing: /home/hello-robot/provail_ws/src/stretch_web_teleop_provail/install/stretch_web_teleop_provail/share/stretch_web_teleop_provail/cmake/ament_cmake_export_dependencies-extras.cmake
-- Installing: /home/hello-robot/provail_ws/src/stretch_web_teleop_provail/install/stretch_web_teleop_provail/share/stretch_web_teleop_provail/cmake/ament_cmake_export_include_directories-extras.cmake
-- Installing: /home/hello-robot/provail_ws/src/stretch_web_teleop_provail/install/stretch_web_teleop_provail/share/stretch_web_teleop_provail/cmake/ament_cmake_export_libraries-extras.cmake
-- Installing: /home/hello-robot/provail_ws/src/stretch_web_teleop_provail/install/stretch_web_teleop_provail/share/stretch_web_teleop_provail/cmake/ament_cmake_export_targets-extras.cmake
-- Installing: /home/hello-robot/provail_ws/src/stretch_web_teleop_provail/install/stretch_web_teleop_provail/share/stretch_web_teleop_provail/cmake/rosidl_cmake_export_typesupport_targets-extras.cmake
-- Installing: /home/hello-robot/provail_ws/src/stretch_web_teleop_provail/install/stretch_web_teleop_provail/share/stretch_web_teleop_provail/cmake/rosidl_cmake_export_typesupport_libraries-extras.cmake
-- Installing: /home/hello-robot/provail_ws/src/stretch_web_teleop_provail/install/stretch_web_teleop_provail/share/stretch_web_teleop_provail/cmake/stretch_web_teleop_provailConfig.cmake
-- Installing: /home/hello-robot/provail_ws/src/stretch_web_teleop_provail/install/stretch_web_teleop_provail/share/stretch_web_teleop_provail/cmake/stretch_web_teleop_provailConfig-version.cmake
-- Installing: /home/hello-robot/provail_ws/src/stretch_web_teleop_provail/install/stretch_web_teleop_provail/share/stretch_web_teleop_provail/package.xml
