[0.014s] Invoking command in '/home/hello-robot/provail_ws/src/stretch_web_teleop_provail/build/stretch_web_teleop_provail': CMAKE_PREFIX_PATH=${CMAKE_PREFIX_PATH}:/home/hello-robot/ament_ws/install/tf2_web_republisher_py:/home/hello-robot/ament_ws/install/stretch_simulation:/home/hello-robot/ament_ws/install/stretch_ros_tutorials:/home/hello-robot/ament_ws/install/stretch_funmap:/home/hello-robot/ament_ws/install/stretch_calibration:/home/hello-robot/ament_ws/install/stretch_demos:/home/hello-robot/ament_ws/install/stretch_deep_perception:/home/hello-robot/ament_ws/install/stretch_core:/home/hello-robot/ament_ws/install/respeaker_ros2:/home/hello-robot/ament_ws/install/hello_helpers:/opt/ros/humble /usr/local/bin/cmake /home/hello-robot/provail_ws/src/stretch_web_teleop_provail -DCMAKE_INSTALL_PREFIX=/home/hello-robot/provail_ws/src/stretch_web_teleop_provail/install/stretch_web_teleop_provail
[0.120s] -- The C compiler identification is GNU 11.4.0
[0.188s] -- The CXX compiler identification is GNU 11.4.0
[0.210s] -- Detecting C compiler ABI info
[0.280s] -- Detecting C compiler ABI info - done
[0.292s] -- Check for working C compiler: /usr/bin/cc - skipped
[0.293s] -- Detecting C compile features
[0.293s] -- Detecting C compile features - done
[0.304s] -- Detecting CXX compiler ABI info
[0.390s] -- Detecting CXX compiler ABI info - done
[0.402s] -- Check for working CXX compiler: /usr/bin/c++ - skipped
[0.402s] -- Detecting CXX compile features
[0.403s] -- Detecting CXX compile features - done
[0.409s] -- Found ament_cmake: 1.3.14 (/opt/ros/humble/share/ament_cmake/cmake)
[0.701s] -- Found Python3: /usr/bin/python3 (found version "3.10.12") found components: Interpreter 
[0.876s] -- Found geometry_msgs: 4.9.1 (/opt/ros/humble/share/geometry_msgs/cmake)
[0.958s] -- Found rosidl_generator_c: 3.1.8 (/opt/ros/humble/share/rosidl_generator_c/cmake)
[0.972s] -- Found rosidl_adapter: 3.1.8 (/opt/ros/humble/share/rosidl_adapter/cmake)
[0.990s] -- Found rosidl_generator_cpp: 3.1.8 (/opt/ros/humble/share/rosidl_generator_cpp/cmake)
[1.016s] -- Using all available rosidl_typesupport_c: rosidl_typesupport_fastrtps_c;rosidl_typesupport_introspection_c
[1.050s] -- Using all available rosidl_typesupport_cpp: rosidl_typesupport_fastrtps_cpp;rosidl_typesupport_introspection_cpp
[1.112s] -- Found rosbridge_server: 1.3.2 (/home/hello-robot/ament_ws/install/rosbridge_server/share/rosbridge_server/cmake)
[1.117s] -- Found rosidl_default_generators: 1.2.0 (/opt/ros/humble/share/rosidl_default_generators/cmake)
[2.345s] -- Found ament_cmake_ros: 0.10.0 (/opt/ros/humble/share/ament_cmake_ros/cmake)
[4.084s] -- Using all available rosidl_typesupport_c: rosidl_typesupport_fastrtps_c;rosidl_typesupport_introspection_c
[4.957s] -- Using all available rosidl_typesupport_cpp: rosidl_typesupport_fastrtps_cpp;rosidl_typesupport_introspection_cpp
[4.960s] [33mCMake Warning (dev) at /opt/ros/humble/share/rosidl_generator_py/cmake/rosidl_generator_py_generate_interfaces.cmake:20 (find_package):
[4.960s]   Policy CMP0148 is not set: The FindPythonInterp and FindPythonLibs modules
[4.960s]   are removed.  Run "cmake --help-policy CMP0148" for policy details.  Use
[4.960s]   the cmake_policy command to set the policy and suppress this warning.
[4.960s] 
[4.960s] Call Stack (most recent call first):
[4.961s]   /opt/ros/humble/share/ament_cmake_core/cmake/core/ament_execute_extensions.cmake:48 (include)
[4.961s]   /opt/ros/humble/share/rosidl_cmake/cmake/rosidl_generate_interfaces.cmake:286 (ament_execute_extensions)
[4.961s]   CMakeLists.txt:21 (rosidl_generate_interfaces)
[4.961s] This warning is for project developers.  Use -Wno-dev to suppress it.
[4.961s] [0m
[5.039s] -- Found PythonInterp: /usr/bin/python3 (found suitable version "3.10.12", minimum required is "3.6") 
[5.046s] -- Found python_cmake_module: 0.10.0 (/opt/ros/humble/share/python_cmake_module/cmake)
[5.047s] [33mCMake Warning (dev) at /opt/ros/humble/share/python_cmake_module/cmake/Modules/FindPythonExtra.cmake:52 (find_package):
[5.047s]   Policy CMP0148 is not set: The FindPythonInterp and FindPythonLibs modules
[5.047s]   are removed.  Run "cmake --help-policy CMP0148" for policy details.  Use
[5.048s]   the cmake_policy command to set the policy and suppress this warning.
[5.048s] 
[5.048s] Call Stack (most recent call first):
[5.048s]   /opt/ros/humble/share/rosidl_generator_py/cmake/rosidl_generator_py_generate_interfaces.cmake:23 (find_package)
[5.048s]   /opt/ros/humble/share/ament_cmake_core/cmake/core/ament_execute_extensions.cmake:48 (include)
[5.048s]   /opt/ros/humble/share/rosidl_cmake/cmake/rosidl_generate_interfaces.cmake:286 (ament_execute_extensions)
[5.048s]   CMakeLists.txt:21 (rosidl_generate_interfaces)
[5.048s] This warning is for project developers.  Use -Wno-dev to suppress it.
[5.048s] [0m
[5.128s] [33mCMake Warning (dev) at /opt/ros/humble/share/python_cmake_module/cmake/Modules/FindPythonExtra.cmake:140 (find_package):
[5.128s]   Policy CMP0148 is not set: The FindPythonInterp and FindPythonLibs modules
[5.128s]   are removed.  Run "cmake --help-policy CMP0148" for policy details.  Use
[5.128s]   the cmake_policy command to set the policy and suppress this warning.
[5.128s] 
[5.129s] Call Stack (most recent call first):
[5.129s]   /opt/ros/humble/share/rosidl_generator_py/cmake/rosidl_generator_py_generate_interfaces.cmake:23 (find_package)
[5.132s]   /opt/ros/humble/share/ament_cmake_core/cmake/core/ament_execute_extensions.cmake:48 (include)
[5.132s]   /opt/ros/humble/share/rosidl_cmake/cmake/rosidl_generate_interfaces.cmake:286 (ament_execute_extensions)
[5.132s]   CMakeLists.txt:21 (rosidl_generate_interfaces)
[5.134s] This warning is for project developers.  Use -Wno-dev to suppress it.
[5.134s] [0m
[5.147s] -- Found PythonLibs: /usr/lib/x86_64-linux-gnu/libpython3.10.so (found suitable version "3.10.12", minimum required is "3.5") 
[5.147s] -- Using PYTHON_EXECUTABLE: /usr/bin/python3
[5.147s] -- Using PYTHON_INCLUDE_DIRS: /usr/include/python3.10
[5.147s] -- Using PYTHON_LIBRARIES: /usr/lib/x86_64-linux-gnu/libpython3.10.so
[5.231s] -- Found PythonExtra: .so  
[5.524s] -- Configuring done (5.5s)
[5.634s] -- Generating done (0.1s)
[5.662s] -- Build files have been written to: /home/hello-robot/provail_ws/src/stretch_web_teleop_provail/build/stretch_web_teleop_provail
[5.691s] Invoked command in '/home/hello-robot/provail_ws/src/stretch_web_teleop_provail/build/stretch_web_teleop_provail' returned '0': CMAKE_PREFIX_PATH=${CMAKE_PREFIX_PATH}:/home/hello-robot/ament_ws/install/tf2_web_republisher_py:/home/hello-robot/ament_ws/install/stretch_simulation:/home/hello-robot/ament_ws/install/stretch_ros_tutorials:/home/hello-robot/ament_ws/install/stretch_funmap:/home/hello-robot/ament_ws/install/stretch_calibration:/home/hello-robot/ament_ws/install/stretch_demos:/home/hello-robot/ament_ws/install/stretch_deep_perception:/home/hello-robot/ament_ws/install/stretch_core:/home/hello-robot/ament_ws/install/respeaker_ros2:/home/hello-robot/ament_ws/install/hello_helpers:/opt/ros/humble /usr/local/bin/cmake /home/hello-robot/provail_ws/src/stretch_web_teleop_provail -DCMAKE_INSTALL_PREFIX=/home/hello-robot/provail_ws/src/stretch_web_teleop_provail/install/stretch_web_teleop_provail
[5.691s] Invoking command in '/home/hello-robot/provail_ws/src/stretch_web_teleop_provail/build/stretch_web_teleop_provail': CMAKE_PREFIX_PATH=${CMAKE_PREFIX_PATH}:/home/hello-robot/ament_ws/install/tf2_web_republisher_py:/home/hello-robot/ament_ws/install/stretch_simulation:/home/hello-robot/ament_ws/install/stretch_ros_tutorials:/home/hello-robot/ament_ws/install/stretch_funmap:/home/hello-robot/ament_ws/install/stretch_calibration:/home/hello-robot/ament_ws/install/stretch_demos:/home/hello-robot/ament_ws/install/stretch_deep_perception:/home/hello-robot/ament_ws/install/stretch_core:/home/hello-robot/ament_ws/install/respeaker_ros2:/home/hello-robot/ament_ws/install/hello_helpers:/opt/ros/humble /usr/local/bin/cmake --build /home/hello-robot/provail_ws/src/stretch_web_teleop_provail/build/stretch_web_teleop_provail -- -j8 -l8
[5.819s] [  2%] [34m[1mGenerating C code for ROS interfaces[0m
[5.836s] [  5%] [34m[1mGenerating C++ code for ROS interfaces[0m
[5.838s] [  5%] Built target ament_cmake_python_copy_stretch_web_teleop_provail
[5.844s] [  5%] Built target ament_cmake_python_copy_stretch_web_teleop_provail_helpers
[6.845s] /home/hello-robot/.local/lib/python3.10/site-packages/setuptools_scm/_integration/setuptools.py:66: RuntimeWarning: 
[6.845s] ERROR: setuptools==59.6.0 is used in combination with setuptools-scm>=8.x
[6.845s] 
[6.845s] Your build configuration is incomplete and previously worked by accident!
[6.845s] setuptools-scm requires setuptools>=61 (recommended: >=80)
[6.846s] 
[6.846s] Suggested workaround if applicable:
[6.846s]  - migrating from the deprecated setup_requires mechanism to pep517/518
[6.846s]    and using a pyproject.toml to declare build dependencies
[6.846s]    which are reliably pre-installed before running the build tools
[6.846s] 
[6.846s]   warnings.warn(
[6.848s] /home/hello-robot/.local/lib/python3.10/site-packages/setuptools_scm/_integration/setuptools.py:66: RuntimeWarning: 
[6.848s] ERROR: setuptools==59.6.0 is used in combination with setuptools-scm>=8.x
[6.848s] 
[6.848s] Your build configuration is incomplete and previously worked by accident!
[6.848s] setuptools-scm requires setuptools>=61 (recommended: >=80)
[6.849s] 
[6.849s] Suggested workaround if applicable:
[6.849s]  - migrating from the deprecated setup_requires mechanism to pep517/518
[6.849s]    and using a pyproject.toml to declare build dependencies
[6.849s]    which are reliably pre-installed before running the build tools
[6.849s] 
[6.849s]   warnings.warn(
[6.973s] running egg_info
[6.973s] creating stretch_web_teleop_provail_helpers.egg-info
[6.974s] writing stretch_web_teleop_provail_helpers.egg-info/PKG-INFO
[6.975s] writing dependency_links to stretch_web_teleop_provail_helpers.egg-info/dependency_links.txt
[6.976s] writing top-level names to stretch_web_teleop_provail_helpers.egg-info/top_level.txt
[6.977s] running egg_info
[6.978s] writing manifest file 'stretch_web_teleop_provail_helpers.egg-info/SOURCES.txt'
[6.979s] creating stretch_web_teleop_provail.egg-info
[6.979s] writing stretch_web_teleop_provail.egg-info/PKG-INFO
[6.980s] writing dependency_links to stretch_web_teleop_provail.egg-info/dependency_links.txt
[6.980s] writing top-level names to stretch_web_teleop_provail.egg-info/top_level.txt
[6.982s] writing manifest file 'stretch_web_teleop_provail.egg-info/SOURCES.txt'
[7.188s] /home/hello-robot/.local/lib/python3.10/site-packages/vcs_versioning/overrides.py:609: UserWarning: No GlobalOverrides context is active. Auto-creating one with SETUPTOOLS_SCM prefix for backwards compatibility. Consider using 'with GlobalOverrides.from_env("YOUR_TOOL"):' explicitly.
[7.188s]   return get_active_overrides().subprocess_timeout
[7.216s] /home/hello-robot/.local/lib/python3.10/site-packages/vcs_versioning/overrides.py:609: UserWarning: No GlobalOverrides context is active. Auto-creating one with SETUPTOOLS_SCM prefix for backwards compatibility. Consider using 'with GlobalOverrides.from_env("YOUR_TOOL"):' explicitly.
[7.216s]   return get_active_overrides().subprocess_timeout
[7.320s] [  5%] Built target stretch_web_teleop_provail__cpp
[7.333s] [  7%] [34m[1mGenerating C++ type support dispatch for ROS interfaces[0m
[7.336s] [ 10%] [34m[1mGenerating C++ type support for eProsima Fast-RTPS[0m
[7.340s] [ 12%] [34m[1mGenerating C++ introspection for ROS interfaces[0m
[7.355s] [ 15%] [32mBuilding C object CMakeFiles/stretch_web_teleop_provail__rosidl_generator_c.dir/rosidl_generator_c/stretch_web_teleop_provail/action/detail/move_to_pregrasp__functions.c.o[0m
[7.356s] [ 17%] [32mBuilding C object CMakeFiles/stretch_web_teleop_provail__rosidl_generator_c.dir/rosidl_generator_c/stretch_web_teleop_provail/msg/detail/text_to_speech__functions.c.o[0m
[7.939s] [ 20%] [32m[1mLinking C shared library libstretch_web_teleop_provail__rosidl_generator_c.so[0m
[8.020s] [ 20%] Built target stretch_web_teleop_provail__rosidl_generator_c
[8.040s] [ 23%] [34m[1mGenerating C type support for eProsima Fast-RTPS[0m
[8.054s] [ 25%] [34m[1mGenerating C type support dispatch for ROS interfaces[0m
[8.071s] [ 28%] [34m[1mGenerating C introspection for ROS interfaces[0m
[8.523s] reading manifest file 'stretch_web_teleop_provail_helpers.egg-info/SOURCES.txt'
[8.526s] writing manifest file 'stretch_web_teleop_provail_helpers.egg-info/SOURCES.txt'
[8.623s] [ 28%] Built target ament_cmake_python_build_stretch_web_teleop_provail_helpers_egg
[8.708s] reading manifest file 'stretch_web_teleop_provail.egg-info/SOURCES.txt'
[8.709s] writing manifest file 'stretch_web_teleop_provail.egg-info/SOURCES.txt'
[8.781s] [ 28%] Built target ament_cmake_python_build_stretch_web_teleop_provail_egg
[8.801s] [ 30%] [32mBuilding CXX object CMakeFiles/stretch_web_teleop_provail__rosidl_typesupport_cpp.dir/rosidl_typesupport_cpp/stretch_web_teleop_provail/action/move_to_pregrasp__type_support.cpp.o[0m
[8.802s] [ 33%] [32mBuilding CXX object CMakeFiles/stretch_web_teleop_provail__rosidl_typesupport_cpp.dir/rosidl_typesupport_cpp/stretch_web_teleop_provail/msg/text_to_speech__type_support.cpp.o[0m
[9.087s] [ 35%] [32mBuilding CXX object CMakeFiles/stretch_web_teleop_provail__rosidl_typesupport_introspection_cpp.dir/rosidl_typesupport_introspection_cpp/stretch_web_teleop_provail/action/detail/move_to_pregrasp__type_support.cpp.o[0m
[9.097s] [ 38%] [32mBuilding CXX object CMakeFiles/stretch_web_teleop_provail__rosidl_typesupport_introspection_cpp.dir/rosidl_typesupport_introspection_cpp/stretch_web_teleop_provail/msg/detail/text_to_speech__type_support.cpp.o[0m
[9.250s] [ 41%] [32mBuilding CXX object CMakeFiles/stretch_web_teleop_provail__rosidl_typesupport_fastrtps_cpp.dir/rosidl_typesupport_fastrtps_cpp/stretch_web_teleop_provail/action/detail/dds_fastrtps/move_to_pregrasp__type_support.cpp.o[0m
[9.293s] [ 43%] [32mBuilding CXX object CMakeFiles/stretch_web_teleop_provail__rosidl_typesupport_c.dir/rosidl_typesupport_c/stretch_web_teleop_provail/action/move_to_pregrasp__type_support.cpp.o[0m
[9.489s] [ 46%] [32mBuilding CXX object CMakeFiles/stretch_web_teleop_provail__rosidl_typesupport_c.dir/rosidl_typesupport_c/stretch_web_teleop_provail/msg/text_to_speech__type_support.cpp.o[0m
[9.614s] [ 48%] [32m[1mLinking CXX shared library libstretch_web_teleop_provail__rosidl_typesupport_c.so[0m
[9.758s] [ 48%] Built target stretch_web_teleop_provail__rosidl_typesupport_c
[9.778s] [ 51%] [32mBuilding CXX object CMakeFiles/stretch_web_teleop_provail__rosidl_typesupport_fastrtps_cpp.dir/rosidl_typesupport_fastrtps_cpp/stretch_web_teleop_provail/msg/detail/dds_fastrtps/text_to_speech__type_support.cpp.o[0m
[9.951s] [ 56%] [32mBuilding CXX object CMakeFiles/stretch_web_teleop_provail__rosidl_typesupport_fastrtps_c.dir/rosidl_typesupport_fastrtps_c/stretch_web_teleop_provail/msg/detail/text_to_speech__type_support_c.cpp.o[0m
[9.961s] [ 56%] [32mBuilding CXX object CMakeFiles/stretch_web_teleop_provail__rosidl_typesupport_fastrtps_c.dir/rosidl_typesupport_fastrtps_c/stretch_web_teleop_provail/action/detail/move_to_pregrasp__type_support_c.cpp.o[0m
[9.993s] [ 58%] [32mBuilding C object CMakeFiles/stretch_web_teleop_provail__rosidl_typesupport_introspection_c.dir/rosidl_typesupport_introspection_c/stretch_web_teleop_provail/action/detail/move_to_pregrasp__type_support.c.o[0m
[10.203s] [ 61%] [32mBuilding C object CMakeFiles/stretch_web_teleop_provail__rosidl_typesupport_introspection_c.dir/rosidl_typesupport_introspection_c/stretch_web_teleop_provail/msg/detail/text_to_speech__type_support.c.o[0m
[10.290s] [ 64%] [32m[1mLinking C shared library libstretch_web_teleop_provail__rosidl_typesupport_introspection_c.so[0m
[10.359s] [ 66%] [32m[1mLinking CXX shared library libstretch_web_teleop_provail__rosidl_typesupport_cpp.so[0m
[10.361s] [ 66%] Built target stretch_web_teleop_provail__rosidl_typesupport_introspection_c
[10.447s] [ 66%] Built target stretch_web_teleop_provail__rosidl_typesupport_cpp
[11.014s] [ 69%] [32m[1mLinking CXX shared library libstretch_web_teleop_provail__rosidl_typesupport_fastrtps_c.so[0m
[11.061s] [ 71%] [32m[1mLinking CXX shared library libstretch_web_teleop_provail__rosidl_typesupport_fastrtps_cpp.so[0m
[11.086s] [ 74%] [32m[1mLinking CXX shared library libstretch_web_teleop_provail__rosidl_typesupport_introspection_cpp.so[0m
[11.177s] [ 74%] Built target stretch_web_teleop_provail__rosidl_typesupport_fastrtps_c
[11.191s] [ 74%] Built target stretch_web_teleop_provail__rosidl_typesupport_fastrtps_cpp
[11.215s] [ 74%] Built target stretch_web_teleop_provail__rosidl_typesupport_introspection_cpp
[11.238s] [ 74%] Built target stretch_web_teleop_provail
[11.260s] [ 76%] [34m[1mGenerating Python code for ROS interfaces[0m
[13.257s] [ 76%] Built target stretch_web_teleop_provail__py
[13.270s] [ 82%] [32mBuilding C object CMakeFiles/stretch_web_teleop_provail__rosidl_generator_py.dir/rosidl_generator_py/stretch_web_teleop_provail/action/_move_to_pregrasp_s.c.o[0m
[13.271s] [ 82%] [32mBuilding C object CMakeFiles/stretch_web_teleop_provail__rosidl_generator_py.dir/rosidl_generator_py/stretch_web_teleop_provail/msg/_text_to_speech_s.c.o[0m
[13.498s] [ 84%] [32m[1mLinking C shared library rosidl_generator_py/stretch_web_teleop_provail/libstretch_web_teleop_provail__rosidl_generator_py.so[0m
[13.546s] [ 84%] Built target stretch_web_teleop_provail__rosidl_generator_py
[13.563s] [ 87%] [32mBuilding C object CMakeFiles/stretch_web_teleop_provail__rosidl_typesupport_fastrtps_c__pyext.dir/rosidl_generator_py/stretch_web_teleop_provail/_stretch_web_teleop_provail_s.ep.rosidl_typesupport_fastrtps_c.c.o[0m
[13.564s] [ 89%] [32mBuilding C object CMakeFiles/stretch_web_teleop_provail__rosidl_typesupport_introspection_c__pyext.dir/rosidl_generator_py/stretch_web_teleop_provail/_stretch_web_teleop_provail_s.ep.rosidl_typesupport_introspection_c.c.o[0m
[13.566s] [ 92%] [32mBuilding C object CMakeFiles/stretch_web_teleop_provail__rosidl_typesupport_c__pyext.dir/rosidl_generator_py/stretch_web_teleop_provail/_stretch_web_teleop_provail_s.ep.rosidl_typesupport_c.c.o[0m
[13.786s] [ 94%] [32m[1mLinking C shared library rosidl_generator_py/stretch_web_teleop_provail/stretch_web_teleop_provail_s__rosidl_typesupport_introspection_c.cpython-310-x86_64-linux-gnu.so[0m
[13.786s] [ 97%] [32m[1mLinking C shared library rosidl_generator_py/stretch_web_teleop_provail/stretch_web_teleop_provail_s__rosidl_typesupport_c.cpython-310-x86_64-linux-gnu.so[0m
[13.788s] [100%] [32m[1mLinking C shared library rosidl_generator_py/stretch_web_teleop_provail/stretch_web_teleop_provail_s__rosidl_typesupport_fastrtps_c.cpython-310-x86_64-linux-gnu.so[0m
[13.843s] [100%] Built target stretch_web_teleop_provail__rosidl_typesupport_c__pyext
[13.854s] [100%] Built target stretch_web_teleop_provail__rosidl_typesupport_introspection_c__pyext
[13.855s] [100%] Built target stretch_web_teleop_provail__rosidl_typesupport_fastrtps_c__pyext
[13.869s] Invoked command in '/home/hello-robot/provail_ws/src/stretch_web_teleop_provail/build/stretch_web_teleop_provail' returned '0': CMAKE_PREFIX_PATH=${CMAKE_PREFIX_PATH}:/home/hello-robot/ament_ws/install/tf2_web_republisher_py:/home/hello-robot/ament_ws/install/stretch_simulation:/home/hello-robot/ament_ws/install/stretch_ros_tutorials:/home/hello-robot/ament_ws/install/stretch_funmap:/home/hello-robot/ament_ws/install/stretch_calibration:/home/hello-robot/ament_ws/install/stretch_demos:/home/hello-robot/ament_ws/install/stretch_deep_perception:/home/hello-robot/ament_ws/install/stretch_core:/home/hello-robot/ament_ws/install/respeaker_ros2:/home/hello-robot/ament_ws/install/hello_helpers:/opt/ros/humble /usr/local/bin/cmake --build /home/hello-robot/provail_ws/src/stretch_web_teleop_provail/build/stretch_web_teleop_provail -- -j8 -l8
[13.961s] Invoking command in '/home/hello-robot/provail_ws/src/stretch_web_teleop_provail/build/stretch_web_teleop_provail': CMAKE_PREFIX_PATH=${CMAKE_PREFIX_PATH}:/home/hello-robot/ament_ws/install/tf2_web_republisher_py:/home/hello-robot/ament_ws/install/stretch_simulation:/home/hello-robot/ament_ws/install/stretch_ros_tutorials:/home/hello-robot/ament_ws/install/stretch_funmap:/home/hello-robot/ament_ws/install/stretch_calibration:/home/hello-robot/ament_ws/install/stretch_demos:/home/hello-robot/ament_ws/install/stretch_deep_perception:/home/hello-robot/ament_ws/install/stretch_core:/home/hello-robot/ament_ws/install/respeaker_ros2:/home/hello-robot/ament_ws/install/hello_helpers:/opt/ros/humble /usr/local/bin/cmake --install /home/hello-robot/provail_ws/src/stretch_web_teleop_provail/build/stretch_web_teleop_provail
[14.049s] -- Install configuration: ""
[14.049s] -- Installing: /home/hello-robot/provail_ws/src/stretch_web_teleop_provail/install/stretch_web_teleop_provail/share/ament_index/resource_index/rosidl_interfaces/stretch_web_teleop_provail
[14.049s] -- Installing: /home/hello-robot/provail_ws/src/stretch_web_teleop_provail/install/stretch_web_teleop_provail/include/stretch_web_teleop_provail/stretch_web_teleop_provail
[14.049s] -- Installing: /home/hello-robot/provail_ws/src/stretch_web_teleop_provail/install/stretch_web_teleop_provail/include/stretch_web_teleop_provail/stretch_web_teleop_provail/action
[14.050s] -- Installing: /home/hello-robot/provail_ws/src/stretch_web_teleop_provail/install/stretch_web_teleop_provail/include/stretch_web_teleop_provail/stretch_web_teleop_provail/action/detail
[14.050s] -- Installing: /home/hello-robot/provail_ws/src/stretch_web_teleop_provail/install/stretch_web_teleop_provail/include/stretch_web_teleop_provail/stretch_web_teleop_provail/action/detail/move_to_pregrasp__type_support.h
[14.050s] -- Installing: /home/hello-robot/provail_ws/src/stretch_web_teleop_provail/install/stretch_web_teleop_provail/include/stretch_web_teleop_provail/stretch_web_teleop_provail/action/detail/move_to_pregrasp__struct.h
[14.050s] -- Installing: /home/hello-robot/provail_ws/src/stretch_web_teleop_provail/install/stretch_web_teleop_provail/include/stretch_web_teleop_provail/stretch_web_teleop_provail/action/detail/move_to_pregrasp__functions.h
[14.050s] -- Installing: /home/hello-robot/provail_ws/src/stretch_web_teleop_provail/install/stretch_web_teleop_provail/include/stretch_web_teleop_provail/stretch_web_teleop_provail/action/detail/move_to_pregrasp__functions.c
[14.050s] -- Installing: /home/hello-robot/provail_ws/src/stretch_web_teleop_provail/install/stretch_web_teleop_provail/include/stretch_web_teleop_provail/stretch_web_teleop_provail/action/move_to_pregrasp.h
[14.051s] -- Installing: /home/hello-robot/provail_ws/src/stretch_web_teleop_provail/install/stretch_web_teleop_provail/include/stretch_web_teleop_provail/stretch_web_teleop_provail/msg
[14.051s] -- Installing: /home/hello-robot/provail_ws/src/stretch_web_teleop_provail/install/stretch_web_teleop_provail/include/stretch_web_teleop_provail/stretch_web_teleop_provail/msg/detail
[14.051s] -- Installing: /home/hello-robot/provail_ws/src/stretch_web_teleop_provail/install/stretch_web_teleop_provail/include/stretch_web_teleop_provail/stretch_web_teleop_provail/msg/detail/text_to_speech__struct.h
[14.052s] -- Installing: /home/hello-robot/provail_ws/src/stretch_web_teleop_provail/install/stretch_web_teleop_provail/include/stretch_web_teleop_provail/stretch_web_teleop_provail/msg/detail/text_to_speech__functions.h
[14.052s] -- Installing: /home/hello-robot/provail_ws/src/stretch_web_teleop_provail/install/stretch_web_teleop_provail/include/stretch_web_teleop_provail/stretch_web_teleop_provail/msg/detail/text_to_speech__functions.c
[14.052s] -- Installing: /home/hello-robot/provail_ws/src/stretch_web_teleop_provail/install/stretch_web_teleop_provail/include/stretch_web_teleop_provail/stretch_web_teleop_provail/msg/detail/text_to_speech__type_support.h
[14.052s] -- Installing: /home/hello-robot/provail_ws/src/stretch_web_teleop_provail/install/stretch_web_teleop_provail/include/stretch_web_teleop_provail/stretch_web_teleop_provail/msg/text_to_speech.h
[14.052s] -- Installing: /home/hello-robot/provail_ws/src/stretch_web_teleop_provail/install/stretch_web_teleop_provail/include/stretch_web_teleop_provail/stretch_web_teleop_provail/msg/rosidl_generator_c__visibility_control.h
[14.052s] -- Installing: /home/hello-robot/provail_ws/src/stretch_web_teleop_provail/install/stretch_web_teleop_provail/share/stretch_web_teleop_provail/environment/library_path.sh
[14.052s] -- Installing: /home/hello-robot/provail_ws/src/stretch_web_teleop_provail/install/stretch_web_teleop_provail/share/stretch_web_teleop_provail/environment/library_path.dsv
[14.053s] -- Installing: /home/hello-robot/provail_ws/src/stretch_web_teleop_provail/install/stretch_web_teleop_provail/lib/libstretch_web_teleop_provail__rosidl_generator_c.so
[14.053s] -- Set runtime path of "/home/hello-robot/provail_ws/src/stretch_web_teleop_provail/install/stretch_web_teleop_provail/lib/libstretch_web_teleop_provail__rosidl_generator_c.so" to ""
[14.053s] -- Up-to-date: /home/hello-robot/provail_ws/src/stretch_web_teleop_provail/install/stretch_web_teleop_provail/include/stretch_web_teleop_provail/stretch_web_teleop_provail
[14.054s] -- Up-to-date: /home/hello-robot/provail_ws/src/stretch_web_teleop_provail/install/stretch_web_teleop_provail/include/stretch_web_teleop_provail/stretch_web_teleop_provail/action
[14.054s] -- Up-to-date: /home/hello-robot/provail_ws/src/stretch_web_teleop_provail/install/stretch_web_teleop_provail/include/stretch_web_teleop_provail/stretch_web_teleop_provail/action/detail
[14.054s] -- Installing: /home/hello-robot/provail_ws/src/stretch_web_teleop_provail/install/stretch_web_teleop_provail/include/stretch_web_teleop_provail/stretch_web_teleop_provail/action/detail/move_to_pregrasp__rosidl_typesupport_fastrtps_c.h
[14.054s] -- Up-to-date: /home/hello-robot/provail_ws/src/stretch_web_teleop_provail/install/stretch_web_teleop_provail/include/stretch_web_teleop_provail/stretch_web_teleop_provail/msg
[14.054s] -- Up-to-date: /home/hello-robot/provail_ws/src/stretch_web_teleop_provail/install/stretch_web_teleop_provail/include/stretch_web_teleop_provail/stretch_web_teleop_provail/msg/detail
[14.054s] -- Installing: /home/hello-robot/provail_ws/src/stretch_web_teleop_provail/install/stretch_web_teleop_provail/include/stretch_web_teleop_provail/stretch_web_teleop_provail/msg/detail/text_to_speech__rosidl_typesupport_fastrtps_c.h
[14.054s] -- Installing: /home/hello-robot/provail_ws/src/stretch_web_teleop_provail/install/stretch_web_teleop_provail/include/stretch_web_teleop_provail/stretch_web_teleop_provail/msg/rosidl_typesupport_fastrtps_c__visibility_control.h
[14.054s] -- Installing: /home/hello-robot/provail_ws/src/stretch_web_teleop_provail/install/stretch_web_teleop_provail/lib/libstretch_web_teleop_provail__rosidl_typesupport_fastrtps_c.so
[14.056s] -- Set runtime path of "/home/hello-robot/provail_ws/src/stretch_web_teleop_provail/install/stretch_web_teleop_provail/lib/libstretch_web_teleop_provail__rosidl_typesupport_fastrtps_c.so" to ""
[14.056s] -- Up-to-date: /home/hello-robot/provail_ws/src/stretch_web_teleop_provail/install/stretch_web_teleop_provail/include/stretch_web_teleop_provail/stretch_web_teleop_provail
[14.056s] -- Up-to-date: /home/hello-robot/provail_ws/src/stretch_web_teleop_provail/install/stretch_web_teleop_provail/include/stretch_web_teleop_provail/stretch_web_teleop_provail/action
[14.056s] -- Up-to-date: /home/hello-robot/provail_ws/src/stretch_web_teleop_provail/install/stretch_web_teleop_provail/include/stretch_web_teleop_provail/stretch_web_teleop_provail/action/detail
[14.057s] -- Installing: /home/hello-robot/provail_ws/src/stretch_web_teleop_provail/install/stretch_web_teleop_provail/include/stretch_web_teleop_provail/stretch_web_teleop_provail/action/detail/move_to_pregrasp__type_support.hpp
[14.057s] -- Installing: /home/hello-robot/provail_ws/src/stretch_web_teleop_provail/install/stretch_web_teleop_provail/include/stretch_web_teleop_provail/stretch_web_teleop_provail/action/detail/move_to_pregrasp__traits.hpp
[14.057s] -- Installing: /home/hello-robot/provail_ws/src/stretch_web_teleop_provail/install/stretch_web_teleop_provail/include/stretch_web_teleop_provail/stretch_web_teleop_provail/action/detail/move_to_pregrasp__builder.hpp
[14.057s] -- Installing: /home/hello-robot/provail_ws/src/stretch_web_teleop_provail/install/stretch_web_teleop_provail/include/stretch_web_teleop_provail/stretch_web_teleop_provail/action/detail/move_to_pregrasp__struct.hpp
[14.058s] -- Installing: /home/hello-robot/provail_ws/src/stretch_web_teleop_provail/install/stretch_web_teleop_provail/include/stretch_web_teleop_provail/stretch_web_teleop_provail/action/move_to_pregrasp.hpp
[14.058s] -- Up-to-date: /home/hello-robot/provail_ws/src/stretch_web_teleop_provail/install/stretch_web_teleop_provail/include/stretch_web_teleop_provail/stretch_web_teleop_provail/msg
[14.058s] -- Up-to-date: /home/hello-robot/provail_ws/src/stretch_web_teleop_provail/install/stretch_web_teleop_provail/include/stretch_web_teleop_provail/stretch_web_teleop_provail/msg/detail
[14.058s] -- Installing: /home/hello-robot/provail_ws/src/stretch_web_teleop_provail/install/stretch_web_teleop_provail/include/stretch_web_teleop_provail/stretch_web_teleop_provail/msg/detail/text_to_speech__traits.hpp
[14.058s] -- Installing: /home/hello-robot/provail_ws/src/stretch_web_teleop_provail/install/stretch_web_teleop_provail/include/stretch_web_teleop_provail/stretch_web_teleop_provail/msg/detail/text_to_speech__struct.hpp
[14.058s] -- Installing: /home/hello-robot/provail_ws/src/stretch_web_teleop_provail/install/stretch_web_teleop_provail/include/stretch_web_teleop_provail/stretch_web_teleop_provail/msg/detail/text_to_speech__builder.hpp
[14.058s] -- Installing: /home/hello-robot/provail_ws/src/stretch_web_teleop_provail/install/stretch_web_teleop_provail/include/stretch_web_teleop_provail/stretch_web_teleop_provail/msg/detail/text_to_speech__type_support.hpp
[14.059s] -- Installing: /home/hello-robot/provail_ws/src/stretch_web_teleop_provail/install/stretch_web_teleop_provail/include/stretch_web_teleop_provail/stretch_web_teleop_provail/msg/text_to_speech.hpp
[14.059s] -- Installing: /home/hello-robot/provail_ws/src/stretch_web_teleop_provail/install/stretch_web_teleop_provail/include/stretch_web_teleop_provail/stretch_web_teleop_provail/msg/rosidl_generator_cpp__visibility_control.hpp
[14.059s] -- Up-to-date: /home/hello-robot/provail_ws/src/stretch_web_teleop_provail/install/stretch_web_teleop_provail/include/stretch_web_teleop_provail/stretch_web_teleop_provail
[14.059s] -- Up-to-date: /home/hello-robot/provail_ws/src/stretch_web_teleop_provail/install/stretch_web_teleop_provail/include/stretch_web_teleop_provail/stretch_web_teleop_provail/action
[14.059s] -- Up-to-date: /home/hello-robot/provail_ws/src/stretch_web_teleop_provail/install/stretch_web_teleop_provail/include/stretch_web_teleop_provail/stretch_web_teleop_provail/action/detail
[14.059s] -- Installing: /home/hello-robot/provail_ws/src/stretch_web_teleop_provail/install/stretch_web_teleop_provail/include/stretch_web_teleop_provail/stretch_web_teleop_provail/action/detail/move_to_pregrasp__rosidl_typesupport_fastrtps_cpp.hpp
[14.059s] -- Installing: /home/hello-robot/provail_ws/src/stretch_web_teleop_provail/install/stretch_web_teleop_provail/include/stretch_web_teleop_provail/stretch_web_teleop_provail/action/detail/dds_fastrtps
[14.060s] -- Up-to-date: /home/hello-robot/provail_ws/src/stretch_web_teleop_provail/install/stretch_web_teleop_provail/include/stretch_web_teleop_provail/stretch_web_teleop_provail/msg
[14.060s] -- Up-to-date: /home/hello-robot/provail_ws/src/stretch_web_teleop_provail/install/stretch_web_teleop_provail/include/stretch_web_teleop_provail/stretch_web_teleop_provail/msg/detail
[14.060s] -- Installing: /home/hello-robot/provail_ws/src/stretch_web_teleop_provail/install/stretch_web_teleop_provail/include/stretch_web_teleop_provail/stretch_web_teleop_provail/msg/detail/dds_fastrtps
[14.060s] -- Installing: /home/hello-robot/provail_ws/src/stretch_web_teleop_provail/install/stretch_web_teleop_provail/include/stretch_web_teleop_provail/stretch_web_teleop_provail/msg/detail/text_to_speech__rosidl_typesupport_fastrtps_cpp.hpp
[14.060s] -- Installing: /home/hello-robot/provail_ws/src/stretch_web_teleop_provail/install/stretch_web_teleop_provail/include/stretch_web_teleop_provail/stretch_web_teleop_provail/msg/rosidl_typesupport_fastrtps_cpp__visibility_control.h
[14.060s] -- Installing: /home/hello-robot/provail_ws/src/stretch_web_teleop_provail/install/stretch_web_teleop_provail/lib/libstretch_web_teleop_provail__rosidl_typesupport_fastrtps_cpp.so
[14.061s] -- Set runtime path of "/home/hello-robot/provail_ws/src/stretch_web_teleop_provail/install/stretch_web_teleop_provail/lib/libstretch_web_teleop_provail__rosidl_typesupport_fastrtps_cpp.so" to ""
[14.061s] -- Up-to-date: /home/hello-robot/provail_ws/src/stretch_web_teleop_provail/install/stretch_web_teleop_provail/include/stretch_web_teleop_provail/stretch_web_teleop_provail
[14.061s] -- Up-to-date: /home/hello-robot/provail_ws/src/stretch_web_teleop_provail/install/stretch_web_teleop_provail/include/stretch_web_teleop_provail/stretch_web_teleop_provail/action
[14.061s] -- Up-to-date: /home/hello-robot/provail_ws/src/stretch_web_teleop_provail/install/stretch_web_teleop_provail/include/stretch_web_teleop_provail/stretch_web_teleop_provail/action/detail
[14.061s] -- Installing: /home/hello-robot/provail_ws/src/stretch_web_teleop_provail/install/stretch_web_teleop_provail/include/stretch_web_teleop_provail/stretch_web_teleop_provail/action/detail/move_to_pregrasp__rosidl_typesupport_introspection_c.h
[14.061s] -- Installing: /home/hello-robot/provail_ws/src/stretch_web_teleop_provail/install/stretch_web_teleop_provail/include/stretch_web_teleop_provail/stretch_web_teleop_provail/action/detail/move_to_pregrasp__type_support.c
[14.061s] -- Up-to-date: /home/hello-robot/provail_ws/src/stretch_web_teleop_provail/install/stretch_web_teleop_provail/include/stretch_web_teleop_provail/stretch_web_teleop_provail/msg
[14.061s] -- Up-to-date: /home/hello-robot/provail_ws/src/stretch_web_teleop_provail/install/stretch_web_teleop_provail/include/stretch_web_teleop_provail/stretch_web_teleop_provail/msg/detail
[14.061s] -- Installing: /home/hello-robot/provail_ws/src/stretch_web_teleop_provail/install/stretch_web_teleop_provail/include/stretch_web_teleop_provail/stretch_web_teleop_provail/msg/detail/text_to_speech__type_support.c
[14.061s] -- Installing: /home/hello-robot/provail_ws/src/stretch_web_teleop_provail/install/stretch_web_teleop_provail/include/stretch_web_teleop_provail/stretch_web_teleop_provail/msg/detail/text_to_speech__rosidl_typesupport_introspection_c.h
[14.062s] -- Installing: /home/hello-robot/provail_ws/src/stretch_web_teleop_provail/install/stretch_web_teleop_provail/include/stretch_web_teleop_provail/stretch_web_teleop_provail/msg/rosidl_typesupport_introspection_c__visibility_control.h
[14.062s] -- Installing: /home/hello-robot/provail_ws/src/stretch_web_teleop_provail/install/stretch_web_teleop_provail/lib/libstretch_web_teleop_provail__rosidl_typesupport_introspection_c.so
[14.062s] -- Set runtime path of "/home/hello-robot/provail_ws/src/stretch_web_teleop_provail/install/stretch_web_teleop_provail/lib/libstretch_web_teleop_provail__rosidl_typesupport_introspection_c.so" to ""
[14.062s] -- Installing: /home/hello-robot/provail_ws/src/stretch_web_teleop_provail/install/stretch_web_teleop_provail/lib/libstretch_web_teleop_provail__rosidl_typesupport_c.so
[14.063s] -- Set runtime path of "/home/hello-robot/provail_ws/src/stretch_web_teleop_provail/install/stretch_web_teleop_provail/lib/libstretch_web_teleop_provail__rosidl_typesupport_c.so" to ""
[14.063s] -- Up-to-date: /home/hello-robot/provail_ws/src/stretch_web_teleop_provail/install/stretch_web_teleop_provail/include/stretch_web_teleop_provail/stretch_web_teleop_provail
[14.063s] -- Up-to-date: /home/hello-robot/provail_ws/src/stretch_web_teleop_provail/install/stretch_web_teleop_provail/include/stretch_web_teleop_provail/stretch_web_teleop_provail/action
[14.063s] -- Up-to-date: /home/hello-robot/provail_ws/src/stretch_web_teleop_provail/install/stretch_web_teleop_provail/include/stretch_web_teleop_provail/stretch_web_teleop_provail/action/detail
[14.064s] -- Installing: /home/hello-robot/provail_ws/src/stretch_web_teleop_provail/install/stretch_web_teleop_provail/include/stretch_web_teleop_provail/stretch_web_teleop_provail/action/detail/move_to_pregrasp__type_support.cpp
[14.064s] -- Installing: /home/hello-robot/provail_ws/src/stretch_web_teleop_provail/install/stretch_web_teleop_provail/include/stretch_web_teleop_provail/stretch_web_teleop_provail/action/detail/move_to_pregrasp__rosidl_typesupport_introspection_cpp.hpp
[14.064s] -- Up-to-date: /home/hello-robot/provail_ws/src/stretch_web_teleop_provail/install/stretch_web_teleop_provail/include/stretch_web_teleop_provail/stretch_web_teleop_provail/msg
[14.065s] -- Up-to-date: /home/hello-robot/provail_ws/src/stretch_web_teleop_provail/install/stretch_web_teleop_provail/include/stretch_web_teleop_provail/stretch_web_teleop_provail/msg/detail
[14.065s] -- Installing: /home/hello-robot/provail_ws/src/stretch_web_teleop_provail/install/stretch_web_teleop_provail/include/stretch_web_teleop_provail/stretch_web_teleop_provail/msg/detail/text_to_speech__rosidl_typesupport_introspection_cpp.hpp
[14.065s] -- Installing: /home/hello-robot/provail_ws/src/stretch_web_teleop_provail/install/stretch_web_teleop_provail/include/stretch_web_teleop_provail/stretch_web_teleop_provail/msg/detail/text_to_speech__type_support.cpp
[14.065s] -- Installing: /home/hello-robot/provail_ws/src/stretch_web_teleop_provail/install/stretch_web_teleop_provail/lib/libstretch_web_teleop_provail__rosidl_typesupport_introspection_cpp.so
[14.066s] -- Set runtime path of "/home/hello-robot/provail_ws/src/stretch_web_teleop_provail/install/stretch_web_teleop_provail/lib/libstretch_web_teleop_provail__rosidl_typesupport_introspection_cpp.so" to ""
[14.066s] -- Installing: /home/hello-robot/provail_ws/src/stretch_web_teleop_provail/install/stretch_web_teleop_provail/lib/libstretch_web_teleop_provail__rosidl_typesupport_cpp.so
[14.066s] -- Set runtime path of "/home/hello-robot/provail_ws/src/stretch_web_teleop_provail/install/stretch_web_teleop_provail/lib/libstretch_web_teleop_provail__rosidl_typesupport_cpp.so" to ""
[14.066s] -- Installing: /home/hello-robot/provail_ws/src/stretch_web_teleop_provail/install/stretch_web_teleop_provail/share/stretch_web_teleop_provail/environment/pythonpath.sh
[14.066s] -- Installing: /home/hello-robot/provail_ws/src/stretch_web_teleop_provail/install/stretch_web_teleop_provail/share/stretch_web_teleop_provail/environment/pythonpath.dsv
[14.067s] -- Installing: /home/hello-robot/provail_ws/src/stretch_web_teleop_provail/install/stretch_web_teleop_provail/local/lib/python3.10/dist-packages/stretch_web_teleop_provail-0.1.0-py3.10.egg-info
[14.069s] -- Installing: /home/hello-robot/provail_ws/src/stretch_web_teleop_provail/install/stretch_web_teleop_provail/local/lib/python3.10/dist-packages/stretch_web_teleop_provail-0.1.0-py3.10.egg-info/top_level.txt
[14.069s] -- Installing: /home/hello-robot/provail_ws/src/stretch_web_teleop_provail/install/stretch_web_teleop_provail/local/lib/python3.10/dist-packages/stretch_web_teleop_provail-0.1.0-py3.10.egg-info/PKG-INFO
[14.069s] -- Installing: /home/hello-robot/provail_ws/src/stretch_web_teleop_provail/install/stretch_web_teleop_provail/local/lib/python3.10/dist-packages/stretch_web_teleop_provail-0.1.0-py3.10.egg-info/dependency_links.txt
[14.069s] -- Installing: /home/hello-robot/provail_ws/src/stretch_web_teleop_provail/install/stretch_web_teleop_provail/local/lib/python3.10/dist-packages/stretch_web_teleop_provail-0.1.0-py3.10.egg-info/SOURCES.txt
[14.069s] -- Installing: /home/hello-robot/provail_ws/src/stretch_web_teleop_provail/install/stretch_web_teleop_provail/local/lib/python3.10/dist-packages/stretch_web_teleop_provail
[14.069s] -- Installing: /home/hello-robot/provail_ws/src/stretch_web_teleop_provail/install/stretch_web_teleop_provail/local/lib/python3.10/dist-packages/stretch_web_teleop_provail/stretch_web_teleop_provail_s__rosidl_typesupport_c.cpython-310-x86_64-linux-gnu.so
[14.070s] -- Installing: /home/hello-robot/provail_ws/src/stretch_web_teleop_provail/install/stretch_web_teleop_provail/local/lib/python3.10/dist-packages/stretch_web_teleop_provail/action
[14.070s] -- Installing: /home/hello-robot/provail_ws/src/stretch_web_teleop_provail/install/stretch_web_teleop_provail/local/lib/python3.10/dist-packages/stretch_web_teleop_provail/action/_move_to_pregrasp.py
[14.070s] -- Installing: /home/hello-robot/provail_ws/src/stretch_web_teleop_provail/install/stretch_web_teleop_provail/local/lib/python3.10/dist-packages/stretch_web_teleop_provail/action/__init__.py
[14.070s] -- Installing: /home/hello-robot/provail_ws/src/stretch_web_teleop_provail/install/stretch_web_teleop_provail/local/lib/python3.10/dist-packages/stretch_web_teleop_provail/action/_move_to_pregrasp_s.c
[14.070s] -- Installing: /home/hello-robot/provail_ws/src/stretch_web_teleop_provail/install/stretch_web_teleop_provail/local/lib/python3.10/dist-packages/stretch_web_teleop_provail/stretch_web_teleop_provail_s__rosidl_typesupport_introspection_c.cpython-310-x86_64-linux-gnu.so
[14.070s] -- Installing: /home/hello-robot/provail_ws/src/stretch_web_teleop_provail/install/stretch_web_teleop_provail/local/lib/python3.10/dist-packages/stretch_web_teleop_provail/_stretch_web_teleop_provail_s.ep.rosidl_typesupport_fastrtps_c.c
[14.070s] -- Installing: /home/hello-robot/provail_ws/src/stretch_web_teleop_provail/install/stretch_web_teleop_provail/local/lib/python3.10/dist-packages/stretch_web_teleop_provail/msg
[14.070s] -- Installing: /home/hello-robot/provail_ws/src/stretch_web_teleop_provail/install/stretch_web_teleop_provail/local/lib/python3.10/dist-packages/stretch_web_teleop_provail/msg/__init__.py
[14.070s] -- Installing: /home/hello-robot/provail_ws/src/stretch_web_teleop_provail/install/stretch_web_teleop_provail/local/lib/python3.10/dist-packages/stretch_web_teleop_provail/msg/_text_to_speech.py
[14.071s] -- Installing: /home/hello-robot/provail_ws/src/stretch_web_teleop_provail/install/stretch_web_teleop_provail/local/lib/python3.10/dist-packages/stretch_web_teleop_provail/msg/_text_to_speech_s.c
[14.071s] -- Installing: /home/hello-robot/provail_ws/src/stretch_web_teleop_provail/install/stretch_web_teleop_provail/local/lib/python3.10/dist-packages/stretch_web_teleop_provail/libstretch_web_teleop_provail__rosidl_generator_py.so
[14.071s] -- Installing: /home/hello-robot/provail_ws/src/stretch_web_teleop_provail/install/stretch_web_teleop_provail/local/lib/python3.10/dist-packages/stretch_web_teleop_provail/_stretch_web_teleop_provail_s.ep.rosidl_typesupport_c.c
[14.074s] -- Installing: /home/hello-robot/provail_ws/src/stretch_web_teleop_provail/install/stretch_web_teleop_provail/local/lib/python3.10/dist-packages/stretch_web_teleop_provail/_stretch_web_teleop_provail_s.ep.rosidl_typesupport_introspection_c.c
[14.074s] -- Installing: /home/hello-robot/provail_ws/src/stretch_web_teleop_provail/install/stretch_web_teleop_provail/local/lib/python3.10/dist-packages/stretch_web_teleop_provail/__init__.py
[14.074s] -- Installing: /home/hello-robot/provail_ws/src/stretch_web_teleop_provail/install/stretch_web_teleop_provail/local/lib/python3.10/dist-packages/stretch_web_teleop_provail/stretch_web_teleop_provail_s__rosidl_typesupport_fastrtps_c.cpython-310-x86_64-linux-gnu.so
[14.172s] Listing '/home/hello-robot/provail_ws/src/stretch_web_teleop_provail/install/stretch_web_teleop_provail/local/lib/python3.10/dist-packages/stretch_web_teleop_provail'...
[14.172s] Compiling '/home/hello-robot/provail_ws/src/stretch_web_teleop_provail/install/stretch_web_teleop_provail/local/lib/python3.10/dist-packages/stretch_web_teleop_provail/__init__.py'...
[14.173s] Listing '/home/hello-robot/provail_ws/src/stretch_web_teleop_provail/install/stretch_web_teleop_provail/local/lib/python3.10/dist-packages/stretch_web_teleop_provail/action'...
[14.173s] Compiling '/home/hello-robot/provail_ws/src/stretch_web_teleop_provail/install/stretch_web_teleop_provail/local/lib/python3.10/dist-packages/stretch_web_teleop_provail/action/__init__.py'...
[14.173s] Compiling '/home/hello-robot/provail_ws/src/stretch_web_teleop_provail/install/stretch_web_teleop_provail/local/lib/python3.10/dist-packages/stretch_web_teleop_provail/action/_move_to_pregrasp.py'...
[14.173s] Listing '/home/hello-robot/provail_ws/src/stretch_web_teleop_provail/install/stretch_web_teleop_provail/local/lib/python3.10/dist-packages/stretch_web_teleop_provail/msg'...
[14.173s] Compiling '/home/hello-robot/provail_ws/src/stretch_web_teleop_provail/install/stretch_web_teleop_provail/local/lib/python3.10/dist-packages/stretch_web_teleop_provail/msg/__init__.py'...
[14.173s] Compiling '/home/hello-robot/provail_ws/src/stretch_web_teleop_provail/install/stretch_web_teleop_provail/local/lib/python3.10/dist-packages/stretch_web_teleop_provail/msg/_text_to_speech.py'...
[14.181s] -- Installing: /home/hello-robot/provail_ws/src/stretch_web_teleop_provail/install/stretch_web_teleop_provail/local/lib/python3.10/dist-packages/stretch_web_teleop_provail/stretch_web_teleop_provail_s__rosidl_typesupport_fastrtps_c.cpython-310-x86_64-linux-gnu.so
[14.181s] -- Set runtime path of "/home/hello-robot/provail_ws/src/stretch_web_teleop_provail/install/stretch_web_teleop_provail/local/lib/python3.10/dist-packages/stretch_web_teleop_provail/stretch_web_teleop_provail_s__rosidl_typesupport_fastrtps_c.cpython-310-x86_64-linux-gnu.so" to ""
[14.181s] -- Installing: /home/hello-robot/provail_ws/src/stretch_web_teleop_provail/install/stretch_web_teleop_provail/local/lib/python3.10/dist-packages/stretch_web_teleop_provail/stretch_web_teleop_provail_s__rosidl_typesupport_introspection_c.cpython-310-x86_64-linux-gnu.so
[14.182s] -- Set runtime path of "/home/hello-robot/provail_ws/src/stretch_web_teleop_provail/install/stretch_web_teleop_provail/local/lib/python3.10/dist-packages/stretch_web_teleop_provail/stretch_web_teleop_provail_s__rosidl_typesupport_introspection_c.cpython-310-x86_64-linux-gnu.so" to ""
[14.182s] -- Installing: /home/hello-robot/provail_ws/src/stretch_web_teleop_provail/install/stretch_web_teleop_provail/local/lib/python3.10/dist-packages/stretch_web_teleop_provail/stretch_web_teleop_provail_s__rosidl_typesupport_c.cpython-310-x86_64-linux-gnu.so
[14.183s] -- Set runtime path of "/home/hello-robot/provail_ws/src/stretch_web_teleop_provail/install/stretch_web_teleop_provail/local/lib/python3.10/dist-packages/stretch_web_teleop_provail/stretch_web_teleop_provail_s__rosidl_typesupport_c.cpython-310-x86_64-linux-gnu.so" to ""
[14.184s] -- Installing: /home/hello-robot/provail_ws/src/stretch_web_teleop_provail/install/stretch_web_teleop_provail/lib/libstretch_web_teleop_provail__rosidl_generator_py.so
[14.185s] -- Set runtime path of "/home/hello-robot/provail_ws/src/stretch_web_teleop_provail/install/stretch_web_teleop_provail/lib/libstretch_web_teleop_provail__rosidl_generator_py.so" to ""
[14.185s] -- Installing: /home/hello-robot/provail_ws/src/stretch_web_teleop_provail/install/stretch_web_teleop_provail/share/stretch_web_teleop_provail/action/MoveToPregrasp.idl
[14.185s] -- Installing: /home/hello-robot/provail_ws/src/stretch_web_teleop_provail/install/stretch_web_teleop_provail/share/stretch_web_teleop_provail/msg/TextToSpeech.idl
[14.185s] -- Installing: /home/hello-robot/provail_ws/src/stretch_web_teleop_provail/install/stretch_web_teleop_provail/share/stretch_web_teleop_provail/action/MoveToPregrasp.action
[14.185s] -- Installing: /home/hello-robot/provail_ws/src/stretch_web_teleop_provail/install/stretch_web_teleop_provail/share/stretch_web_teleop_provail/msg/TextToSpeech.msg
[14.185s] -- Installing: /home/hello-robot/provail_ws/src/stretch_web_teleop_provail/install/stretch_web_teleop_provail/local/lib/python3.10/dist-packages/stretch_web_teleop_provail_helpers-0.1.0-py3.10.egg-info
[14.186s] -- Installing: /home/hello-robot/provail_ws/src/stretch_web_teleop_provail/install/stretch_web_teleop_provail/local/lib/python3.10/dist-packages/stretch_web_teleop_provail_helpers-0.1.0-py3.10.egg-info/top_level.txt
[14.186s] -- Installing: /home/hello-robot/provail_ws/src/stretch_web_teleop_provail/install/stretch_web_teleop_provail/local/lib/python3.10/dist-packages/stretch_web_teleop_provail_helpers-0.1.0-py3.10.egg-info/PKG-INFO
[14.186s] -- Installing: /home/hello-robot/provail_ws/src/stretch_web_teleop_provail/install/stretch_web_teleop_provail/local/lib/python3.10/dist-packages/stretch_web_teleop_provail_helpers-0.1.0-py3.10.egg-info/dependency_links.txt
[14.186s] -- Installing: /home/hello-robot/provail_ws/src/stretch_web_teleop_provail/install/stretch_web_teleop_provail/local/lib/python3.10/dist-packages/stretch_web_teleop_provail_helpers-0.1.0-py3.10.egg-info/SOURCES.txt
[14.186s] -- Installing: /home/hello-robot/provail_ws/src/stretch_web_teleop_provail/install/stretch_web_teleop_provail/local/lib/python3.10/dist-packages/stretch_web_teleop_provail_helpers
[14.186s] -- Installing: /home/hello-robot/provail_ws/src/stretch_web_teleop_provail/install/stretch_web_teleop_provail/local/lib/python3.10/dist-packages/stretch_web_teleop_provail_helpers/pinocchio_ik_solver.py
[14.186s] -- Installing: /home/hello-robot/provail_ws/src/stretch_web_teleop_provail/install/stretch_web_teleop_provail/local/lib/python3.10/dist-packages/stretch_web_teleop_provail_helpers/move_to_pregrasp_state.py
[14.186s] -- Installing: /home/hello-robot/provail_ws/src/stretch_web_teleop_provail/install/stretch_web_teleop_provail/local/lib/python3.10/dist-packages/stretch_web_teleop_provail_helpers/__init__.py
[14.186s] -- Installing: /home/hello-robot/provail_ws/src/stretch_web_teleop_provail/install/stretch_web_teleop_provail/local/lib/python3.10/dist-packages/stretch_web_teleop_provail_helpers/text_to_speech_helpers.py
[14.187s] -- Installing: /home/hello-robot/provail_ws/src/stretch_web_teleop_provail/install/stretch_web_teleop_provail/local/lib/python3.10/dist-packages/stretch_web_teleop_provail_helpers/constants.py
[14.187s] -- Installing: /home/hello-robot/provail_ws/src/stretch_web_teleop_provail/install/stretch_web_teleop_provail/local/lib/python3.10/dist-packages/stretch_web_teleop_provail_helpers/stretch_ik_control.py
[14.187s] -- Installing: /home/hello-robot/provail_ws/src/stretch_web_teleop_provail/install/stretch_web_teleop_provail/local/lib/python3.10/dist-packages/stretch_web_teleop_provail_helpers/conversions.py
[14.298s] Listing '/home/hello-robot/provail_ws/src/stretch_web_teleop_provail/install/stretch_web_teleop_provail/local/lib/python3.10/dist-packages/stretch_web_teleop_provail_helpers'...
[14.298s] Compiling '/home/hello-robot/provail_ws/src/stretch_web_teleop_provail/install/stretch_web_teleop_provail/local/lib/python3.10/dist-packages/stretch_web_teleop_provail_helpers/__init__.py'...
[14.298s] Compiling '/home/hello-robot/provail_ws/src/stretch_web_teleop_provail/install/stretch_web_teleop_provail/local/lib/python3.10/dist-packages/stretch_web_teleop_provail_helpers/constants.py'...
[14.298s] Compiling '/home/hello-robot/provail_ws/src/stretch_web_teleop_provail/install/stretch_web_teleop_provail/local/lib/python3.10/dist-packages/stretch_web_teleop_provail_helpers/conversions.py'...
[14.298s] Compiling '/home/hello-robot/provail_ws/src/stretch_web_teleop_provail/install/stretch_web_teleop_provail/local/lib/python3.10/dist-packages/stretch_web_teleop_provail_helpers/move_to_pregrasp_state.py'...
[14.298s] Compiling '/home/hello-robot/provail_ws/src/stretch_web_teleop_provail/install/stretch_web_teleop_provail/local/lib/python3.10/dist-packages/stretch_web_teleop_provail_helpers/pinocchio_ik_solver.py'...
[14.299s] Compiling '/home/hello-robot/provail_ws/src/stretch_web_teleop_provail/install/stretch_web_teleop_provail/local/lib/python3.10/dist-packages/stretch_web_teleop_provail_helpers/stretch_ik_control.py'...
[14.299s] Compiling '/home/hello-robot/provail_ws/src/stretch_web_teleop_provail/install/stretch_web_teleop_provail/local/lib/python3.10/dist-packages/stretch_web_teleop_provail_helpers/text_to_speech_helpers.py'...
[14.306s] -- Installing: /home/hello-robot/provail_ws/src/stretch_web_teleop_provail/install/stretch_web_teleop_provail/lib/stretch_web_teleop_provail/compressed_image_visualizer.py
[14.306s] -- Installing: /home/hello-robot/provail_ws/src/stretch_web_teleop_provail/install/stretch_web_teleop_provail/lib/stretch_web_teleop_provail/configure_video_streams.py
[14.306s] -- Installing: /home/hello-robot/provail_ws/src/stretch_web_teleop_provail/install/stretch_web_teleop_provail/lib/stretch_web_teleop_provail/move_to_pregrasp.py
[14.307s] -- Installing: /home/hello-robot/provail_ws/src/stretch_web_teleop_provail/install/stretch_web_teleop_provail/lib/stretch_web_teleop_provail/navigation_camera.py
[14.307s] -- Installing: /home/hello-robot/provail_ws/src/stretch_web_teleop_provail/install/stretch_web_teleop_provail/lib/stretch_web_teleop_provail/text_to_speech.py
[14.307s] -- Installing: /home/hello-robot/provail_ws/src/stretch_web_teleop_provail/install/stretch_web_teleop_provail/lib/stretch_web_teleop_provail/text_to_speech_ui.py
[14.308s] -- Installing: /home/hello-robot/provail_ws/src/stretch_web_teleop_provail/install/stretch_web_teleop_provail/share/stretch_web_teleop_provail/launch
[14.308s] -- Installing: /home/hello-robot/provail_ws/src/stretch_web_teleop_provail/install/stretch_web_teleop_provail/share/stretch_web_teleop_provail/launch/multi_camera.launch.py
[14.309s] -- Installing: /home/hello-robot/provail_ws/src/stretch_web_teleop_provail/install/stretch_web_teleop_provail/share/stretch_web_teleop_provail/launch/gripper_camera.launch.py
[14.309s] -- Installing: /home/hello-robot/provail_ws/src/stretch_web_teleop_provail/install/stretch_web_teleop_provail/share/stretch_web_teleop_provail/launch/__pycache__
[14.309s] -- Installing: /home/hello-robot/provail_ws/src/stretch_web_teleop_provail/install/stretch_web_teleop_provail/share/stretch_web_teleop_provail/launch/__pycache__/web_interface.launch.cpython-310.pyc
[14.310s] -- Installing: /home/hello-robot/provail_ws/src/stretch_web_teleop_provail/install/stretch_web_teleop_provail/share/stretch_web_teleop_provail/launch/web_interface.launch.py
[14.310s] -- Installing: /home/hello-robot/provail_ws/src/stretch_web_teleop_provail/install/stretch_web_teleop_provail/share/stretch_web_teleop_provail/launch/navigation_camera.launch.py
[14.310s] -- Installing: /home/hello-robot/provail_ws/src/stretch_web_teleop_provail/install/stretch_web_teleop_provail/share/stretch_web_teleop_provail/certificates
[14.312s] -- Installing: /home/hello-robot/provail_ws/src/stretch_web_teleop_provail/install/stretch_web_teleop_provail/share/stretch_web_teleop_provail/certificates/stretch-re2-2049+6-key.pem
[14.312s] -- Installing: /home/hello-robot/provail_ws/src/stretch_web_teleop_provail/install/stretch_web_teleop_provail/share/stretch_web_teleop_provail/certificates/stretch-re2-2049+6.pem
[14.312s] -- Installing: /home/hello-robot/provail_ws/src/stretch_web_teleop_provail/install/stretch_web_teleop_provail/share/stretch_web_teleop_provail/certificates/rootCA-key.pem
[14.312s] -- Installing: /home/hello-robot/provail_ws/src/stretch_web_teleop_provail/install/stretch_web_teleop_provail/share/stretch_web_teleop_provail/certificates/rootCA.pem
[14.312s] -- Installing: /home/hello-robot/provail_ws/src/stretch_web_teleop_provail/install/stretch_web_teleop_provail/share/stretch_web_teleop_provail/certificates/.gitkeep
[14.312s] -- Installing: /home/hello-robot/provail_ws/src/stretch_web_teleop_provail/install/stretch_web_teleop_provail/share/stretch_web_teleop_provail/nodes
[14.313s] -- Installing: /home/hello-robot/provail_ws/src/stretch_web_teleop_provail/install/stretch_web_teleop_provail/share/stretch_web_teleop_provail/nodes/old_navigation_camera.py
[14.313s] -- Installing: /home/hello-robot/provail_ws/src/stretch_web_teleop_provail/install/stretch_web_teleop_provail/share/stretch_web_teleop_provail/nodes/move_to_pregrasp.py
[14.313s] -- Installing: /home/hello-robot/provail_ws/src/stretch_web_teleop_provail/install/stretch_web_teleop_provail/share/stretch_web_teleop_provail/nodes/gripper_camera.py
[14.313s] -- Installing: /home/hello-robot/provail_ws/src/stretch_web_teleop_provail/install/stretch_web_teleop_provail/share/stretch_web_teleop_provail/nodes/configure_video_streams.py
[14.313s] -- Installing: /home/hello-robot/provail_ws/src/stretch_web_teleop_provail/install/stretch_web_teleop_provail/share/stretch_web_teleop_provail/nodes/__pycache__
[14.313s] -- Installing: /home/hello-robot/provail_ws/src/stretch_web_teleop_provail/install/stretch_web_teleop_provail/share/stretch_web_teleop_provail/nodes/__pycache__/text_to_speech.cpython-310.pyc
[14.314s] -- Installing: /home/hello-robot/provail_ws/src/stretch_web_teleop_provail/install/stretch_web_teleop_provail/share/stretch_web_teleop_provail/nodes/__pycache__/move_to_pregrasp.cpython-310.pyc
[14.314s] -- Installing: /home/hello-robot/provail_ws/src/stretch_web_teleop_provail/install/stretch_web_teleop_provail/share/stretch_web_teleop_provail/nodes/__pycache__/configure_video_streams.cpython-310.pyc
[14.314s] -- Installing: /home/hello-robot/provail_ws/src/stretch_web_teleop_provail/install/stretch_web_teleop_provail/share/stretch_web_teleop_provail/nodes/__pycache__/text_to_speech_ui.cpython-310.pyc
[14.314s] -- Installing: /home/hello-robot/provail_ws/src/stretch_web_teleop_provail/install/stretch_web_teleop_provail/share/stretch_web_teleop_provail/nodes/navigation_camera.py
[14.314s] -- Installing: /home/hello-robot/provail_ws/src/stretch_web_teleop_provail/install/stretch_web_teleop_provail/share/stretch_web_teleop_provail/nodes/text_to_speech.py
[14.314s] -- Installing: /home/hello-robot/provail_ws/src/stretch_web_teleop_provail/install/stretch_web_teleop_provail/share/stretch_web_teleop_provail/nodes/compressed_image_visualizer.py
[14.315s] -- Installing: /home/hello-robot/provail_ws/src/stretch_web_teleop_provail/install/stretch_web_teleop_provail/share/stretch_web_teleop_provail/nodes/blank_image.png
[14.315s] -- Installing: /home/hello-robot/provail_ws/src/stretch_web_teleop_provail/install/stretch_web_teleop_provail/share/stretch_web_teleop_provail/nodes/text_to_speech_ui.py
[14.315s] -- Installing: /home/hello-robot/provail_ws/src/stretch_web_teleop_provail/install/stretch_web_teleop_provail/share/stretch_web_teleop_provail/config
[14.315s] -- Installing: /home/hello-robot/provail_ws/src/stretch_web_teleop_provail/install/stretch_web_teleop_provail/share/stretch_web_teleop_provail/config/configure_video_streams_params.yaml
[14.315s] -- Installing: /home/hello-robot/provail_ws/src/stretch_web_teleop_provail/install/stretch_web_teleop_provail/share/stretch_web_teleop_provail/config/text_to_speech_ui_history.txt
[14.315s] -- Installing: /home/hello-robot/provail_ws/src/stretch_web_teleop_provail/install/stretch_web_teleop_provail/share/stretch_web_teleop_provail/maps
[14.315s] -- Installing: /home/hello-robot/provail_ws/src/stretch_web_teleop_provail/install/stretch_web_teleop_provail/share/stretch_web_teleop_provail/maps/map.yaml
[14.316s] -- Installing: /home/hello-robot/provail_ws/src/stretch_web_teleop_provail/install/stretch_web_teleop_provail/share/stretch_web_teleop_provail/maps/map.pgm
[14.316s] -- Installing: /home/hello-robot/provail_ws/src/stretch_web_teleop_provail/install/stretch_web_teleop_provail/share/ament_index/resource_index/package_run_dependencies/stretch_web_teleop_provail
[14.316s] -- Installing: /home/hello-robot/provail_ws/src/stretch_web_teleop_provail/install/stretch_web_teleop_provail/share/ament_index/resource_index/parent_prefix_path/stretch_web_teleop_provail
[14.316s] -- Installing: /home/hello-robot/provail_ws/src/stretch_web_teleop_provail/install/stretch_web_teleop_provail/share/stretch_web_teleop_provail/environment/ament_prefix_path.sh
[14.316s] -- Installing: /home/hello-robot/provail_ws/src/stretch_web_teleop_provail/install/stretch_web_teleop_provail/share/stretch_web_teleop_provail/environment/ament_prefix_path.dsv
[14.316s] -- Installing: /home/hello-robot/provail_ws/src/stretch_web_teleop_provail/install/stretch_web_teleop_provail/share/stretch_web_teleop_provail/environment/path.sh
[14.316s] -- Installing: /home/hello-robot/provail_ws/src/stretch_web_teleop_provail/install/stretch_web_teleop_provail/share/stretch_web_teleop_provail/environment/path.dsv
[14.317s] -- Installing: /home/hello-robot/provail_ws/src/stretch_web_teleop_provail/install/stretch_web_teleop_provail/share/stretch_web_teleop_provail/local_setup.bash
[14.317s] -- Installing: /home/hello-robot/provail_ws/src/stretch_web_teleop_provail/install/stretch_web_teleop_provail/share/stretch_web_teleop_provail/local_setup.sh
[14.317s] -- Installing: /home/hello-robot/provail_ws/src/stretch_web_teleop_provail/install/stretch_web_teleop_provail/share/stretch_web_teleop_provail/local_setup.zsh
[14.317s] -- Installing: /home/hello-robot/provail_ws/src/stretch_web_teleop_provail/install/stretch_web_teleop_provail/share/stretch_web_teleop_provail/local_setup.dsv
[14.317s] -- Installing: /home/hello-robot/provail_ws/src/stretch_web_teleop_provail/install/stretch_web_teleop_provail/share/stretch_web_teleop_provail/package.dsv
[14.317s] -- Installing: /home/hello-robot/provail_ws/src/stretch_web_teleop_provail/install/stretch_web_teleop_provail/share/ament_index/resource_index/packages/stretch_web_teleop_provail
[14.317s] -- Installing: /home/hello-robot/provail_ws/src/stretch_web_teleop_provail/install/stretch_web_teleop_provail/share/stretch_web_teleop_provail/cmake/export_stretch_web_teleop_provail__rosidl_generator_cExport.cmake
[14.318s] -- Installing: /home/hello-robot/provail_ws/src/stretch_web_teleop_provail/install/stretch_web_teleop_provail/share/stretch_web_teleop_provail/cmake/export_stretch_web_teleop_provail__rosidl_generator_cExport-noconfig.cmake
[14.318s] -- Installing: /home/hello-robot/provail_ws/src/stretch_web_teleop_provail/install/stretch_web_teleop_provail/share/stretch_web_teleop_provail/cmake/export_stretch_web_teleop_provail__rosidl_typesupport_fastrtps_cExport.cmake
[14.318s] -- Installing: /home/hello-robot/provail_ws/src/stretch_web_teleop_provail/install/stretch_web_teleop_provail/share/stretch_web_teleop_provail/cmake/export_stretch_web_teleop_provail__rosidl_typesupport_fastrtps_cExport-noconfig.cmake
[14.318s] -- Installing: /home/hello-robot/provail_ws/src/stretch_web_teleop_provail/install/stretch_web_teleop_provail/share/stretch_web_teleop_provail/cmake/export_stretch_web_teleop_provail__rosidl_generator_cppExport.cmake
[14.318s] -- Installing: /home/hello-robot/provail_ws/src/stretch_web_teleop_provail/install/stretch_web_teleop_provail/share/stretch_web_teleop_provail/cmake/export_stretch_web_teleop_provail__rosidl_typesupport_fastrtps_cppExport.cmake
[14.318s] -- Installing: /home/hello-robot/provail_ws/src/stretch_web_teleop_provail/install/stretch_web_teleop_provail/share/stretch_web_teleop_provail/cmake/export_stretch_web_teleop_provail__rosidl_typesupport_fastrtps_cppExport-noconfig.cmake
[14.318s] -- Installing: /home/hello-robot/provail_ws/src/stretch_web_teleop_provail/install/stretch_web_teleop_provail/share/stretch_web_teleop_provail/cmake/stretch_web_teleop_provail__rosidl_typesupport_introspection_cExport.cmake
[14.320s] -- Installing: /home/hello-robot/provail_ws/src/stretch_web_teleop_provail/install/stretch_web_teleop_provail/share/stretch_web_teleop_provail/cmake/stretch_web_teleop_provail__rosidl_typesupport_introspection_cExport-noconfig.cmake
[14.320s] -- Installing: /home/hello-robot/provail_ws/src/stretch_web_teleop_provail/install/stretch_web_teleop_provail/share/stretch_web_teleop_provail/cmake/stretch_web_teleop_provail__rosidl_typesupport_cExport.cmake
[14.320s] -- Installing: /home/hello-robot/provail_ws/src/stretch_web_teleop_provail/install/stretch_web_teleop_provail/share/stretch_web_teleop_provail/cmake/stretch_web_teleop_provail__rosidl_typesupport_cExport-noconfig.cmake
[14.320s] -- Installing: /home/hello-robot/provail_ws/src/stretch_web_teleop_provail/install/stretch_web_teleop_provail/share/stretch_web_teleop_provail/cmake/stretch_web_teleop_provail__rosidl_typesupport_introspection_cppExport.cmake
[14.320s] -- Installing: /home/hello-robot/provail_ws/src/stretch_web_teleop_provail/install/stretch_web_teleop_provail/share/stretch_web_teleop_provail/cmake/stretch_web_teleop_provail__rosidl_typesupport_introspection_cppExport-noconfig.cmake
[14.320s] -- Installing: /home/hello-robot/provail_ws/src/stretch_web_teleop_provail/install/stretch_web_teleop_provail/share/stretch_web_teleop_provail/cmake/stretch_web_teleop_provail__rosidl_typesupport_cppExport.cmake
[14.321s] -- Installing: /home/hello-robot/provail_ws/src/stretch_web_teleop_provail/install/stretch_web_teleop_provail/share/stretch_web_teleop_provail/cmake/stretch_web_teleop_provail__rosidl_typesupport_cppExport-noconfig.cmake
[14.321s] -- Installing: /home/hello-robot/provail_ws/src/stretch_web_teleop_provail/install/stretch_web_teleop_provail/share/stretch_web_teleop_provail/cmake/export_stretch_web_teleop_provail__rosidl_generator_pyExport.cmake
[14.321s] -- Installing: /home/hello-robot/provail_ws/src/stretch_web_teleop_provail/install/stretch_web_teleop_provail/share/stretch_web_teleop_provail/cmake/export_stretch_web_teleop_provail__rosidl_generator_pyExport-noconfig.cmake
[14.321s] -- Installing: /home/hello-robot/provail_ws/src/stretch_web_teleop_provail/install/stretch_web_teleop_provail/share/stretch_web_teleop_provail/cmake/rosidl_cmake-extras.cmake
[14.321s] -- Installing: /home/hello-robot/provail_ws/src/stretch_web_teleop_provail/install/stretch_web_teleop_provail/share/stretch_web_teleop_provail/cmake/ament_cmake_export_dependencies-extras.cmake
[14.321s] -- Installing: /home/hello-robot/provail_ws/src/stretch_web_teleop_provail/install/stretch_web_teleop_provail/share/stretch_web_teleop_provail/cmake/ament_cmake_export_include_directories-extras.cmake
[14.321s] -- Installing: /home/hello-robot/provail_ws/src/stretch_web_teleop_provail/install/stretch_web_teleop_provail/share/stretch_web_teleop_provail/cmake/ament_cmake_export_libraries-extras.cmake
[14.321s] -- Installing: /home/hello-robot/provail_ws/src/stretch_web_teleop_provail/install/stretch_web_teleop_provail/share/stretch_web_teleop_provail/cmake/ament_cmake_export_targets-extras.cmake
[14.322s] -- Installing: /home/hello-robot/provail_ws/src/stretch_web_teleop_provail/install/stretch_web_teleop_provail/share/stretch_web_teleop_provail/cmake/rosidl_cmake_export_typesupport_targets-extras.cmake
[14.322s] -- Installing: /home/hello-robot/provail_ws/src/stretch_web_teleop_provail/install/stretch_web_teleop_provail/share/stretch_web_teleop_provail/cmake/rosidl_cmake_export_typesupport_libraries-extras.cmake
[14.322s] -- Installing: /home/hello-robot/provail_ws/src/stretch_web_teleop_provail/install/stretch_web_teleop_provail/share/stretch_web_teleop_provail/cmake/stretch_web_teleop_provailConfig.cmake
[14.322s] -- Installing: /home/hello-robot/provail_ws/src/stretch_web_teleop_provail/install/stretch_web_teleop_provail/share/stretch_web_teleop_provail/cmake/stretch_web_teleop_provailConfig-version.cmake
[14.323s] -- Installing: /home/hello-robot/provail_ws/src/stretch_web_teleop_provail/install/stretch_web_teleop_provail/share/stretch_web_teleop_provail/package.xml
[14.333s] Invoked command in '/home/hello-robot/provail_ws/src/stretch_web_teleop_provail/build/stretch_web_teleop_provail' returned '0': CMAKE_PREFIX_PATH=${CMAKE_PREFIX_PATH}:/home/hello-robot/ament_ws/install/tf2_web_republisher_py:/home/hello-robot/ament_ws/install/stretch_simulation:/home/hello-robot/ament_ws/install/stretch_ros_tutorials:/home/hello-robot/ament_ws/install/stretch_funmap:/home/hello-robot/ament_ws/install/stretch_calibration:/home/hello-robot/ament_ws/install/stretch_demos:/home/hello-robot/ament_ws/install/stretch_deep_perception:/home/hello-robot/ament_ws/install/stretch_core:/home/hello-robot/ament_ws/install/respeaker_ros2:/home/hello-robot/ament_ws/install/hello_helpers:/opt/ros/humble /usr/local/bin/cmake --install /home/hello-robot/provail_ws/src/stretch_web_teleop_provail/build/stretch_web_teleop_provail
