[0.195s] DEBUG:colcon:Command line arguments: ['/usr/bin/colcon', 'build']
[0.195s] DEBUG:colcon:Parsed command line arguments: Namespace(log_base=None, log_level=None, verb_name='build', build_base='build', install_base='install', merge_install=False, symlink_install=False, test_result_base=None, continue_on_error=False, executor='parallel', parallel_workers=8, event_handlers=None, ignore_user_meta=False, metas=['./colcon.meta'], base_paths=['.'], packages_ignore=None, packages_ignore_regex=None, paths=None, packages_up_to=None, packages_up_to_regex=None, packages_above=None, packages_above_and_dependencies=None, packages_above_depth=None, packages_select_by_dep=None, packages_skip_by_dep=None, packages_skip_up_to=None, packages_select_build_failed=False, packages_skip_build_finished=False, packages_select_test_failures=False, packages_skip_test_passed=False, packages_select=None, packages_skip=None, packages_select_regex=None, packages_skip_regex=None, packages_start=None, packages_end=None, allow_overriding=[], cmake_args=None, cmake_target=None, cmake_target_skip_unavailable=False, cmake_clean_cache=False, cmake_clean_first=False, cmake_force_configure=False, ament_cmake_args=None, catkin_cmake_args=None, catkin_skip_building_tests=False, mixin_files=None, mixin=None, verb_parser=<colcon_mixin.mixin.mixin_argument.MixinArgumentDecorator object at 0x752964697cd0>, verb_extension=<colcon_core.verb.build.BuildVerb object at 0x752964697760>, main=<bound method BuildVerb.main of <colcon_core.verb.build.BuildVerb object at 0x752964697760>>, mixin_verb=('build',))
[0.518s] Level 1:colcon.colcon_core.package_discovery:discover_packages(colcon_meta) check parameters
[0.518s] Level 1:colcon.colcon_core.package_discovery:discover_packages(recursive) check parameters
[0.518s] Level 1:colcon.colcon_core.package_discovery:discover_packages(ignore) check parameters
[0.518s] Level 1:colcon.colcon_core.package_discovery:discover_packages(path) check parameters
[0.518s] Level 1:colcon.colcon_core.package_discovery:discover_packages(colcon_meta) discover
[0.518s] Level 1:colcon.colcon_core.package_discovery:discover_packages(recursive) discover
[0.518s] INFO:colcon.colcon_core.package_discovery:Crawling recursively for packages in '/home/hello-robot/provail_ws/src/stretch_web_teleop_provail'
[0.518s] Level 1:colcon.colcon_core.package_identification:_identify(.) by extensions ['ignore', 'ignore_ament_install']
[0.519s] Level 1:colcon.colcon_core.package_identification:_identify(.) by extension 'ignore'
[0.519s] Level 1:colcon.colcon_core.package_identification:_identify(.) by extension 'ignore_ament_install'
[0.519s] Level 1:colcon.colcon_core.package_identification:_identify(.) by extensions ['colcon_pkg']
[0.519s] Level 1:colcon.colcon_core.package_identification:_identify(.) by extension 'colcon_pkg'
[0.519s] Level 1:colcon.colcon_core.package_identification:_identify(.) by extensions ['colcon_meta']
[0.519s] Level 1:colcon.colcon_core.package_identification:_identify(.) by extension 'colcon_meta'
[0.519s] Level 1:colcon.colcon_core.package_identification:_identify(.) by extensions ['ros']
[0.519s] Level 1:colcon.colcon_core.package_identification:_identify(.) by extension 'ros'
[0.533s] DEBUG:colcon.colcon_core.package_identification:Package '.' with type 'ros.ament_cmake' and name 'stretch_web_teleop_provail'
[0.533s] Level 1:colcon.colcon_core.package_discovery:discover_packages(recursive) using defaults
[0.533s] Level 1:colcon.colcon_core.package_discovery:discover_packages(ignore) discover
[0.533s] Level 1:colcon.colcon_core.package_discovery:discover_packages(ignore) using defaults
[0.533s] Level 1:colcon.colcon_core.package_discovery:discover_packages(path) discover
[0.533s] Level 1:colcon.colcon_core.package_discovery:discover_packages(path) using defaults
[0.553s] Level 1:colcon.colcon_core.package_discovery:discover_packages(prefix_path) check parameters
[0.553s] Level 1:colcon.colcon_core.package_discovery:discover_packages(prefix_path) discover
[0.554s] WARNING:colcon.colcon_ros.prefix_path.ament:The path '/home/hello-robot/provail_ws/install/stretch_web_teleop' in the environment variable AMENT_PREFIX_PATH doesn't exist
[0.555s] WARNING:colcon.colcon_ros.prefix_path.catkin:The path '/home/hello-robot/provail_ws/install/stretch_web_teleop' in the environment variable CMAKE_PREFIX_PATH doesn't exist
[0.556s] DEBUG:colcon.colcon_installed_package_information.package_discovery:Found 1 installed packages in /home/hello-robot/provail_ws/install
[0.557s] DEBUG:colcon.colcon_installed_package_information.package_discovery:Found 34 installed packages in /home/hello-robot/ament_ws/install
[0.559s] DEBUG:colcon.colcon_installed_package_information.package_discovery:Found 420 installed packages in /opt/ros/humble
[0.562s] Level 1:colcon.colcon_core.package_discovery:discover_packages(prefix_path) using defaults
[0.614s] Level 5:colcon.colcon_core.verb:set package 'stretch_web_teleop_provail' build argument 'cmake_args' from command line to 'None'
[0.614s] Level 5:colcon.colcon_core.verb:set package 'stretch_web_teleop_provail' build argument 'cmake_target' from command line to 'None'
[0.614s] Level 5:colcon.colcon_core.verb:set package 'stretch_web_teleop_provail' build argument 'cmake_target_skip_unavailable' from command line to 'False'
[0.615s] Level 5:colcon.colcon_core.verb:set package 'stretch_web_teleop_provail' build argument 'cmake_clean_cache' from command line to 'False'
[0.615s] Level 5:colcon.colcon_core.verb:set package 'stretch_web_teleop_provail' build argument 'cmake_clean_first' from command line to 'False'
[0.615s] Level 5:colcon.colcon_core.verb:set package 'stretch_web_teleop_provail' build argument 'cmake_force_configure' from command line to 'False'
[0.615s] Level 5:colcon.colcon_core.verb:set package 'stretch_web_teleop_provail' build argument 'ament_cmake_args' from command line to 'None'
[0.615s] Level 5:colcon.colcon_core.verb:set package 'stretch_web_teleop_provail' build argument 'catkin_cmake_args' from command line to 'None'
[0.615s] Level 5:colcon.colcon_core.verb:set package 'stretch_web_teleop_provail' build argument 'catkin_skip_building_tests' from command line to 'False'
[0.615s] DEBUG:colcon.colcon_core.verb:Building package 'stretch_web_teleop_provail' with the following arguments: {'ament_cmake_args': None, 'build_base': '/home/hello-robot/provail_ws/src/stretch_web_teleop_provail/build/stretch_web_teleop_provail', 'catkin_cmake_args': None, 'catkin_skip_building_tests': False, 'cmake_args': None, 'cmake_clean_cache': False, 'cmake_clean_first': False, 'cmake_force_configure': False, 'cmake_target': None, 'cmake_target_skip_unavailable': False, 'install_base': '/home/hello-robot/provail_ws/src/stretch_web_teleop_provail/install/stretch_web_teleop_provail', 'merge_install': False, 'path': '/home/hello-robot/provail_ws/src/stretch_web_teleop_provail', 'symlink_install': False, 'test_result_base': None}
[0.615s] INFO:colcon.colcon_core.executor:Executing jobs using 'parallel' executor
[0.616s] DEBUG:colcon.colcon_parallel_executor.executor.parallel:run_until_complete
[0.616s] INFO:colcon.colcon_ros.task.ament_cmake.build:Building ROS package in '/home/hello-robot/provail_ws/src/stretch_web_teleop_provail' with build type 'ament_cmake'
[0.616s] INFO:colcon.colcon_cmake.task.cmake.build:Building CMake package in '/home/hello-robot/provail_ws/src/stretch_web_teleop_provail'
[0.619s] INFO:colcon.colcon_core.plugin_system:Skipping extension 'colcon_core.shell.bat': Not used on non-Windows systems
[0.619s] INFO:colcon.colcon_core.shell:Skip shell extension 'powershell' for command environment: Not usable outside of PowerShell
[0.619s] DEBUG:colcon.colcon_core.shell:Skip shell extension 'dsv' for command environment
[0.631s] DEBUG:colcon.colcon_core.event_handler.log_command:Invoking command in '/home/hello-robot/provail_ws/src/stretch_web_teleop_provail/build/stretch_web_teleop_provail': CMAKE_PREFIX_PATH=${CMAKE_PREFIX_PATH}:/home/hello-robot/ament_ws/install/tf2_web_republisher_py:/home/hello-robot/ament_ws/install/stretch_simulation:/home/hello-robot/ament_ws/install/stretch_ros_tutorials:/home/hello-robot/ament_ws/install/stretch_funmap:/home/hello-robot/ament_ws/install/stretch_calibration:/home/hello-robot/ament_ws/install/stretch_demos:/home/hello-robot/ament_ws/install/stretch_deep_perception:/home/hello-robot/ament_ws/install/stretch_core:/home/hello-robot/ament_ws/install/respeaker_ros2:/home/hello-robot/ament_ws/install/hello_helpers:/opt/ros/humble /usr/local/bin/cmake /home/hello-robot/provail_ws/src/stretch_web_teleop_provail -DCMAKE_INSTALL_PREFIX=/home/hello-robot/provail_ws/src/stretch_web_teleop_provail/install/stretch_web_teleop_provail
[6.307s] DEBUG:colcon.colcon_core.event_handler.log_command:Invoked command in '/home/hello-robot/provail_ws/src/stretch_web_teleop_provail/build/stretch_web_teleop_provail' returned '0': CMAKE_PREFIX_PATH=${CMAKE_PREFIX_PATH}:/home/hello-robot/ament_ws/install/tf2_web_republisher_py:/home/hello-robot/ament_ws/install/stretch_simulation:/home/hello-robot/ament_ws/install/stretch_ros_tutorials:/home/hello-robot/ament_ws/install/stretch_funmap:/home/hello-robot/ament_ws/install/stretch_calibration:/home/hello-robot/ament_ws/install/stretch_demos:/home/hello-robot/ament_ws/install/stretch_deep_perception:/home/hello-robot/ament_ws/install/stretch_core:/home/hello-robot/ament_ws/install/respeaker_ros2:/home/hello-robot/ament_ws/install/hello_helpers:/opt/ros/humble /usr/local/bin/cmake /home/hello-robot/provail_ws/src/stretch_web_teleop_provail -DCMAKE_INSTALL_PREFIX=/home/hello-robot/provail_ws/src/stretch_web_teleop_provail/install/stretch_web_teleop_provail
[6.308s] DEBUG:colcon.colcon_core.event_handler.log_command:Invoking command in '/home/hello-robot/provail_ws/src/stretch_web_teleop_provail/build/stretch_web_teleop_provail': CMAKE_PREFIX_PATH=${CMAKE_PREFIX_PATH}:/home/hello-robot/ament_ws/install/tf2_web_republisher_py:/home/hello-robot/ament_ws/install/stretch_simulation:/home/hello-robot/ament_ws/install/stretch_ros_tutorials:/home/hello-robot/ament_ws/install/stretch_funmap:/home/hello-robot/ament_ws/install/stretch_calibration:/home/hello-robot/ament_ws/install/stretch_demos:/home/hello-robot/ament_ws/install/stretch_deep_perception:/home/hello-robot/ament_ws/install/stretch_core:/home/hello-robot/ament_ws/install/respeaker_ros2:/home/hello-robot/ament_ws/install/hello_helpers:/opt/ros/humble /usr/local/bin/cmake --build /home/hello-robot/provail_ws/src/stretch_web_teleop_provail/build/stretch_web_teleop_provail -- -j8 -l8
[14.486s] DEBUG:colcon.colcon_core.event_handler.log_command:Invoked command in '/home/hello-robot/provail_ws/src/stretch_web_teleop_provail/build/stretch_web_teleop_provail' returned '0': CMAKE_PREFIX_PATH=${CMAKE_PREFIX_PATH}:/home/hello-robot/ament_ws/install/tf2_web_republisher_py:/home/hello-robot/ament_ws/install/stretch_simulation:/home/hello-robot/ament_ws/install/stretch_ros_tutorials:/home/hello-robot/ament_ws/install/stretch_funmap:/home/hello-robot/ament_ws/install/stretch_calibration:/home/hello-robot/ament_ws/install/stretch_demos:/home/hello-robot/ament_ws/install/stretch_deep_perception:/home/hello-robot/ament_ws/install/stretch_core:/home/hello-robot/ament_ws/install/respeaker_ros2:/home/hello-robot/ament_ws/install/hello_helpers:/opt/ros/humble /usr/local/bin/cmake --build /home/hello-robot/provail_ws/src/stretch_web_teleop_provail/build/stretch_web_teleop_provail -- -j8 -l8
[14.577s] DEBUG:colcon.colcon_core.event_handler.log_command:Invoking command in '/home/hello-robot/provail_ws/src/stretch_web_teleop_provail/build/stretch_web_teleop_provail': CMAKE_PREFIX_PATH=${CMAKE_PREFIX_PATH}:/home/hello-robot/ament_ws/install/tf2_web_republisher_py:/home/hello-robot/ament_ws/install/stretch_simulation:/home/hello-robot/ament_ws/install/stretch_ros_tutorials:/home/hello-robot/ament_ws/install/stretch_funmap:/home/hello-robot/ament_ws/install/stretch_calibration:/home/hello-robot/ament_ws/install/stretch_demos:/home/hello-robot/ament_ws/install/stretch_deep_perception:/home/hello-robot/ament_ws/install/stretch_core:/home/hello-robot/ament_ws/install/respeaker_ros2:/home/hello-robot/ament_ws/install/hello_helpers:/opt/ros/humble /usr/local/bin/cmake --install /home/hello-robot/provail_ws/src/stretch_web_teleop_provail/build/stretch_web_teleop_provail
[14.949s] Level 1:colcon.colcon_core.environment:create_environment_scripts_only(stretch_web_teleop_provail)
[14.949s] DEBUG:colcon.colcon_core.event_handler.log_command:Invoked command in '/home/hello-robot/provail_ws/src/stretch_web_teleop_provail/build/stretch_web_teleop_provail' returned '0': CMAKE_PREFIX_PATH=${CMAKE_PREFIX_PATH}:/home/hello-robot/ament_ws/install/tf2_web_republisher_py:/home/hello-robot/ament_ws/install/stretch_simulation:/home/hello-robot/ament_ws/install/stretch_ros_tutorials:/home/hello-robot/ament_ws/install/stretch_funmap:/home/hello-robot/ament_ws/install/stretch_calibration:/home/hello-robot/ament_ws/install/stretch_demos:/home/hello-robot/ament_ws/install/stretch_deep_perception:/home/hello-robot/ament_ws/install/stretch_core:/home/hello-robot/ament_ws/install/respeaker_ros2:/home/hello-robot/ament_ws/install/hello_helpers:/opt/ros/humble /usr/local/bin/cmake --install /home/hello-robot/provail_ws/src/stretch_web_teleop_provail/build/stretch_web_teleop_provail
[14.955s] Level 1:colcon.colcon_core.environment:checking '/home/hello-robot/provail_ws/src/stretch_web_teleop_provail/install/stretch_web_teleop_provail' for CMake module files
[14.956s] Level 1:colcon.colcon_core.environment:checking '/home/hello-robot/provail_ws/src/stretch_web_teleop_provail/install/stretch_web_teleop_provail' for CMake config files
[14.957s] Level 1:colcon.colcon_core.shell:create_environment_hook('stretch_web_teleop_provail', 'cmake_prefix_path')
[14.957s] INFO:colcon.colcon_core.shell:Creating environment hook '/home/hello-robot/provail_ws/src/stretch_web_teleop_provail/install/stretch_web_teleop_provail/share/stretch_web_teleop_provail/hook/cmake_prefix_path.ps1'
[14.958s] INFO:colcon.colcon_core.shell:Creating environment descriptor '/home/hello-robot/provail_ws/src/stretch_web_teleop_provail/install/stretch_web_teleop_provail/share/stretch_web_teleop_provail/hook/cmake_prefix_path.dsv'
[14.959s] INFO:colcon.colcon_core.shell:Creating environment hook '/home/hello-robot/provail_ws/src/stretch_web_teleop_provail/install/stretch_web_teleop_provail/share/stretch_web_teleop_provail/hook/cmake_prefix_path.sh'
[14.960s] Level 1:colcon.colcon_core.environment:checking '/home/hello-robot/provail_ws/src/stretch_web_teleop_provail/install/stretch_web_teleop_provail/lib'
[14.960s] Level 1:colcon.colcon_core.shell:create_environment_hook('stretch_web_teleop_provail', 'ld_library_path_lib')
[14.960s] INFO:colcon.colcon_core.shell:Creating environment hook '/home/hello-robot/provail_ws/src/stretch_web_teleop_provail/install/stretch_web_teleop_provail/share/stretch_web_teleop_provail/hook/ld_library_path_lib.ps1'
[14.961s] INFO:colcon.colcon_core.shell:Creating environment descriptor '/home/hello-robot/provail_ws/src/stretch_web_teleop_provail/install/stretch_web_teleop_provail/share/stretch_web_teleop_provail/hook/ld_library_path_lib.dsv'
[14.961s] INFO:colcon.colcon_core.shell:Creating environment hook '/home/hello-robot/provail_ws/src/stretch_web_teleop_provail/install/stretch_web_teleop_provail/share/stretch_web_teleop_provail/hook/ld_library_path_lib.sh'
[14.962s] Level 1:colcon.colcon_core.environment:checking '/home/hello-robot/provail_ws/src/stretch_web_teleop_provail/install/stretch_web_teleop_provail/bin'
[14.962s] Level 1:colcon.colcon_core.environment:checking '/home/hello-robot/provail_ws/src/stretch_web_teleop_provail/install/stretch_web_teleop_provail/lib/pkgconfig/stretch_web_teleop_provail.pc'
[14.962s] Level 1:colcon.colcon_core.environment:checking '/home/hello-robot/provail_ws/src/stretch_web_teleop_provail/install/stretch_web_teleop_provail/lib/python3.10/site-packages'
[14.963s] Level 1:colcon.colcon_core.environment:checking '/home/hello-robot/provail_ws/src/stretch_web_teleop_provail/install/stretch_web_teleop_provail/bin'
[14.963s] INFO:colcon.colcon_core.shell:Creating package script '/home/hello-robot/provail_ws/src/stretch_web_teleop_provail/install/stretch_web_teleop_provail/share/stretch_web_teleop_provail/package.ps1'
[14.965s] INFO:colcon.colcon_core.shell:Creating package descriptor '/home/hello-robot/provail_ws/src/stretch_web_teleop_provail/install/stretch_web_teleop_provail/share/stretch_web_teleop_provail/package.dsv'
[14.966s] INFO:colcon.colcon_core.shell:Creating package script '/home/hello-robot/provail_ws/src/stretch_web_teleop_provail/install/stretch_web_teleop_provail/share/stretch_web_teleop_provail/package.sh'
[14.967s] INFO:colcon.colcon_core.shell:Creating package script '/home/hello-robot/provail_ws/src/stretch_web_teleop_provail/install/stretch_web_teleop_provail/share/stretch_web_teleop_provail/package.bash'
[14.969s] INFO:colcon.colcon_core.shell:Creating package script '/home/hello-robot/provail_ws/src/stretch_web_teleop_provail/install/stretch_web_teleop_provail/share/stretch_web_teleop_provail/package.zsh'
[14.970s] Level 1:colcon.colcon_core.environment:create_file_with_runtime_dependencies(/home/hello-robot/provail_ws/src/stretch_web_teleop_provail/install/stretch_web_teleop_provail/share/colcon-core/packages/stretch_web_teleop_provail)
[14.971s] Level 1:colcon.colcon_core.environment:create_environment_scripts_only(stretch_web_teleop_provail)
[14.971s] Level 1:colcon.colcon_core.environment:checking '/home/hello-robot/provail_ws/src/stretch_web_teleop_provail/install/stretch_web_teleop_provail' for CMake module files
[14.972s] Level 1:colcon.colcon_core.environment:checking '/home/hello-robot/provail_ws/src/stretch_web_teleop_provail/install/stretch_web_teleop_provail' for CMake config files
[14.973s] Level 1:colcon.colcon_core.shell:create_environment_hook('stretch_web_teleop_provail', 'cmake_prefix_path')
[14.974s] INFO:colcon.colcon_core.shell:Creating environment hook '/home/hello-robot/provail_ws/src/stretch_web_teleop_provail/install/stretch_web_teleop_provail/share/stretch_web_teleop_provail/hook/cmake_prefix_path.ps1'
[14.974s] INFO:colcon.colcon_core.shell:Creating environment descriptor '/home/hello-robot/provail_ws/src/stretch_web_teleop_provail/install/stretch_web_teleop_provail/share/stretch_web_teleop_provail/hook/cmake_prefix_path.dsv'
[14.975s] INFO:colcon.colcon_core.shell:Creating environment hook '/home/hello-robot/provail_ws/src/stretch_web_teleop_provail/install/stretch_web_teleop_provail/share/stretch_web_teleop_provail/hook/cmake_prefix_path.sh'
[14.975s] Level 1:colcon.colcon_core.environment:checking '/home/hello-robot/provail_ws/src/stretch_web_teleop_provail/install/stretch_web_teleop_provail/lib'
[14.976s] Level 1:colcon.colcon_core.shell:create_environment_hook('stretch_web_teleop_provail', 'ld_library_path_lib')
[14.976s] INFO:colcon.colcon_core.shell:Creating environment hook '/home/hello-robot/provail_ws/src/stretch_web_teleop_provail/install/stretch_web_teleop_provail/share/stretch_web_teleop_provail/hook/ld_library_path_lib.ps1'
[14.977s] INFO:colcon.colcon_core.shell:Creating environment descriptor '/home/hello-robot/provail_ws/src/stretch_web_teleop_provail/install/stretch_web_teleop_provail/share/stretch_web_teleop_provail/hook/ld_library_path_lib.dsv'
[14.977s] INFO:colcon.colcon_core.shell:Creating environment hook '/home/hello-robot/provail_ws/src/stretch_web_teleop_provail/install/stretch_web_teleop_provail/share/stretch_web_teleop_provail/hook/ld_library_path_lib.sh'
[14.978s] Level 1:colcon.colcon_core.environment:checking '/home/hello-robot/provail_ws/src/stretch_web_teleop_provail/install/stretch_web_teleop_provail/bin'
[14.978s] Level 1:colcon.colcon_core.environment:checking '/home/hello-robot/provail_ws/src/stretch_web_teleop_provail/install/stretch_web_teleop_provail/lib/pkgconfig/stretch_web_teleop_provail.pc'
[14.978s] Level 1:colcon.colcon_core.environment:checking '/home/hello-robot/provail_ws/src/stretch_web_teleop_provail/install/stretch_web_teleop_provail/lib/python3.10/site-packages'
[14.979s] Level 1:colcon.colcon_core.environment:checking '/home/hello-robot/provail_ws/src/stretch_web_teleop_provail/install/stretch_web_teleop_provail/bin'
[14.980s] INFO:colcon.colcon_core.shell:Creating package script '/home/hello-robot/provail_ws/src/stretch_web_teleop_provail/install/stretch_web_teleop_provail/share/stretch_web_teleop_provail/package.ps1'
[14.981s] INFO:colcon.colcon_core.shell:Creating package descriptor '/home/hello-robot/provail_ws/src/stretch_web_teleop_provail/install/stretch_web_teleop_provail/share/stretch_web_teleop_provail/package.dsv'
[14.982s] INFO:colcon.colcon_core.shell:Creating package script '/home/hello-robot/provail_ws/src/stretch_web_teleop_provail/install/stretch_web_teleop_provail/share/stretch_web_teleop_provail/package.sh'
[14.982s] INFO:colcon.colcon_core.shell:Creating package script '/home/hello-robot/provail_ws/src/stretch_web_teleop_provail/install/stretch_web_teleop_provail/share/stretch_web_teleop_provail/package.bash'
[14.983s] INFO:colcon.colcon_core.shell:Creating package script '/home/hello-robot/provail_ws/src/stretch_web_teleop_provail/install/stretch_web_teleop_provail/share/stretch_web_teleop_provail/package.zsh'
[14.984s] Level 1:colcon.colcon_core.environment:create_file_with_runtime_dependencies(/home/hello-robot/provail_ws/src/stretch_web_teleop_provail/install/stretch_web_teleop_provail/share/colcon-core/packages/stretch_web_teleop_provail)
[14.984s] DEBUG:colcon.colcon_parallel_executor.executor.parallel:closing loop
[14.984s] DEBUG:colcon.colcon_parallel_executor.executor.parallel:loop closed
[14.984s] DEBUG:colcon.colcon_parallel_executor.executor.parallel:run_until_complete finished with '0'
[14.984s] DEBUG:colcon.colcon_core.event_reactor:joining thread
[14.985s] DEBUG:colcon.colcon_core.event_reactor:joined thread
[14.985s] INFO:colcon.colcon_core.shell:Creating prefix script '/home/hello-robot/provail_ws/src/stretch_web_teleop_provail/install/local_setup.ps1'
[14.987s] INFO:colcon.colcon_core.shell:Creating prefix util module '/home/hello-robot/provail_ws/src/stretch_web_teleop_provail/install/_local_setup_util_ps1.py'
[14.990s] INFO:colcon.colcon_core.shell:Creating prefix chain script '/home/hello-robot/provail_ws/src/stretch_web_teleop_provail/install/setup.ps1'
[14.993s] INFO:colcon.colcon_core.shell:Creating prefix script '/home/hello-robot/provail_ws/src/stretch_web_teleop_provail/install/local_setup.sh'
[14.995s] INFO:colcon.colcon_core.shell:Creating prefix util module '/home/hello-robot/provail_ws/src/stretch_web_teleop_provail/install/_local_setup_util_sh.py'
[14.995s] INFO:colcon.colcon_core.shell:Creating prefix chain script '/home/hello-robot/provail_ws/src/stretch_web_teleop_provail/install/setup.sh'
[14.999s] INFO:colcon.colcon_core.shell:Creating prefix script '/home/hello-robot/provail_ws/src/stretch_web_teleop_provail/install/local_setup.bash'
[14.999s] INFO:colcon.colcon_core.shell:Creating prefix chain script '/home/hello-robot/provail_ws/src/stretch_web_teleop_provail/install/setup.bash'
[15.002s] INFO:colcon.colcon_core.shell:Creating prefix script '/home/hello-robot/provail_ws/src/stretch_web_teleop_provail/install/local_setup.zsh'
[15.002s] INFO:colcon.colcon_core.shell:Creating prefix chain script '/home/hello-robot/provail_ws/src/stretch_web_teleop_provail/install/setup.zsh'
