[0.298s] DEBUG:colcon:Command line arguments: ['/usr/bin/colcon', 'build']
[0.298s] DEBUG:colcon:Parsed command line arguments: Namespace(log_base=None, log_level=None, verb_name='build', build_base='build', install_base='install', merge_install=False, symlink_install=False, test_result_base=None, continue_on_error=False, executor='parallel', parallel_workers=8, event_handlers=None, ignore_user_meta=False, metas=['./colcon.meta'], base_paths=['.'], packages_ignore=None, packages_ignore_regex=None, paths=None, packages_up_to=None, packages_up_to_regex=None, packages_above=None, packages_above_and_dependencies=None, packages_above_depth=None, packages_select_by_dep=None, packages_skip_by_dep=None, packages_skip_up_to=None, packages_select_build_failed=False, packages_skip_build_finished=False, packages_select_test_failures=False, packages_skip_test_passed=False, packages_select=None, packages_skip=None, packages_select_regex=None, packages_skip_regex=None, packages_start=None, packages_end=None, allow_overriding=[], cmake_args=None, cmake_target=None, cmake_target_skip_unavailable=False, cmake_clean_cache=False, cmake_clean_first=False, cmake_force_configure=False, ament_cmake_args=None, catkin_cmake_args=None, catkin_skip_building_tests=False, mixin_files=None, mixin=None, verb_parser=<colcon_mixin.mixin.mixin_argument.MixinArgumentDecorator object at 0x7b5f4c39fc70>, verb_extension=<colcon_core.verb.build.BuildVerb object at 0x7b5f4c39f700>, main=<bound method BuildVerb.main of <colcon_core.verb.build.BuildVerb object at 0x7b5f4c39f700>>, mixin_verb=('build',))
[0.851s] Level 1:colcon.colcon_core.package_discovery:discover_packages(colcon_meta) check parameters
[0.852s] Level 1:colcon.colcon_core.package_discovery:discover_packages(recursive) check parameters
[0.852s] Level 1:colcon.colcon_core.package_discovery:discover_packages(ignore) check parameters
[0.852s] Level 1:colcon.colcon_core.package_discovery:discover_packages(path) check parameters
[0.852s] Level 1:colcon.colcon_core.package_discovery:discover_packages(colcon_meta) discover
[0.852s] Level 1:colcon.colcon_core.package_discovery:discover_packages(recursive) discover
[0.852s] INFO:colcon.colcon_core.package_discovery:Crawling recursively for packages in '/home/hello-robot/provail_ws/src/stretch_web_teleop_provail'
[0.852s] Level 1:colcon.colcon_core.package_identification:_identify(.) by extensions ['ignore', 'ignore_ament_install']
[0.852s] Level 1:colcon.colcon_core.package_identification:_identify(.) by extension 'ignore'
[0.852s] Level 1:colcon.colcon_core.package_identification:_identify(.) by extension 'ignore_ament_install'
[0.852s] Level 1:colcon.colcon_core.package_identification:_identify(.) by extensions ['colcon_pkg']
[0.853s] Level 1:colcon.colcon_core.package_identification:_identify(.) by extension 'colcon_pkg'
[0.853s] Level 1:colcon.colcon_core.package_identification:_identify(.) by extensions ['colcon_meta']
[0.853s] Level 1:colcon.colcon_core.package_identification:_identify(.) by extension 'colcon_meta'
[0.853s] Level 1:colcon.colcon_core.package_identification:_identify(.) by extensions ['ros']
[0.853s] Level 1:colcon.colcon_core.package_identification:_identify(.) by extension 'ros'
[0.878s] DEBUG:colcon.colcon_core.package_identification:Package '.' with type 'ros.ament_cmake' and name 'stretch_web_teleop_provail'
[0.878s] Level 1:colcon.colcon_core.package_discovery:discover_packages(recursive) using defaults
[0.878s] Level 1:colcon.colcon_core.package_discovery:discover_packages(ignore) discover
[0.878s] Level 1:colcon.colcon_core.package_discovery:discover_packages(ignore) using defaults
[0.878s] Level 1:colcon.colcon_core.package_discovery:discover_packages(path) discover
[0.878s] Level 1:colcon.colcon_core.package_discovery:discover_packages(path) using defaults
[0.912s] Level 1:colcon.colcon_core.package_discovery:discover_packages(prefix_path) check parameters
[0.912s] Level 1:colcon.colcon_core.package_discovery:discover_packages(prefix_path) discover
[0.916s] DEBUG:colcon.colcon_installed_package_information.package_discovery:Found 1 installed packages in /home/hello-robot/provail_ws/install
[0.917s] DEBUG:colcon.colcon_installed_package_information.package_discovery:Found 34 installed packages in /home/hello-robot/ament_ws/install
[0.919s] DEBUG:colcon.colcon_installed_package_information.package_discovery:Found 420 installed packages in /opt/ros/humble
[0.925s] Level 1:colcon.colcon_core.package_discovery:discover_packages(prefix_path) using defaults
[1.025s] Level 5:colcon.colcon_core.verb:set package 'stretch_web_teleop_provail' build argument 'cmake_args' from command line to 'None'
[1.025s] Level 5:colcon.colcon_core.verb:set package 'stretch_web_teleop_provail' build argument 'cmake_target' from command line to 'None'
[1.025s] Level 5:colcon.colcon_core.verb:set package 'stretch_web_teleop_provail' build argument 'cmake_target_skip_unavailable' from command line to 'False'
[1.025s] Level 5:colcon.colcon_core.verb:set package 'stretch_web_teleop_provail' build argument 'cmake_clean_cache' from command line to 'False'
[1.025s] Level 5:colcon.colcon_core.verb:set package 'stretch_web_teleop_provail' build argument 'cmake_clean_first' from command line to 'False'
[1.025s] Level 5:colcon.colcon_core.verb:set package 'stretch_web_teleop_provail' build argument 'cmake_force_configure' from command line to 'False'
[1.025s] Level 5:colcon.colcon_core.verb:set package 'stretch_web_teleop_provail' build argument 'ament_cmake_args' from command line to 'None'
[1.025s] Level 5:colcon.colcon_core.verb:set package 'stretch_web_teleop_provail' build argument 'catkin_cmake_args' from command line to 'None'
[1.025s] Level 5:colcon.colcon_core.verb:set package 'stretch_web_teleop_provail' build argument 'catkin_skip_building_tests' from command line to 'False'
[1.025s] DEBUG:colcon.colcon_core.verb:Building package 'stretch_web_teleop_provail' with the following arguments: {'ament_cmake_args': None, 'build_base': '/home/hello-robot/provail_ws/src/stretch_web_teleop_provail/build/stretch_web_teleop_provail', 'catkin_cmake_args': None, 'catkin_skip_building_tests': False, 'cmake_args': None, 'cmake_clean_cache': False, 'cmake_clean_first': False, 'cmake_force_configure': False, 'cmake_target': None, 'cmake_target_skip_unavailable': False, 'install_base': '/home/hello-robot/provail_ws/src/stretch_web_teleop_provail/install/stretch_web_teleop_provail', 'merge_install': False, 'path': '/home/hello-robot/provail_ws/src/stretch_web_teleop_provail', 'symlink_install': False, 'test_result_base': None}
[1.026s] INFO:colcon.colcon_core.executor:Executing jobs using 'parallel' executor
[1.028s] DEBUG:colcon.colcon_parallel_executor.executor.parallel:run_until_complete
[1.028s] INFO:colcon.colcon_ros.task.ament_cmake.build:Building ROS package in '/home/hello-robot/provail_ws/src/stretch_web_teleop_provail' with build type 'ament_cmake'
[1.028s] INFO:colcon.colcon_cmake.task.cmake.build:Building CMake package in '/home/hello-robot/provail_ws/src/stretch_web_teleop_provail'
[1.034s] INFO:colcon.colcon_core.plugin_system:Skipping extension 'colcon_core.shell.bat': Not used on non-Windows systems
[1.035s] INFO:colcon.colcon_core.shell:Skip shell extension 'powershell' for command environment: Not usable outside of PowerShell
[1.035s] DEBUG:colcon.colcon_core.shell:Skip shell extension 'dsv' for command environment
[1.055s] DEBUG:colcon.colcon_core.event_handler.log_command:Invoking command in '/home/hello-robot/provail_ws/src/stretch_web_teleop_provail/build/stretch_web_teleop_provail': CMAKE_PREFIX_PATH=${CMAKE_PREFIX_PATH}:/home/hello-robot/ament_ws/install/tf2_web_republisher_py:/home/hello-robot/ament_ws/install/stretch_simulation:/home/hello-robot/ament_ws/install/stretch_ros_tutorials:/home/hello-robot/ament_ws/install/stretch_funmap:/home/hello-robot/ament_ws/install/stretch_calibration:/home/hello-robot/ament_ws/install/stretch_demos:/home/hello-robot/ament_ws/install/stretch_deep_perception:/home/hello-robot/ament_ws/install/stretch_core:/home/hello-robot/ament_ws/install/respeaker_ros2:/home/hello-robot/ament_ws/install/hello_helpers:/opt/ros/humble /usr/local/bin/cmake --build /home/hello-robot/provail_ws/src/stretch_web_teleop_provail/build/stretch_web_teleop_provail -- -j8 -l8
[1.630s] DEBUG:colcon.colcon_parallel_executor.executor.parallel:run_until_complete was interrupted
[1.631s] DEBUG:colcon.colcon_parallel_executor.executor.parallel:run_until_complete again
[1.706s] DEBUG:colcon.colcon_core.event_handler.log_command:Invoked command in '/home/hello-robot/provail_ws/src/stretch_web_teleop_provail/build/stretch_web_teleop_provail' returned '-2': CMAKE_PREFIX_PATH=${CMAKE_PREFIX_PATH}:/home/hello-robot/ament_ws/install/tf2_web_republisher_py:/home/hello-robot/ament_ws/install/stretch_simulation:/home/hello-robot/ament_ws/install/stretch_ros_tutorials:/home/hello-robot/ament_ws/install/stretch_funmap:/home/hello-robot/ament_ws/install/stretch_calibration:/home/hello-robot/ament_ws/install/stretch_demos:/home/hello-robot/ament_ws/install/stretch_deep_perception:/home/hello-robot/ament_ws/install/stretch_core:/home/hello-robot/ament_ws/install/respeaker_ros2:/home/hello-robot/ament_ws/install/hello_helpers:/opt/ros/humble /usr/local/bin/cmake --build /home/hello-robot/provail_ws/src/stretch_web_teleop_provail/build/stretch_web_teleop_provail -- -j8 -l8
[1.707s] Level 1:colcon.colcon_core.environment:create_environment_scripts_only(stretch_web_teleop_provail)
[1.712s] Level 1:colcon.colcon_core.environment:checking '/home/hello-robot/provail_ws/src/stretch_web_teleop_provail/install/stretch_web_teleop_provail' for CMake module files
[1.713s] Level 1:colcon.colcon_core.environment:checking '/home/hello-robot/provail_ws/src/stretch_web_teleop_provail/install/stretch_web_teleop_provail' for CMake config files
[1.714s] Level 1:colcon.colcon_core.shell:create_environment_hook('stretch_web_teleop_provail', 'cmake_prefix_path')
[1.714s] INFO:colcon.colcon_core.shell:Creating environment hook '/home/hello-robot/provail_ws/src/stretch_web_teleop_provail/install/stretch_web_teleop_provail/share/stretch_web_teleop_provail/hook/cmake_prefix_path.ps1'
[1.715s] INFO:colcon.colcon_core.shell:Creating environment descriptor '/home/hello-robot/provail_ws/src/stretch_web_teleop_provail/install/stretch_web_teleop_provail/share/stretch_web_teleop_provail/hook/cmake_prefix_path.dsv'
[1.716s] INFO:colcon.colcon_core.shell:Creating environment hook '/home/hello-robot/provail_ws/src/stretch_web_teleop_provail/install/stretch_web_teleop_provail/share/stretch_web_teleop_provail/hook/cmake_prefix_path.sh'
[1.717s] Level 1:colcon.colcon_core.environment:checking '/home/hello-robot/provail_ws/src/stretch_web_teleop_provail/install/stretch_web_teleop_provail/lib'
[1.718s] Level 1:colcon.colcon_core.shell:create_environment_hook('stretch_web_teleop_provail', 'ld_library_path_lib')
[1.718s] INFO:colcon.colcon_core.shell:Creating environment hook '/home/hello-robot/provail_ws/src/stretch_web_teleop_provail/install/stretch_web_teleop_provail/share/stretch_web_teleop_provail/hook/ld_library_path_lib.ps1'
[1.719s] INFO:colcon.colcon_core.shell:Creating environment descriptor '/home/hello-robot/provail_ws/src/stretch_web_teleop_provail/install/stretch_web_teleop_provail/share/stretch_web_teleop_provail/hook/ld_library_path_lib.dsv'
[1.719s] INFO:colcon.colcon_core.shell:Creating environment hook '/home/hello-robot/provail_ws/src/stretch_web_teleop_provail/install/stretch_web_teleop_provail/share/stretch_web_teleop_provail/hook/ld_library_path_lib.sh'
[1.720s] Level 1:colcon.colcon_core.environment:checking '/home/hello-robot/provail_ws/src/stretch_web_teleop_provail/install/stretch_web_teleop_provail/bin'
[1.720s] Level 1:colcon.colcon_core.environment:checking '/home/hello-robot/provail_ws/src/stretch_web_teleop_provail/install/stretch_web_teleop_provail/lib/pkgconfig/stretch_web_teleop_provail.pc'
[1.721s] Level 1:colcon.colcon_core.environment:checking '/home/hello-robot/provail_ws/src/stretch_web_teleop_provail/install/stretch_web_teleop_provail/lib/python3.10/site-packages'
[1.721s] Level 1:colcon.colcon_core.environment:checking '/home/hello-robot/provail_ws/src/stretch_web_teleop_provail/install/stretch_web_teleop_provail/bin'
[1.722s] INFO:colcon.colcon_core.shell:Creating package script '/home/hello-robot/provail_ws/src/stretch_web_teleop_provail/install/stretch_web_teleop_provail/share/stretch_web_teleop_provail/package.ps1'
[1.724s] INFO:colcon.colcon_core.shell:Creating package descriptor '/home/hello-robot/provail_ws/src/stretch_web_teleop_provail/install/stretch_web_teleop_provail/share/stretch_web_teleop_provail/package.dsv'
[1.725s] INFO:colcon.colcon_core.shell:Creating package script '/home/hello-robot/provail_ws/src/stretch_web_teleop_provail/install/stretch_web_teleop_provail/share/stretch_web_teleop_provail/package.sh'
[1.727s] INFO:colcon.colcon_core.shell:Creating package script '/home/hello-robot/provail_ws/src/stretch_web_teleop_provail/install/stretch_web_teleop_provail/share/stretch_web_teleop_provail/package.bash'
[1.728s] INFO:colcon.colcon_core.shell:Creating package script '/home/hello-robot/provail_ws/src/stretch_web_teleop_provail/install/stretch_web_teleop_provail/share/stretch_web_teleop_provail/package.zsh'
[1.730s] Level 1:colcon.colcon_core.environment:create_file_with_runtime_dependencies(/home/hello-robot/provail_ws/src/stretch_web_teleop_provail/install/stretch_web_teleop_provail/share/colcon-core/packages/stretch_web_teleop_provail)
[1.740s] DEBUG:colcon.colcon_parallel_executor.executor.parallel:run_until_complete finished
[1.740s] DEBUG:colcon.colcon_parallel_executor.executor.parallel:closing loop
[1.740s] DEBUG:colcon.colcon_parallel_executor.executor.parallel:loop closed
[1.740s] DEBUG:colcon.colcon_core.event_reactor:joining thread
[1.741s] DEBUG:colcon.colcon_core.event_reactor:joined thread
[1.741s] INFO:colcon.colcon_core.shell:Creating prefix script '/home/hello-robot/provail_ws/src/stretch_web_teleop_provail/install/local_setup.ps1'
[1.743s] INFO:colcon.colcon_core.shell:Creating prefix util module '/home/hello-robot/provail_ws/src/stretch_web_teleop_provail/install/_local_setup_util_ps1.py'
[1.745s] INFO:colcon.colcon_core.shell:Creating prefix chain script '/home/hello-robot/provail_ws/src/stretch_web_teleop_provail/install/setup.ps1'
[1.750s] INFO:colcon.colcon_core.shell:Creating prefix script '/home/hello-robot/provail_ws/src/stretch_web_teleop_provail/install/local_setup.sh'
[1.750s] INFO:colcon.colcon_core.shell:Creating prefix util module '/home/hello-robot/provail_ws/src/stretch_web_teleop_provail/install/_local_setup_util_sh.py'
[1.751s] INFO:colcon.colcon_core.shell:Creating prefix chain script '/home/hello-robot/provail_ws/src/stretch_web_teleop_provail/install/setup.sh'
[1.755s] INFO:colcon.colcon_core.shell:Creating prefix script '/home/hello-robot/provail_ws/src/stretch_web_teleop_provail/install/local_setup.bash'
[1.756s] INFO:colcon.colcon_core.shell:Creating prefix chain script '/home/hello-robot/provail_ws/src/stretch_web_teleop_provail/install/setup.bash'
[1.760s] INFO:colcon.colcon_core.shell:Creating prefix script '/home/hello-robot/provail_ws/src/stretch_web_teleop_provail/install/local_setup.zsh'
[1.761s] INFO:colcon.colcon_core.shell:Creating prefix chain script '/home/hello-robot/provail_ws/src/stretch_web_teleop_provail/install/setup.zsh'
