[  2%] Built target stretch_web_teleop_provail__cpp
[  2%] Built target ament_cmake_python_copy_stretch_web_teleop_provail_helpers
[  2%] Built target ament_cmake_python_copy_stretch_web_teleop_provail
[ 12%] Built target stretch_web_teleop_provail__rosidl_generator_c
[ 23%] Built target stretch_web_teleop_provail__rosidl_typesupport_cpp
[ 33%] Built target stretch_web_teleop_provail__rosidl_typesupport_fastrtps_cpp
[ 43%] Built target stretch_web_teleop_provail__rosidl_typesupport_introspection_cpp
[ 53%] Built target stretch_web_teleop_provail__rosidl_typesupport_introspection_c
[ 64%] Built target stretch_web_teleop_provail__rosidl_typesupport_fastrtps_c
[ 74%] Built target stretch_web_teleop_provail__rosidl_typesupport_c
[ 74%] Built target stretch_web_teleop_provail
[ 76%] Built target stretch_web_teleop_provail__py
[ 84%] Built target stretch_web_teleop_provail__rosidl_generator_py
[ 89%] Built target stretch_web_teleop_provail__rosidl_typesupport_introspection_c__pyext
[ 94%] Built target stretch_web_teleop_provail__rosidl_typesupport_fastrtps_c__pyext
[100%] Built target stretch_web_teleop_provail__rosidl_typesupport_c__pyext
Traceback (most recent call last):
Traceback (most recent call last):
  File "/home/hello-robot/provail_ws/src/stretch_web_teleop_provail/build/stretch_web_teleop_provail/ament_cmake_python/stretch_web_teleop_provail_helpers/setup.py", line 1, in <module>
  File "/home/hello-robot/provail_ws/src/stretch_web_teleop_provail/build/stretch_web_teleop_provail/ament_cmake_python/stretch_web_teleop_provail/setup.py", line 1, in <module>
    from setuptools import find_packages
  File "/home/hello-robot/.local/lib/python3.10/site-packages/setuptools/__init__.py", line 16, in <module>
    from setuptools import find_packages
  File "/home/hello-robot/.local/lib/python3.10/site-packages/setuptools/__init__.py", line 16, in <module>
    import setuptools.version
  File "/home/hello-robot/.local/lib/python3.10/site-packages/setuptools/version.py", line 1, in <module>
    import pkg_resources
  File "/home/hello-robot/.local/lib/python3.10/site-packages/pkg_resources/__init__.py", line 3267, in <module>
    import setuptools.version
  File "/home/hello-robot/.local/lib/python3.10/site-packages/setuptools/version.py", line 1, in <module>
    import pkg_resources
  File "/home/hello-robot/.local/lib/python3.10/site-packages/pkg_resources/__init__.py", line 3267, in <module>
    def _initialize_master_working_set():
  File "/home/hello-robot/.local/lib/python3.10/site-packages/pkg_resources/__init__.py", line 3241, in _call_aside
    def _initialize_master_working_set():
  File "/home/hello-robot/.local/lib/python3.10/site-packages/pkg_resources/__init__.py", line 3241, in _call_aside
    f(*args, **kwargs)
  File "/home/hello-robot/.local/lib/python3.10/site-packages/pkg_resources/__init__.py", line 3279, in _initialize_master_working_set
    f(*args, **kwargs)
  File "/home/hello-robot/.local/lib/python3.10/site-packages/pkg_resources/__init__.py", line 3279, in _initialize_master_working_set
    working_set = WorkingSet._build_master()
  File "/home/hello-robot/.local/lib/python3.10/site-packages/pkg_resources/__init__.py", line 564, in _build_master
    working_set = WorkingSet._build_master()
  File "/home/hello-robot/.local/lib/python3.10/site-packages/pkg_resources/__init__.py", line 564, in _build_master
    ws = cls()
  File "/home/hello-robot/.local/lib/python3.10/site-packages/pkg_resources/__init__.py", line 557, in __init__
    ws = cls()
  File "/home/hello-robot/.local/lib/python3.10/site-packages/pkg_resources/__init__.py", line 557, in __init__
    self.add_entry(entry)
  File "/home/hello-robot/.local/lib/python3.10/site-packages/pkg_resources/__init__.py", line 613, in add_entry
    self.add_entry(entry)
  File "/home/hello-robot/.local/lib/python3.10/site-packages/pkg_resources/__init__.py", line 613, in add_entry
    for dist in find_distributions(entry, True):
  File "/home/hello-robot/.local/lib/python3.10/site-packages/pkg_resources/__init__.py", line 2077, in find_on_path
    for dist in find_distributions(entry, True):
  File "/home/hello-robot/.local/lib/python3.10/site-packages/pkg_resources/__init__.py", line 2077, in find_on_path
    for dist in factory(fullpath):
  File "/home/hello-robot/.local/lib/python3.10/site-packages/pkg_resources/__init__.py", line 2141, in distributions_from_metadata
    for dist in factory(fullpath):
  File "/home/hello-robot/.local/lib/python3.10/site-packages/pkg_resources/__init__.py", line 2142, in distributions_from_metadata
    entry = os.path.basename(path)
  File "/usr/lib/python3.10/posixpath.py", line 140, in basename
    def basename(p):
KeyboardInterrupt
    yield Distribution.from_location(
  File "/home/hello-robot/.local/lib/python3.10/site-packages/pkg_resources/__init__.py", line 2603, in from_location
    return cls(
  File "/home/hello-robot/.local/lib/python3.10/site-packages/pkg_resources/__init__.py", line 2584, in __init__
    self._version = safe_version(version)
  File "/home/hello-robot/.local/lib/python3.10/site-packages/pkg_resources/__init__.py", line 1323, in safe_version
    return str(packaging.version.Version(version))
  File "/home/hello-robot/.local/lib/python3.10/site-packages/pkg_resources/_vendor/packaging/version.py", line 301, in __str__
    parts.append(".".join(str(x) for x in self.release))
  File "/home/hello-robot/.local/lib/python3.10/site-packages/pkg_resources/_vendor/packaging/version.py", line 301, in <genexpr>
    parts.append(".".join(str(x) for x in self.release))
KeyboardInterrupt
gmake[2]: *** [CMakeFiles/ament_cmake_python_build_stretch_web_teleop_provail_helpers_egg.dir/build.make:70: CMakeFiles/ament_cmake_python_build_stretch_web_teleop_provail_helpers_egg] Interrupt
gmake[1]: *** [CMakeFiles/Makefile2:619: CMakeFiles/ament_cmake_python_build_stretch_web_teleop_provail_helpers_egg.dir/all] Interrupt
gmake[2]: *** [CMakeFiles/ament_cmake_python_build_stretch_web_teleop_provail_egg.dir/build.make:70: CMakeFiles/ament_cmake_python_build_stretch_web_teleop_provail_egg] Interrupt
gmake[1]: *** [CMakeFiles/Makefile2:450: CMakeFiles/ament_cmake_python_build_stretch_web_teleop_provail_egg.dir/all] Interrupt
gmake: *** [Makefile:146: all] Interrupt
Traceback (most recent call last):
  File "/usr/local/bin/cmake", line 8, in <module>
    sys.exit(cmake())
  File "/usr/local/lib/python3.10/dist-packages/cmake/__init__.py", line 43, in cmake
    raise SystemExit(_program('cmake', sys.argv[1:]))
  File "/usr/local/lib/python3.10/dist-packages/cmake/__init__.py", line 39, in _program
    return subprocess.call([os.path.join(CMAKE_BIN_DIR, name)] + args, close_fds=False)
  File "/usr/lib/python3.10/subprocess.py", line 347, in call
    return p.wait(timeout=timeout)
  File "/usr/lib/python3.10/subprocess.py", line 1209, in wait
    return self._wait(timeout=timeout)
  File "/usr/lib/python3.10/subprocess.py", line 1959, in _wait
    (pid, sts) = self._try_wait(0)
  File "/usr/lib/python3.10/subprocess.py", line 1917, in _try_wait
    (pid, sts) = os.waitpid(self.pid, wait_flags)
KeyboardInterrupt
