[0.027s] Invoking command in '/home/hello-robot/provail_ws/src/stretch_web_teleop_provail/build/stretch_web_teleop_provail': CMAKE_PREFIX_PATH=${CMAKE_PREFIX_PATH}:/home/hello-robot/ament_ws/install/tf2_web_republisher_py:/home/hello-robot/ament_ws/install/stretch_simulation:/home/hello-robot/ament_ws/install/stretch_ros_tutorials:/home/hello-robot/ament_ws/install/stretch_funmap:/home/hello-robot/ament_ws/install/stretch_calibration:/home/hello-robot/ament_ws/install/stretch_demos:/home/hello-robot/ament_ws/install/stretch_deep_perception:/home/hello-robot/ament_ws/install/stretch_core:/home/hello-robot/ament_ws/install/respeaker_ros2:/home/hello-robot/ament_ws/install/hello_helpers:/opt/ros/humble /usr/local/bin/cmake --build /home/hello-robot/provail_ws/src/stretch_web_teleop_provail/build/stretch_web_teleop_provail -- -j8 -l8
[0.136s] [  2%] Built target stretch_web_teleop_provail__cpp
[0.146s] [  2%] Built target ament_cmake_python_copy_stretch_web_teleop_provail_helpers
[0.157s] [  2%] Built target ament_cmake_python_copy_stretch_web_teleop_provail
[0.160s] [ 12%] Built target stretch_web_teleop_provail__rosidl_generator_c
[0.205s] [ 23%] Built target stretch_web_teleop_provail__rosidl_typesupport_cpp
[0.205s] [ 33%] Built target stretch_web_teleop_provail__rosidl_typesupport_fastrtps_cpp
[0.212s] [ 43%] Built target stretch_web_teleop_provail__rosidl_typesupport_introspection_cpp
[0.227s] [ 53%] Built target stretch_web_teleop_provail__rosidl_typesupport_introspection_c
[0.229s] [ 64%] Built target stretch_web_teleop_provail__rosidl_typesupport_fastrtps_c
[0.232s] [ 74%] Built target stretch_web_teleop_provail__rosidl_typesupport_c
[0.264s] [ 74%] Built target stretch_web_teleop_provail
[0.288s] [ 76%] Built target stretch_web_teleop_provail__py
[0.318s] [ 84%] Built target stretch_web_teleop_provail__rosidl_generator_py
[0.353s] [ 89%] Built target stretch_web_teleop_provail__rosidl_typesupport_introspection_c__pyext
[0.355s] [ 94%] Built target stretch_web_teleop_provail__rosidl_typesupport_fastrtps_c__pyext
[0.358s] [100%] Built target stretch_web_teleop_provail__rosidl_typesupport_c__pyext
[0.603s] Traceback (most recent call last):
[0.603s] Traceback (most recent call last):
[0.603s]   File "/home/hello-robot/provail_ws/src/stretch_web_teleop_provail/build/stretch_web_teleop_provail/ament_cmake_python/stretch_web_teleop_provail_helpers/setup.py", line 1, in <module>
[0.603s]   File "/home/hello-robot/provail_ws/src/stretch_web_teleop_provail/build/stretch_web_teleop_provail/ament_cmake_python/stretch_web_teleop_provail/setup.py", line 1, in <module>
[0.604s]     from setuptools import find_packages
[0.604s]   File "/home/hello-robot/.local/lib/python3.10/site-packages/setuptools/__init__.py", line 16, in <module>
[0.604s]     from setuptools import find_packages
[0.604s]   File "/home/hello-robot/.local/lib/python3.10/site-packages/setuptools/__init__.py", line 16, in <module>
[0.610s]     import setuptools.version
[0.610s]   File "/home/hello-robot/.local/lib/python3.10/site-packages/setuptools/version.py", line 1, in <module>
[0.610s]     import pkg_resources
[0.611s]   File "/home/hello-robot/.local/lib/python3.10/site-packages/pkg_resources/__init__.py", line 3267, in <module>
[0.611s]     import setuptools.version
[0.612s]   File "/home/hello-robot/.local/lib/python3.10/site-packages/setuptools/version.py", line 1, in <module>
[0.612s]     import pkg_resources
[0.613s]   File "/home/hello-robot/.local/lib/python3.10/site-packages/pkg_resources/__init__.py", line 3267, in <module>
[0.613s]     def _initialize_master_working_set():
[0.613s]   File "/home/hello-robot/.local/lib/python3.10/site-packages/pkg_resources/__init__.py", line 3241, in _call_aside
[0.614s]     def _initialize_master_working_set():
[0.614s]   File "/home/hello-robot/.local/lib/python3.10/site-packages/pkg_resources/__init__.py", line 3241, in _call_aside
[0.614s]     f(*args, **kwargs)
[0.614s]   File "/home/hello-robot/.local/lib/python3.10/site-packages/pkg_resources/__init__.py", line 3279, in _initialize_master_working_set
[0.614s]     f(*args, **kwargs)
[0.614s]   File "/home/hello-robot/.local/lib/python3.10/site-packages/pkg_resources/__init__.py", line 3279, in _initialize_master_working_set
[0.614s]     working_set = WorkingSet._build_master()
[0.615s]   File "/home/hello-robot/.local/lib/python3.10/site-packages/pkg_resources/__init__.py", line 564, in _build_master
[0.615s]     working_set = WorkingSet._build_master()
[0.615s]   File "/home/hello-robot/.local/lib/python3.10/site-packages/pkg_resources/__init__.py", line 564, in _build_master
[0.615s]     ws = cls()
[0.615s]   File "/home/hello-robot/.local/lib/python3.10/site-packages/pkg_resources/__init__.py", line 557, in __init__
[0.615s]     ws = cls()
[0.615s]   File "/home/hello-robot/.local/lib/python3.10/site-packages/pkg_resources/__init__.py", line 557, in __init__
[0.615s]     self.add_entry(entry)
[0.615s]   File "/home/hello-robot/.local/lib/python3.10/site-packages/pkg_resources/__init__.py", line 613, in add_entry
[0.616s]     self.add_entry(entry)
[0.617s]   File "/home/hello-robot/.local/lib/python3.10/site-packages/pkg_resources/__init__.py", line 613, in add_entry
[0.617s]     for dist in find_distributions(entry, True):
[0.618s]   File "/home/hello-robot/.local/lib/python3.10/site-packages/pkg_resources/__init__.py", line 2077, in find_on_path
[0.619s]     for dist in find_distributions(entry, True):
[0.619s]   File "/home/hello-robot/.local/lib/python3.10/site-packages/pkg_resources/__init__.py", line 2077, in find_on_path
[0.619s]     for dist in factory(fullpath):
[0.619s]   File "/home/hello-robot/.local/lib/python3.10/site-packages/pkg_resources/__init__.py", line 2141, in distributions_from_metadata
[0.619s]     for dist in factory(fullpath):
[0.619s]   File "/home/hello-robot/.local/lib/python3.10/site-packages/pkg_resources/__init__.py", line 2142, in distributions_from_metadata
[0.619s]     entry = os.path.basename(path)
[0.619s]   File "/usr/lib/python3.10/posixpath.py", line 140, in basename
[0.619s]     def basename(p):
[0.619s] KeyboardInterrupt
[0.620s]     yield Distribution.from_location(
[0.620s]   File "/home/hello-robot/.local/lib/python3.10/site-packages/pkg_resources/__init__.py", line 2603, in from_location
[0.620s]     return cls(
[0.620s]   File "/home/hello-robot/.local/lib/python3.10/site-packages/pkg_resources/__init__.py", line 2584, in __init__
[0.620s]     self._version = safe_version(version)
[0.620s]   File "/home/hello-robot/.local/lib/python3.10/site-packages/pkg_resources/__init__.py", line 1323, in safe_version
[0.620s]     return str(packaging.version.Version(version))
[0.620s]   File "/home/hello-robot/.local/lib/python3.10/site-packages/pkg_resources/_vendor/packaging/version.py", line 301, in __str__
[0.620s]     parts.append(".".join(str(x) for x in self.release))
[0.622s]   File "/home/hello-robot/.local/lib/python3.10/site-packages/pkg_resources/_vendor/packaging/version.py", line 301, in <genexpr>
[0.625s]     parts.append(".".join(str(x) for x in self.release))
[0.625s] KeyboardInterrupt
[0.642s] gmake[2]: *** [CMakeFiles/ament_cmake_python_build_stretch_web_teleop_provail_helpers_egg.dir/build.make:70: CMakeFiles/ament_cmake_python_build_stretch_web_teleop_provail_helpers_egg] Interrupt
[0.642s] gmake[1]: *** [CMakeFiles/Makefile2:619: CMakeFiles/ament_cmake_python_build_stretch_web_teleop_provail_helpers_egg.dir/all] Interrupt
[0.643s] gmake[2]: *** [CMakeFiles/ament_cmake_python_build_stretch_web_teleop_provail_egg.dir/build.make:70: CMakeFiles/ament_cmake_python_build_stretch_web_teleop_provail_egg] Interrupt
[0.643s] gmake[1]: *** [CMakeFiles/Makefile2:450: CMakeFiles/ament_cmake_python_build_stretch_web_teleop_provail_egg.dir/all] Interrupt
[0.644s] gmake: *** [Makefile:146: all] Interrupt
[0.669s] Traceback (most recent call last):
[0.669s]   File "/usr/local/bin/cmake", line 8, in <module>
[0.669s]     sys.exit(cmake())
[0.670s]   File "/usr/local/lib/python3.10/dist-packages/cmake/__init__.py", line 43, in cmake
[0.670s]     raise SystemExit(_program('cmake', sys.argv[1:]))
[0.670s]   File "/usr/local/lib/python3.10/dist-packages/cmake/__init__.py", line 39, in _program
[0.670s]     return subprocess.call([os.path.join(CMAKE_BIN_DIR, name)] + args, close_fds=False)
[0.670s]   File "/usr/lib/python3.10/subprocess.py", line 347, in call
[0.670s]     return p.wait(timeout=timeout)
[0.670s]   File "/usr/lib/python3.10/subprocess.py", line 1209, in wait
[0.671s]     return self._wait(timeout=timeout)
[0.671s]   File "/usr/lib/python3.10/subprocess.py", line 1959, in _wait
[0.671s]     (pid, sts) = self._try_wait(0)
[0.671s]   File "/usr/lib/python3.10/subprocess.py", line 1917, in _try_wait
[0.671s]     (pid, sts) = os.waitpid(self.pid, wait_flags)
[0.671s] KeyboardInterrupt
[0.678s] Invoked command in '/home/hello-robot/provail_ws/src/stretch_web_teleop_provail/build/stretch_web_teleop_provail' returned '-2': CMAKE_PREFIX_PATH=${CMAKE_PREFIX_PATH}:/home/hello-robot/ament_ws/install/tf2_web_republisher_py:/home/hello-robot/ament_ws/install/stretch_simulation:/home/hello-robot/ament_ws/install/stretch_ros_tutorials:/home/hello-robot/ament_ws/install/stretch_funmap:/home/hello-robot/ament_ws/install/stretch_calibration:/home/hello-robot/ament_ws/install/stretch_demos:/home/hello-robot/ament_ws/install/stretch_deep_perception:/home/hello-robot/ament_ws/install/stretch_core:/home/hello-robot/ament_ws/install/respeaker_ros2:/home/hello-robot/ament_ws/install/hello_helpers:/opt/ros/humble /usr/local/bin/cmake --build /home/hello-robot/provail_ws/src/stretch_web_teleop_provail/build/stretch_web_teleop_provail -- -j8 -l8
